../Core/Src/main.c:53:6:HAL_TIM_PeriodElapsedCallback	16	static
../Core/Src/main.c:74:5:main	24	static
../Core/Src/main.c:150:6:SystemClock_Config	88	static
../Core/Src/main.c:198:13:MX_ADC1_Init	24	static
../Core/Src/main.c:250:13:MX_ADC2_Init	24	static
../Core/Src/main.c:302:13:MX_ADC3_Init	24	static
../Core/Src/main.c:354:13:MX_TIM2_Init	64	static
../Core/Src/main.c:425:13:MX_TIM10_Init	8	static
../Core/Src/main.c:456:13:MX_TIM11_Init	8	static
../Core/Src/main.c:487:13:MX_TIM12_Init	56	static
../Core/Src/main.c:539:13:MX_TIM13_Init	8	static
../Core/Src/main.c:570:13:MX_TIM14_Init	8	static
../Core/Src/main.c:601:13:MX_USART2_UART_Init	8	static
../Core/Src/main.c:634:13:MX_GPIO_Init	48	static
../Core/Src/main.c:674:6:Error_Handler	4	static,ignoring_inline_asm
