Archive member included to satisfy reference by file (symbol)

../Middlewares/ST/AI/Lib\NetworkRuntime800_CM4_GCC.a(ai_platform.o)
                              ./X-CUBE-AI/App/network.o (ai_buffer_array_item_set_address)
../Middlewares/ST/AI/Lib\NetworkRuntime800_CM4_GCC.a(ai_platform_interface.o)
                              ./X-CUBE-AI/App/network.o (ai_platform_get_weights_map)
../Middlewares/ST/AI/Lib\NetworkRuntime800_CM4_GCC.a(core_mem_manager.o)
                              ../Middlewares/ST/AI/Lib\NetworkRuntime800_CM4_GCC.a(ai_platform_interface.o) (core_mem_alloc)
../Middlewares/ST/AI/Lib\NetworkRuntime800_CM4_GCC.a(core_common.o)
                              ../Middlewares/ST/AI/Lib\NetworkRuntime800_CM4_GCC.a(ai_platform_interface.o) (core_init)
../Middlewares/ST/AI/Lib\NetworkRuntime800_CM4_GCC.a(layers_conv2d_generic_float.o)
                              ./X-CUBE-AI/App/network.o (forward_dense)
../Middlewares/ST/AI/Lib\NetworkRuntime800_CM4_GCC.a(layers_nl_generic_float.o)
                              ./X-CUBE-AI/App/network.o (forward_sigmoid)
../Middlewares/ST/AI/Lib\NetworkRuntime800_CM4_GCC.a(layers.o)
                              ../Middlewares/ST/AI/Lib\NetworkRuntime800_CM4_GCC.a(ai_platform_interface.o) (ai_check_custom_types)
../Middlewares/ST/AI/Lib\NetworkRuntime800_CM4_GCC.a(lite_dense_if32.o)
                              ../Middlewares/ST/AI/Lib\NetworkRuntime800_CM4_GCC.a(layers_conv2d_generic_float.o) (lite_dense_if32of32wf32)
../Middlewares/ST/AI/Lib\NetworkRuntime800_CM4_GCC.a(ai_math_helpers.o)
                              ../Middlewares/ST/AI/Lib\NetworkRuntime800_CM4_GCC.a(layers_nl_generic_float.o) (ai_math_sqrt)
../Middlewares/ST/AI/Lib\NetworkRuntime800_CM4_GCC.a(st_convolve_reference.o)
                              ../Middlewares/ST/AI/Lib\NetworkRuntime800_CM4_GCC.a(ai_math_helpers.o) (align_factor)
../Middlewares/ST/AI/Lib\NetworkRuntime800_CM4_GCC.a(arm_mat_init_f32.o)
                              ../Middlewares/ST/AI/Lib\NetworkRuntime800_CM4_GCC.a(layers_conv2d_generic_float.o) (arm_mat_init_f32)
../Middlewares/ST/AI/Lib\NetworkRuntime800_CM4_GCC.a(ai_datatypes_internal.o)
                              ../Middlewares/ST/AI/Lib\NetworkRuntime800_CM4_GCC.a(ai_platform_interface.o) (ai_version_get)
../Middlewares/ST/AI/Lib\NetworkRuntime800_CM4_GCC.a(ai_datatypes_format.o)
                              ../Middlewares/ST/AI/Lib\NetworkRuntime800_CM4_GCC.a(ai_platform_interface.o) (ai_array_to_buffer_fmt)
../Middlewares/ST/AI/Lib\NetworkRuntime800_CM4_GCC.a(layers_conv2d_stm32_integer.o)
                              ../Middlewares/ST/AI/Lib\NetworkRuntime800_CM4_GCC.a(layers.o) (get_conv2d_scratch_size)
../Middlewares/ST/AI/Lib\NetworkRuntime800_CM4_GCC.a(st_ssua8_convolve_dw.o)
                              ../Middlewares/ST/AI/Lib\NetworkRuntime800_CM4_GCC.a(layers_conv2d_stm32_integer.o) (st_ssua8_conv_dw_Wadapt)
../Middlewares/ST/AI/Lib\NetworkRuntime800_CM4_GCC.a(st_uaua8_ch_convolve.o)
                              ../Middlewares/ST/AI/Lib\NetworkRuntime800_CM4_GCC.a(layers_conv2d_stm32_integer.o) (st_uaua8_ch_convolve_rank1upd)
../Middlewares/ST/AI/Lib\NetworkRuntime800_CM4_GCC.a(st_ssua8_ch_convolve.o)
                              ../Middlewares/ST/AI/Lib\NetworkRuntime800_CM4_GCC.a(layers_conv2d_stm32_integer.o) (st_ssua8_ch_convolve_rank1upd)
../Middlewares/ST/AI/Lib\NetworkRuntime800_CM4_GCC.a(st_uaua8_convolve.o)
                              ../Middlewares/ST/AI/Lib\NetworkRuntime800_CM4_GCC.a(layers_conv2d_stm32_integer.o) (st_uaua8_convolve_rank1upd)
../Middlewares/ST/AI/Lib\NetworkRuntime800_CM4_GCC.a(st_ssua8_convolve.o)
                              ../Middlewares/ST/AI/Lib\NetworkRuntime800_CM4_GCC.a(layers_conv2d_stm32_integer.o) (st_ssua8_convolve_rank1upd)
../Middlewares/ST/AI/Lib\NetworkRuntime800_CM4_GCC.a(st_uaua8_ch_convolve_rgb.o)
                              ../Middlewares/ST/AI/Lib\NetworkRuntime800_CM4_GCC.a(layers_conv2d_stm32_integer.o) (st_uaua8_ch_convolve_rgb)
../Middlewares/ST/AI/Lib\NetworkRuntime800_CM4_GCC.a(st_uaua8_ch_convolve_dw.o)
                              ../Middlewares/ST/AI/Lib\NetworkRuntime800_CM4_GCC.a(layers_conv2d_stm32_integer.o) (st_uaua8_ch_conv_dw_Wadapt)
../Middlewares/ST/AI/Lib\NetworkRuntime800_CM4_GCC.a(st_ssua8_ch_convolve_rgb.o)
                              ../Middlewares/ST/AI/Lib\NetworkRuntime800_CM4_GCC.a(layers_conv2d_stm32_integer.o) (st_ssua8_ch_convolve_rgb)
../Middlewares/ST/AI/Lib\NetworkRuntime800_CM4_GCC.a(st_uaua8_convolve_rgb.o)
                              ../Middlewares/ST/AI/Lib\NetworkRuntime800_CM4_GCC.a(layers_conv2d_stm32_integer.o) (st_uaua8_convolve_rgb)
../Middlewares/ST/AI/Lib\NetworkRuntime800_CM4_GCC.a(st_ssua8_convolve_rgb.o)
                              ../Middlewares/ST/AI/Lib\NetworkRuntime800_CM4_GCC.a(layers_conv2d_stm32_integer.o) (st_ssua8_convolve_rgb)
../Middlewares/ST/AI/Lib\NetworkRuntime800_CM4_GCC.a(st_uaua8_ch_convolve_1x1.o)
[...]
Memory Configuration

Name             Origin             Length             Attributes
RAM              0x0000000020000000 0x0000000000020000 xrw
FLASH            0x0000000008000000 0x0000000000080000 xr
*default*        0x0000000000000000 0xffffffffffffffff

Linker script and memory map

LOAD c:/st/stm32cubeide_1.11.2/stm32cubeide/plugins/com.st.stm32cube.ide.mcu.externaltools.gnu-tools-for-stm32.10.3-2021.10.win32_1.0.200.202301161003/tools/bin/../lib/gcc/arm-none-eabi/10.3.1/thumb/v7e-m+fp/hard/crti.o
LOAD c:/st/stm32cubeide_1.11.2/stm32cubeide/plugins/com.st.stm32cube.ide.mcu.externaltools.gnu-tools-for-stm32.10.3-2021.10.win32_1.0.200.202301161003/tools/bin/../lib/gcc/arm-none-eabi/10.3.1/thumb/v7e-m+fp/hard/crtbegin.o
LOAD c:/st/stm32cubeide_1.11.2/stm32cubeide/plugins/com.st.stm32cube.ide.mcu.externaltools.gnu-tools-for-stm32.10.3-2021.10.win32_1.0.200.202301161003/tools/bin/../lib/gcc/arm-none-eabi/10.3.1/../../../../arm-none-eabi/lib/thumb/v7e-m+fp/hard/crt0.o
LOAD ./Core/Src/crc.o
LOAD ./Core/Src/gpio.o
LOAD ./Core/Src/main.o
LOAD ./Core/Src/stm32f4xx_hal_msp.o
LOAD ./Core/Src/stm32f4xx_it.o
LOAD ./Core/Src/sysmem.o
LOAD ./Core/Src/system_stm32f4xx.o
LOAD ./Core/Src/usart.o
LOAD ./Core/Startup/startup_stm32f446retx.o
LOAD ./Drivers/STM32F4xx_HAL_Driver/stm32f4xx_hal.o
LOAD ./Drivers/STM32F4xx_HAL_Driver/stm32f4xx_hal_cortex.o
LOAD ./Drivers/STM32F4xx_HAL_Driver/stm32f4xx_hal_crc.o
LOAD ./Drivers/STM32F4xx_HAL_Driver/stm32f4xx_hal_dma.o
LOAD ./Drivers/STM32F4xx_HAL_Driver/stm32f4xx_hal_dma_ex.o
LOAD ./Drivers/STM32F4xx_HAL_Driver/stm32f4xx_hal_exti.o
LOAD ./Drivers/STM32F4xx_HAL_Driver/stm32f4xx_hal_flash.o
LOAD ./Drivers/STM32F4xx_HAL_Driver/stm32f4xx_hal_flash_ex.o
LOAD ./Drivers/STM32F4xx_HAL_Driver/stm32f4xx_hal_flash_ramfunc.o
LOAD ./Drivers/STM32F4xx_HAL_Driver/stm32f4xx_hal_gpio.o
LOAD ./Drivers/STM32F4xx_HAL_Driver/stm32f4xx_hal_pwr.o
LOAD ./Drivers/STM32F4xx_HAL_Driver/stm32f4xx_hal_pwr_ex.o
LOAD ./Drivers/STM32F4xx_HAL_Driver/stm32f4xx_hal_rcc.o
LOAD ./Drivers/STM32F4xx_HAL_Driver/stm32f4xx_hal_rcc_ex.o
LOAD ./Drivers/STM32F4xx_HAL_Driver/stm32f4xx_hal_tim.o
LOAD ./Drivers/STM32F4xx_HAL_Driver/stm32f4xx_hal_tim_ex.o
LOAD ./Drivers/STM32F4xx_HAL_Driver/stm32f4xx_hal_uart.o
LOAD ./X-CUBE-AI/App/app_x-cube-ai.o
LOAD ./X-CUBE-AI/App/network.o
LOAD ./X-CUBE-AI/App/network_data.o
LOAD ./X-CUBE-AI/App/network_data_params.o
LOAD ../Middlewares/ST/AI/Lib\NetworkRuntime800_CM4_GCC.a
START GROUP
LOAD c:/st/stm32cubeide_1.11.2/stm32cubeide/plugins/com.st.stm32cube.ide.mcu.externaltools.gnu-tools-for-stm32.10.3-2021.10.win32_1.0.200.202301161003/tools/bin/../lib/gcc/arm-none-eabi/10.3.1/../../../../arm-none-eabi/lib/thumb/v7e-m+fp/hard\libc_nano.a
LOAD c:/st/stm32cubeide_1.11.2/stm32cubeide/plugins/com.st.stm32cube.ide.mcu.externaltools.gnu-tools-for-stm32.10.3-2021.10.win32_1.0.200.202301161003/tools/bin/../lib/gcc/arm-none-eabi/10.3.1/../../../../arm-none-eabi/lib/thumb/v7e-m+fp/hard\libm.a
END GROUP
START GROUP
LOAD c:/st/stm32cubeide_1.11.2/stm32cubeide/plugins/com.st.stm32cube.ide.mcu.externaltools.gnu-tools-for-stm32.10.3-2021.10.win32_1.0.200.202301161003/tools/bin/../lib/gcc/arm-none-eabi/10.3.1/thumb/v7e-m+fp/hard\libgcc.a
LOAD c:/st/stm32cubeide_1.11.2/stm32cubeide/plugins/com.st.stm32cube.ide.mcu.externaltools.gnu-tools-for-stm32.10.3-2021.10.win32_1.0.200.202301161003/tools/bin/../lib/gcc/arm-none-eabi/10.3.1/../../../../arm-none-eabi/lib/thumb/v7e-m+fp/hard\libc_nano.a
END GROUP
START GROUP
LOAD c:/st/stm32cubeide_1.11.2/stm32cubeide/plugins/com.st.stm32cube.ide.mcu.externaltools.gnu-tools-for-stm32.10.3-2021.10.win32_1.0.200.202301161003/tools/bin/../lib/gcc/arm-none-eabi/10.3.1/thumb/v7e-m+fp/hard\libgcc.a
LOAD c:/st/stm32cubeide_1.11.2/stm32cubeide/plugins/com.st.stm32cube.ide.mcu.externaltools.gnu-tools-for-stm32.10.3-2021.10.win32_1.0.200.202301161003/tools/bin/../lib/gcc/arm-none-eabi/10.3.1/../../../../arm-none-eabi/lib/thumb/v7e-m+fp/hard\libc_nano.a
LOAD c:/st/stm32cubeide_1.11.2/stm32cubeide/plugins/com.st.stm32cube.ide.mcu.externaltools.gnu-tools-for-stm32.10.3-2021.10.win32_1.0.200.202301161003/tools/bin/../lib/gcc/arm-none-eabi/10.3.1/../../../../arm-none-eabi/lib/thumb/v7e-m+fp/hard\libnosys.a
END GROUP
START GROUP
LOAD c:/st/stm32cubeide_1.11.2/stm32cubeide/plugins/com.st.stm32cube.ide.mcu.externaltools.gnu-tools-for-stm32.10.3-2021.10.win32_1.0.200.202301161003/tools/bin/../lib/gcc/arm-none-eabi/10.3.1/thumb/v7e-m+fp/hard\libgcc.a
LOAD c:/st/stm32cubeide_1.11.2/stm32cubeide/plugins/com.st.stm32cube.ide.mcu.externaltools.gnu-tools-for-stm32.10.3-2021.10.win32_1.0.200.202301161003/tools/bin/../lib/gcc/arm-none-eabi/10.3.1/../../../../arm-none-eabi/lib/thumb/v7e-m+fp/hard\libc_nano.a
LOAD c:/st/stm32cubeide_1.11.2/stm32cubeide/plugins/com.st.stm32cube.ide.mcu.externaltools.gnu-tools-for-stm32.10.3-2021.10.win32_1.0.200.202301161003/tools/bin/../lib/gcc/arm-none-eabi/10.3.1/../../../../arm-none-eabi/lib/thumb/v7e-m+fp/hard\libnosys.a
END GROUP
LOAD c:/st/stm32cubeide_1.11.2/stm32cubeide/plugins/com.st.stm32cube.ide.mcu.externaltools.gnu-tools-for-stm32.10.3-2021.10.win32_1.0.200.202301161003/tools/bin/../lib/gcc/arm-none-eabi/10.3.1/thumb/v7e-m+fp/hard/crtend.o
LOAD c:/st/stm32cubeide_1.11.2/stm32cubeide/plugins/com.st.stm32cube.ide.mcu.externaltools.gnu-tools-for-stm32.10.3-2021.10.win32_1.0.200.202301161003/tools/bin/../lib/gcc/arm-none-eabi/10.3.1/thumb/v7e-m+fp/hard/crtn.o
                0x0000000020020000                _estack = (ORIGIN (RAM) + LENGTH (RAM))
                0x0000000000000800                _Min_Heap_Size = 0x800
                0x0000000000000800                _Min_Stack_Size = 0x800

.isr_vector     0x0000000008000000      0x1c4
                0x0000000008000000                . = ALIGN (0x4)
 *(.isr_vector)
 .isr_vector    0x0000000008000000      0x1c4 ./Core/Startup/startup_stm32f446retx.o
                0x0000000008000000                g_pfnVectors
                0x00000000080001c4                . = ALIGN (0x4)

.text           0x00000000080001c4     0x4588
                0x00000000080001c4                . = ALIGN (0x4)
 *(.text)
 .text          0x00000000080001c4       0x40 c:/st/stm32cubeide_1.11.2/stm32cubeide/plugins/com.st.stm32cube.ide.mcu.externaltools.gnu-tools-for-stm32.10.3-2021.10.win32_1.0.200.202301161003/tools/bin/../lib/gcc/arm-none-eabi/10.3.1/thumb/v7e-m+fp/hard/crtbegin.o
 .text          0x0000000008000204       0x30 c:/st/stm32cubeide_1.11.2/stm32cubeide/plugins/com.st.stm32cube.ide.mcu.externaltools.gnu-tools-for-stm32.10.3-2021.10.win32_1.0.200.202301161003/tools/bin/../lib/gcc/arm-none-eabi/10.3.1/thumb/v7e-m+fp/hard\libgcc.a(_aeabi_uldivmod.o)
                0x0000000008000204                __aeabi_uldivmod
 .text          0x0000000008000234      0x2d0 c:/st/stm32cubeide_1.11.2/stm32cubeide/plugins/com.st.stm32cube.ide.mcu.externaltools.gnu-tools-for-stm32.10.3-2021.10.win32_1.0.200.202301161003/tools/bin/../lib/gcc/arm-none-eabi/10.3.1/thumb/v7e-m+fp/hard\libgcc.a(_udivmoddi4.o)
                0x0000000008000234                __udivmoddi4
 .text          0x0000000008000504        0x4 c:/st/stm32cubeide_1.11.2/stm32cubeide/plugins/com.st.stm32cube.ide.mcu.externaltools.gnu-tools-for-stm32.10.3-2021.10.win32_1.0.200.202301161003/tools/bin/../lib/gcc/arm-none-eabi/10.3.1/thumb/v7e-m+fp/hard\libgcc.a(_dvmd_tls.o)
                0x0000000008000504                __aeabi_idiv0
                0x0000000008000504                __aeabi_ldiv0
 *(.text*)
 .text.MX_CRC_Init
                0x0000000008000508       0x28 ./Core/Src/crc.o
                0x0000000008000508                MX_CRC_Init
 .text.HAL_CRC_MspInit
                0x0000000008000530       0x44 ./Core/Src/crc.o
                0x0000000008000530                HAL_CRC_MspInit
 .text.MX_GPIO_Init
                0x0000000008000574       0xdc ./Core/Src/gpio.o
                0x0000000008000574                MX_GPIO_Init
 .text.Model_Init
                0x0000000008000650       0x58 ./Core/Src/main.o
                0x0000000008000650                Model_Init
 .text.Model_Run
                0x00000000080006a8       0x58 ./Core/Src/main.o
                0x00000000080006a8                Model_Run
 .text.main     0x0000000008000700       0xb0 ./Core/Src/main.o
                0x0000000008000700                main
 .text.SystemClock_Config
                0x00000000080007b0       0xe4 ./Core/Src/main.o
                0x00000000080007b0                SystemClock_Config
 .text.Error_Handler
                0x0000000008000894        0xa ./Core/Src/main.o
                0x0000000008000894                Error_Handler
 *fill*         0x000000000800089e        0x2 
 .text.HAL_MspInit
                0x00000000080008a0       0x50 ./Core/Src/stm32f4xx_hal_msp.o
                0x00000000080008a0                HAL_MspInit
 .text.NMI_Handler
                0x00000000080008f0        0x6 ./Core/Src/stm32f4xx_it.o
                0x00000000080008f0                NMI_Handler
 .text.HardFault_Handler
                0x00000000080008f6        0x6 ./Core/Src/stm32f4xx_it.o
                0x00000000080008f6                HardFault_Handler
 .text.MemManage_Handler
                0x00000000080008fc        0x6 ./Core/Src/stm32f4xx_it.o
                0x00000000080008fc                MemManage_Handler
 .text.BusFault_Handler
                0x0000000008000902        0x6 ./Core/Src/stm32f4xx_it.o
                0x0000000008000902                BusFault_Handler
 .text.UsageFault_Handler
                0x0000000008000908        0x6 ./Core/Src/stm32f4xx_it.o
                0x0000000008000908                UsageFault_Handler
 .text.SVC_Handler
                0x000000000800090e        0xe ./Core/Src/stm32f4xx_it.o
                0x000000000800090e                SVC_Handler
 .text.DebugMon_Handler
                0x000000000800091c        0xe ./Core/Src/stm32f4xx_it.o
                0x000000000800091c                DebugMon_Handler
 .text.PendSV_Handler
                0x000000000800092a        0xe ./Core/Src/stm32f4xx_it.o
                0x000000000800092a                PendSV_Handler
 .text.SysTick_Handler
                0x0000000008000938        0xc ./Core/Src/stm32f4xx_it.o
                0x0000000008000938                SysTick_Handler
 .text.SystemInit
                0x0000000008000944       0x24 ./Core/Src/system_stm32f4xx.o
                0x0000000008000944                SystemInit
 .text.MX_USART2_UART_Init
                0x0000000008000968       0x54 ./Core/Src/usart.o
                0x0000000008000968                MX_USART2_UART_Init
 .text.HAL_UART_MspInit
                0x00000000080009bc       0x90 ./Core/Src/usart.o
                0x00000000080009bc                HAL_UART_MspInit
 .text.Reset_Handler
                0x0000000008000a4c       0x50 ./Core/Startup/startup_stm32f446retx.o
                0x0000000008000a4c                Reset_Handler
 .text.Default_Handler
                0x0000000008000a9c        0x2 ./Core/Startup/startup_stm32f446retx.o
                0x0000000008000a9c                RTC_Alarm_IRQHandler
                0x0000000008000a9c                EXTI2_IRQHandler
                0x0000000008000a9c                TIM8_CC_IRQHandler
                0x0000000008000a9c                FMPI2C1_EV_IRQHandler
                0x0000000008000a9c                SPI4_IRQHandler
                0x0000000008000a9c                TIM1_CC_IRQHandler
                0x0000000008000a9c                DMA2_Stream5_IRQHandler
                0x0000000008000a9c                DMA1_Stream5_IRQHandler
                0x0000000008000a9c                PVD_IRQHandler
                0x0000000008000a9c                SDIO_IRQHandler
                0x0000000008000a9c                TAMP_STAMP_IRQHandler
                0x0000000008000a9c                CAN2_RX1_IRQHandler
                0x0000000008000a9c                EXTI3_IRQHandler
                0x0000000008000a9c                TIM8_TRG_COM_TIM14_IRQHandler
                0x0000000008000a9c                TIM1_UP_TIM10_IRQHandler
                0x0000000008000a9c                TIM8_UP_TIM13_IRQHandler
                0x0000000008000a9c                I2C3_ER_IRQHandler
                0x0000000008000a9c                EXTI0_IRQHandler
                0x0000000008000a9c                I2C2_EV_IRQHandler
                0x0000000008000a9c                DMA1_Stream2_IRQHandler
                0x0000000008000a9c                CAN1_RX0_IRQHandler
                0x0000000008000a9c                FPU_IRQHandler
                0x0000000008000a9c                OTG_HS_WKUP_IRQHandler
                0x0000000008000a9c                CAN2_SCE_IRQHandler
                0x0000000008000a9c                DMA2_Stream2_IRQHandler
                0x0000000008000a9c                SPI1_IRQHandler
                0x0000000008000a9c                TIM6_DAC_IRQHandler
                0x0000000008000a9c                TIM1_BRK_TIM9_IRQHandler
                0x0000000008000a9c                DCMI_IRQHandler
                0x0000000008000a9c                CAN2_RX0_IRQHandler
                0x0000000008000a9c                DMA2_Stream3_IRQHandler
                0x0000000008000a9c                SAI2_IRQHandler
                0x0000000008000a9c                USART6_IRQHandler
                0x0000000008000a9c                USART3_IRQHandler
                0x0000000008000a9c                CAN1_RX1_IRQHandler
                0x0000000008000a9c                UART5_IRQHandler
                0x0000000008000a9c                DMA2_Stream0_IRQHandler
                0x0000000008000a9c                TIM4_IRQHandler
                0x0000000008000a9c                QUADSPI_IRQHandler
                0x0000000008000a9c                I2C1_EV_IRQHandler
                0x0000000008000a9c                DMA1_Stream6_IRQHandler
                0x0000000008000a9c                DMA1_Stream1_IRQHandler
                0x0000000008000a9c                UART4_IRQHandler
                0x0000000008000a9c                TIM3_IRQHandler
                0x0000000008000a9c                RCC_IRQHandler
                0x0000000008000a9c                TIM8_BRK_TIM12_IRQHandler
                0x0000000008000a9c                Default_Handler
                0x0000000008000a9c                CEC_IRQHandler
                0x0000000008000a9c                EXTI15_10_IRQHandler
                0x0000000008000a9c                ADC_IRQHandler
                0x0000000008000a9c                DMA1_Stream7_IRQHandler
                0x0000000008000a9c                TIM7_IRQHandler
                0x0000000008000a9c                CAN2_TX_IRQHandler
                0x0000000008000a9c                TIM5_IRQHandler
                0x0000000008000a9c                DMA2_Stream7_IRQHandler
                0x0000000008000a9c                I2C3_EV_IRQHandler
                0x0000000008000a9c                EXTI9_5_IRQHandler
                0x0000000008000a9c                RTC_WKUP_IRQHandler
                0x0000000008000a9c                SPDIF_RX_IRQHandler
                0x0000000008000a9c                SPI2_IRQHandler
                0x0000000008000a9c                OTG_HS_EP1_IN_IRQHandler
                0x0000000008000a9c                DMA1_Stream0_IRQHandler
                0x0000000008000a9c                CAN1_TX_IRQHandler
                0x0000000008000a9c                FMPI2C1_ER_IRQHandler
                0x0000000008000a9c                EXTI4_IRQHandler
                0x0000000008000a9c                OTG_HS_EP1_OUT_IRQHandler
                0x0000000008000a9c                WWDG_IRQHandler
                0x0000000008000a9c                TIM2_IRQHandler
                0x0000000008000a9c                OTG_FS_WKUP_IRQHandler
                0x0000000008000a9c                TIM1_TRG_COM_TIM11_IRQHandler
                0x0000000008000a9c                OTG_HS_IRQHandler
                0x0000000008000a9c                EXTI1_IRQHandler
                0x0000000008000a9c                USART2_IRQHandler
                0x0000000008000a9c                I2C2_ER_IRQHandler
                0x0000000008000a9c                DMA2_Stream1_IRQHandler
                0x0000000008000a9c                CAN1_SCE_IRQHandler
                0x0000000008000a9c                FLASH_IRQHandler
                0x0000000008000a9c                DMA2_Stream4_IRQHandler
                0x0000000008000a9c                USART1_IRQHandler
                0x0000000008000a9c                OTG_FS_IRQHandler
                0x0000000008000a9c                SPI3_IRQHandler
                0x0000000008000a9c                DMA1_Stream4_IRQHandler
                0x0000000008000a9c                I2C1_ER_IRQHandler
                0x0000000008000a9c                FMC_IRQHandler
                0x0000000008000a9c                DMA2_Stream6_IRQHandler
                0x0000000008000a9c                SAI1_IRQHandler
                0x0000000008000a9c                DMA1_Stream3_IRQHandler
 *fill*         0x0000000008000a9e        0x2 
 .text.HAL_Init
                0x0000000008000aa0       0x44 ./Drivers/STM32F4xx_HAL_Driver/stm32f4xx_hal.o
                0x0000000008000aa0                HAL_Init
 .text.HAL_InitTick
                0x0000000008000ae4       0x60 ./Drivers/STM32F4xx_HAL_Driver/stm32f4xx_hal.o
                0x0000000008000ae4                HAL_InitTick
 .text.HAL_IncTick
                0x0000000008000b44       0x28 ./Drivers/STM32F4xx_HAL_Driver/stm32f4xx_hal.o
                0x0000000008000b44                HAL_IncTick
 .text.HAL_GetTick
                0x0000000008000b6c       0x18 ./Drivers/STM32F4xx_HAL_Driver/stm32f4xx_hal.o
                0x0000000008000b6c                HAL_GetTick
 .text.__NVIC_SetPriorityGrouping
                0x0000000008000b84       0x48 ./Drivers/STM32F4xx_HAL_Driver/stm32f4xx_hal_cortex.o
 .text.__NVIC_GetPriorityGrouping
                0x0000000008000bcc       0x1c ./Drivers/STM32F4xx_HAL_Driver/stm32f4xx_hal_cortex.o
 .text.__NVIC_SetPriority
                0x0000000008000be8       0x54 ./Drivers/STM32F4xx_HAL_Driver/stm32f4xx_hal_cortex.o
 .text.NVIC_EncodePriority
                0x0000000008000c3c       0x66 ./Drivers/STM32F4xx_HAL_Driver/stm32f4xx_hal_cortex.o
 *fill*         0x0000000008000ca2        0x2 
 .text.SysTick_Config
                0x0000000008000ca4       0x44 ./Drivers/STM32F4xx_HAL_Driver/stm32f4xx_hal_cortex.o
 .text.HAL_NVIC_SetPriorityGrouping
                0x0000000008000ce8       0x16 ./Drivers/STM32F4xx_HAL_Driver/stm32f4xx_hal_cortex.o
                0x0000000008000ce8                HAL_NVIC_SetPriorityGrouping
 .text.HAL_NVIC_SetPriority
                0x0000000008000cfe       0x38 ./Drivers/STM32F4xx_HAL_Driver/stm32f4xx_hal_cortex.o
                0x0000000008000cfe                HAL_NVIC_SetPriority
 .text.HAL_SYSTICK_Config
                0x0000000008000d36       0x18 ./Drivers/STM32F4xx_HAL_Driver/stm32f4xx_hal_cortex.o
                0x0000000008000d36                HAL_SYSTICK_Config
 .text.HAL_CRC_Init
                0x0000000008000d4e       0x38 ./Drivers/STM32F4xx_HAL_Driver/stm32f4xx_hal_crc.o
                0x0000000008000d4e                HAL_CRC_Init
 *fill*         0x0000000008000d86        0x2 
 .text.HAL_GPIO_Init
                0x0000000008000d88      0x328 ./Drivers/STM32F4xx_HAL_Driver/stm32f4xx_hal_gpio.o
                0x0000000008000d88                HAL_GPIO_Init
 .text.HAL_GPIO_WritePin
                0x00000000080010b0       0x32 ./Drivers/STM32F4xx_HAL_Driver/stm32f4xx_hal_gpio.o
                0x00000000080010b0                HAL_GPIO_WritePin
 *fill*         0x00000000080010e2        0x2 
 .text.HAL_PWREx_EnableOverDrive
                0x00000000080010e4       0xa0 ./Drivers/STM32F4xx_HAL_Driver/stm32f4xx_hal_pwr_ex.o
                0x00000000080010e4                HAL_PWREx_EnableOverDrive
 .text.HAL_RCC_ClockConfig
                0x0000000008001184      0x1cc ./Drivers/STM32F4xx_HAL_Driver/stm32f4xx_hal_rcc.o
                0x0000000008001184                HAL_RCC_ClockConfig
 .text.HAL_RCC_GetHCLKFreq
                0x0000000008001350       0x18 ./Drivers/STM32F4xx_HAL_Driver/stm32f4xx_hal_rcc.o
                0x0000000008001350                HAL_RCC_GetHCLKFreq
 .text.HAL_RCC_GetPCLK1Freq
                0x0000000008001368       0x28 ./Drivers/STM32F4xx_HAL_Driver/stm32f4xx_hal_rcc.o
                0x0000000008001368                HAL_RCC_GetPCLK1Freq
 .text.HAL_RCC_GetPCLK2Freq
                0x0000000008001390       0x28 ./Drivers/STM32F4xx_HAL_Driver/stm32f4xx_hal_rcc.o
                0x0000000008001390                HAL_RCC_GetPCLK2Freq
 .text.HAL_RCC_GetSysClockFreq
                0x00000000080013b8      0x460 ./Drivers/STM32F4xx_HAL_Driver/stm32f4xx_hal_rcc_ex.o
                0x00000000080013b8                HAL_RCC_GetSysClockFreq
 .text.HAL_RCC_OscConfig
                0x0000000008001818      0x53c ./Drivers/STM32F4xx_HAL_Driver/stm32f4xx_hal_rcc_ex.o
                0x0000000008001818                HAL_RCC_OscConfig
 .text.HAL_UART_Init
                0x0000000008001d54       0x9a ./Drivers/STM32F4xx_HAL_Driver/stm32f4xx_hal_uart.o
                0x0000000008001d54                HAL_UART_Init
 *fill*         0x0000000008001dee        0x2 
 .text.UART_SetConfig
                0x0000000008001df0      0x4e8 ./Drivers/STM32F4xx_HAL_Driver/stm32f4xx_hal_uart.o
 .text.network_configure_activations
                0x00000000080022d8       0xa8 ./X-CUBE-AI/App/network.o
 .text.network_configure_weights
                0x0000000008002380       0xd4 ./X-CUBE-AI/App/network.o
 .text.ai_network_get_error
                0x0000000008002454       0x18 ./X-CUBE-AI/App/network.o
                0x0000000008002454                ai_network_get_error
 .text.ai_network_create
                0x000000000800246c       0x2c ./X-CUBE-AI/App/network.o
                0x000000000800246c                ai_network_create
 .text.ai_network_create_and_init
                0x0000000008002498       0xe8 ./X-CUBE-AI/App/network.o
                0x0000000008002498                ai_network_create_and_init
 .text.ai_network_inputs_get
                0x0000000008002580       0x34 ./X-CUBE-AI/App/network.o
                0x0000000008002580                ai_network_inputs_get
 .text.ai_network_outputs_get
                0x00000000080025b4       0x34 ./X-CUBE-AI/App/network.o
                0x00000000080025b4                ai_network_outputs_get
 .text.ai_network_init
                0x00000000080025e8       0x78 ./X-CUBE-AI/App/network.o
                0x00000000080025e8                ai_network_init
 .text.ai_network_run
                0x0000000008002660       0x20 ./X-CUBE-AI/App/network.o
                0x0000000008002660                ai_network_run
 .text.ai_network_data_params_get
                0x0000000008002680       0x50 ./X-CUBE-AI/App/network_data.o
                0x0000000008002680                ai_network_data_params_get
 .text.ai_buffer_get_size
                0x00000000080026d0       0x68 ../Middlewares/ST/AI/Lib\NetworkRuntime800_CM4_GCC.a(ai_platform.o)
                0x00000000080026d0                ai_buffer_get_size
 .text.ai_buffer_array_sane
                0x0000000008002738       0x14 ../Middlewares/ST/AI/Lib\NetworkRuntime800_CM4_GCC.a(ai_platform.o)
                0x0000000008002738                ai_buffer_array_sane
 .text.ai_buffer_array_item_set_address
                0x000000000800274c       0x20 ../Middlewares/ST/AI/Lib\NetworkRuntime800_CM4_GCC.a(ai_platform.o)
                0x000000000800274c                ai_buffer_array_item_set_address
 .text._ai_platform_acquire_crc
                0x000000000800276c        0x4 ../Middlewares/ST/AI/Lib\NetworkRuntime800_CM4_GCC.a(ai_platform_interface.o)
                0x000000000800276c                _ai_platform_acquire_crc
 .text._ai_platform_release_crc
                0x0000000008002770        0x4 ../Middlewares/ST/AI/Lib\NetworkRuntime800_CM4_GCC.a(ai_platform_interface.o)
                0x0000000008002770                _ai_platform_release_crc
 .text.ai_platform_get_weights_map
                0x0000000008002774       0xa8 ../Middlewares/ST/AI/Lib\NetworkRuntime800_CM4_GCC.a(ai_platform_interface.o)
                0x0000000008002774                ai_platform_get_weights_map
 .text.ai_platform_get_activations_map
                0x000000000800281c       0xa8 ../Middlewares/ST/AI/Lib\NetworkRuntime800_CM4_GCC.a(ai_platform_interface.o)
                0x000000000800281c                ai_platform_get_activations_map
 .text.ai_platform_bind_network_params
                0x00000000080028c4       0x44 ../Middlewares/ST/AI/Lib\NetworkRuntime800_CM4_GCC.a(ai_platform_interface.o)
                0x00000000080028c4                ai_platform_bind_network_params
 .text.ai_platform_network_get_error
                0x0000000008002908       0xdc ../Middlewares/ST/AI/Lib\NetworkRuntime800_CM4_GCC.a(ai_platform_interface.o)
                0x0000000008002908                ai_platform_network_get_error
 .text.ai_platform_network_set_error
                0x00000000080029e4        0xc ../Middlewares/ST/AI/Lib\NetworkRuntime800_CM4_GCC.a(ai_platform_interface.o)
                0x00000000080029e4                ai_platform_network_set_error
 .text.ai_platform_inputs_get
                0x00000000080029f0      0x1ac ../Middlewares/ST/AI/Lib\NetworkRuntime800_CM4_GCC.a(ai_platform_interface.o)
                0x00000000080029f0                ai_platform_inputs_get
 .text.ai_platform_outputs_get
                0x0000000008002b9c      0x1a0 ../Middlewares/ST/AI/Lib\NetworkRuntime800_CM4_GCC.a(ai_platform_interface.o)
                0x0000000008002b9c                ai_platform_outputs_get
 .text.ai_platform_network_create
                0x0000000008002d3c      0x1ac ../Middlewares/ST/AI/Lib\NetworkRuntime800_CM4_GCC.a(ai_platform_interface.o)
                0x0000000008002d3c                ai_platform_network_create
 .text.ai_platform_network_init
                0x0000000008002ee8      0x1dc ../Middlewares/ST/AI/Lib\NetworkRuntime800_CM4_GCC.a(ai_platform_interface.o)
                0x0000000008002ee8                ai_platform_network_init
 .text.ai_platform_network_post_init
                0x00000000080030c4      0x110 ../Middlewares/ST/AI/Lib\NetworkRuntime800_CM4_GCC.a(ai_platform_interface.o)
                0x00000000080030c4                ai_platform_network_post_init
 .text.ai_platform_network_process
                0x00000000080031d4      0x50c ../Middlewares/ST/AI/Lib\NetworkRuntime800_CM4_GCC.a(ai_platform_interface.o)
                0x00000000080031d4                ai_platform_network_process
 .text.core_init
                0x00000000080036e0        0x4 ../Middlewares/ST/AI/Lib\NetworkRuntime800_CM4_GCC.a(core_common.o)
                0x00000000080036e0                core_init
 .text.core_get_error
                0x00000000080036e4        0xc ../Middlewares/ST/AI/Lib\NetworkRuntime800_CM4_GCC.a(core_common.o)
                0x00000000080036e4                core_get_error
 .text.core_set_error
                0x00000000080036f0       0x18 ../Middlewares/ST/AI/Lib\NetworkRuntime800_CM4_GCC.a(core_common.o)
                0x00000000080036f0                core_set_error
 .text.forward_dense
                0x0000000008003708      0x54c ../Middlewares/ST/AI/Lib\NetworkRuntime800_CM4_GCC.a(layers_conv2d_generic_float.o)
                0x0000000008003708                forward_dense
 .text.forward_sigmoid
                0x0000000008003c54       0x94 ../Middlewares/ST/AI/Lib\NetworkRuntime800_CM4_GCC.a(layers_nl_generic_float.o)
                0x0000000008003c54                forward_sigmoid
 .text.forward_relu
                0x0000000008003ce8      0x268 ../Middlewares/ST/AI/Lib\NetworkRuntime800_CM4_GCC.a(layers_nl_generic_float.o)
                0x0000000008003ce8                forward_relu
 .text.ai_check_custom_types
                0x0000000008003f50       0x54 ../Middlewares/ST/AI/Lib\NetworkRuntime800_CM4_GCC.a(layers.o)
                0x0000000008003f50                ai_check_custom_types
 .text.ai_layers_init_all
                0x0000000008003fa4       0x1c ../Middlewares/ST/AI/Lib\NetworkRuntime800_CM4_GCC.a(layers.o)
                0x0000000008003fa4                ai_layers_init_all
 .text.ai_layers_post_init_all
                0x0000000008003fc0       0x28 ../Middlewares/ST/AI/Lib\NetworkRuntime800_CM4_GCC.a(layers.o)
                0x0000000008003fc0                ai_layers_post_init_all
 .text.ai_layers_forward_all
                0x0000000008003fe8       0x94 ../Middlewares/ST/AI/Lib\NetworkRuntime800_CM4_GCC.a(layers.o)
                0x0000000008003fe8                ai_layers_forward_all
 .text.lite_dense_if32of32wf32
                0x000000000800407c      0x248 ../Middlewares/ST/AI/Lib\NetworkRuntime800_CM4_GCC.a(lite_dense_if32.o)
                0x000000000800407c                lite_dense_if32of32wf32
 .text.ai_version_get
                0x00000000080042c4        0xc ../Middlewares/ST/AI/Lib\NetworkRuntime800_CM4_GCC.a(ai_datatypes_internal.o)
                0x00000000080042c4                ai_version_get
 .text.get_tensor_byte_size
                0x00000000080042d0       0x30 ../Middlewares/ST/AI/Lib\NetworkRuntime800_CM4_GCC.a(ai_datatypes_internal.o)
                0x00000000080042d0                get_tensor_byte_size
 .text.ai_array_to_buffer_fmt
                0x0000000008004300       0xd8 ../Middlewares/ST/AI/Lib\NetworkRuntime800_CM4_GCC.a(ai_datatypes_format.o)
                0x0000000008004300                ai_array_to_buffer_fmt
 .text.ai_array_get_byte_size
                0x00000000080043d8       0x50 ../Middlewares/ST/AI/Lib\NetworkRuntime800_CM4_GCC.a(ai_datatypes_format.o)
                0x00000000080043d8                ai_array_get_byte_size
 .text.ai_array_get_data_byte_size
                0x0000000008004428       0x24 ../Middlewares/ST/AI/Lib\NetworkRuntime800_CM4_GCC.a(ai_datatypes_format.o)
                0x0000000008004428                ai_array_get_data_byte_size
 .text.__errno  0x000000000800444c        0xc c:/st/stm32cubeide_1.11.2/stm32cubeide/plugins/com.st.stm32cube.ide.mcu.externaltools.gnu-tools-for-stm32.10.3-2021.10.win32_1.0.200.202301161003/tools/bin/../lib/gcc/arm-none-eabi/10.3.1/../../../../arm-none-eabi/lib/thumb/v7e-m+fp/hard\libc_nano.a(lib_a-errno.o)
                0x000000000800444c                __errno
 .text.__libc_init_array
                0x0000000008004458       0x48 c:/st/stm32cubeide_1.11.2/stm32cubeide/plugins/com.st.stm32cube.ide.mcu.externaltools.gnu-tools-for-stm32.10.3-2021.10.win32_1.0.200.202301161003/tools/bin/../lib/gcc/arm-none-eabi/10.3.1/../../../../arm-none-eabi/lib/thumb/v7e-m+fp/hard\libc_nano.a(lib_a-init.o)
                0x0000000008004458                __libc_init_array
 .text.memcpy   0x00000000080044a0       0x1c c:/st/stm32cubeide_1.11.2/stm32cubeide/plugins/com.st.stm32cube.ide.mcu.externaltools.gnu-tools-for-stm32.10.3-2021.10.win32_1.0.200.202301161003/tools/bin/../lib/gcc/arm-none-eabi/10.3.1/../../../../arm-none-eabi/lib/thumb/v7e-m+fp/hard\libc_nano.a(lib_a-memcpy-stub.o)
                0x00000000080044a0                memcpy
 .text.memset   0x00000000080044bc       0x10 c:/st/stm32cubeide_1.11.2/stm32cubeide/plugins/com.st.stm32cube.ide.mcu.externaltools.gnu-tools-for-stm32.10.3-2021.10.win32_1.0.200.202301161003/tools/bin/../lib/gcc/arm-none-eabi/10.3.1/../../../../arm-none-eabi/lib/thumb/v7e-m+fp/hard\libc_nano.a(lib_a-memset.o)
                0x00000000080044bc                memset
 .text.expf     0x00000000080044cc       0x6c c:/st/stm32cubeide_1.11.2/stm32cubeide/plugins/com.st.stm32cube.ide.mcu.externaltools.gnu-tools-for-stm32.10.3-2021.10.win32_1.0.200.202301161003/tools/bin/../lib/gcc/arm-none-eabi/10.3.1/../../../../arm-none-eabi/lib/thumb/v7e-m+fp/hard\libm.a(lib_a-wf_exp.o)
                0x00000000080044cc                expf
 .text.__ieee754_expf
                0x0000000008004538      0x19c c:/st/stm32cubeide_1.11.2/stm32cubeide/plugins/com.st.stm32cube.ide.mcu.externaltools.gnu-tools-for-stm32.10.3-2021.10.win32_1.0.200.202301161003/tools/bin/../lib/gcc/arm-none-eabi/10.3.1/../../../../arm-none-eabi/lib/thumb/v7e-m+fp/hard\libm.a(lib_a-ef_exp.o)
                0x0000000008004538                __ieee754_expf
 .text.with_errnof
                0x00000000080046d4       0x16 c:/st/stm32cubeide_1.11.2/stm32cubeide/plugins/com.st.stm32cube.ide.mcu.externaltools.gnu-tools-for-stm32.10.3-2021.10.win32_1.0.200.202301161003/tools/bin/../lib/gcc/arm-none-eabi/10.3.1/../../../../arm-none-eabi/lib/thumb/v7e-m+fp/hard\libm.a(lib_a-math_errf.o)
 .text.xflowf   0x00000000080046ea       0x16 c:/st/stm32cubeide_1.11.2/stm32cubeide/plugins/com.st.stm32cube.ide.mcu.externaltools.gnu-tools-for-stm32.10.3-2021.10.win32_1.0.200.202301161003/tools/bin/../lib/gcc/arm-none-eabi/10.3.1/../../../../arm-none-eabi/lib/thumb/v7e-m+fp/hard\libm.a(lib_a-math_errf.o)
 .text.__math_uflowf
                0x0000000008004700        0xc c:/st/stm32cubeide_1.11.2/stm32cubeide/plugins/com.st.stm32cube.ide.mcu.externaltools.gnu-tools-for-stm32.10.3-2021.10.win32_1.0.200.202301161003/tools/bin/../lib/gcc/arm-none-eabi/10.3.1/../../../../arm-none-eabi/lib/thumb/v7e-m+fp/hard\libm.a(lib_a-math_errf.o)
                0x0000000008004700                __math_uflowf
 .text.__math_oflowf
                0x000000000800470c        0xc c:/st/stm32cubeide_1.11.2/stm32cubeide/plugins/com.st.stm32cube.ide.mcu.externaltools.gnu-tools-for-stm32.10.3-2021.10.win32_1.0.200.202301161003/tools/bin/../lib/gcc/arm-none-eabi/10.3.1/../../../../arm-none-eabi/lib/thumb/v7e-m+fp/hard\libm.a(lib_a-math_errf.o)
                0x000000000800470c                __math_oflowf
 .text.finitef  0x0000000008004718       0x1a c:/st/stm32cubeide_1.11.2/stm32cubeide/plugins/com.st.stm32cube.ide.mcu.externaltools.gnu-tools-for-stm32.10.3-2021.10.win32_1.0.200.202301161003/tools/bin/../lib/gcc/arm-none-eabi/10.3.1/../../../../arm-none-eabi/lib/thumb/v7e-m+fp/hard\libm.a(lib_a-sf_finite.o)
                0x0000000008004718                finitef
 *(.glue_7)
 .glue_7        0x0000000008004732        0x0 linker stubs
 *(.glue_7t)
 .glue_7t       0x0000000008004732        0x0 linker stubs
 *(.eh_frame)
 *fill*         0x0000000008004732        0x2 
 .eh_frame      0x0000000008004734        0x0 c:/st/stm32cubeide_1.11.2/stm32cubeide/plugins/com.st.stm32cube.ide.mcu.externaltools.gnu-tools-for-stm32.10.3-2021.10.win32_1.0.200.202301161003/tools/bin/../lib/gcc/arm-none-eabi/10.3.1/thumb/v7e-m+fp/hard/crtbegin.o
 *(.init)
 .init          0x0000000008004734        0x4 c:/st/stm32cubeide_1.11.2/stm32cubeide/plugins/com.st.stm32cube.ide.mcu.externaltools.gnu-tools-for-stm32.10.3-2021.10.win32_1.0.200.202301161003/tools/bin/../lib/gcc/arm-none-eabi/10.3.1/thumb/v7e-m+fp/hard/crti.o
                0x0000000008004734                _init
 .init          0x0000000008004738        0x8 c:/st/stm32cubeide_1.11.2/stm32cubeide/plugins/com.st.stm32cube.ide.mcu.externaltools.gnu-tools-for-stm32.10.3-2021.10.win32_1.0.200.202301161003/tools/bin/../lib/gcc/arm-none-eabi/10.3.1/thumb/v7e-m+fp/hard/crtn.o
 *(.fini)
 .fini          0x0000000008004740        0x4 c:/st/stm32cubeide_1.11.2/stm32cubeide/plugins/com.st.stm32cube.ide.mcu.externaltools.gnu-tools-for-stm32.10.3-2021.10.win32_1.0.200.202301161003/tools/bin/../lib/gcc/arm-none-eabi/10.3.1/thumb/v7e-m+fp/hard/crti.o
                0x0000000008004740                _fini
 .fini          0x0000000008004744        0x8 c:/st/stm32cubeide_1.11.2/stm32cubeide/plugins/com.st.stm32cube.ide.mcu.externaltools.gnu-tools-for-stm32.10.3-2021.10.win32_1.0.200.202301161003/tools/bin/../lib/gcc/arm-none-eabi/10.3.1/thumb/v7e-m+fp/hard/crtn.o
                0x000000000800474c                . = ALIGN (0x4)
                0x000000000800474c                _etext = .

.vfp11_veneer   0x000000000800474c        0x0
 .vfp11_veneer  0x000000000800474c        0x0 linker stubs

.v4_bx          0x000000000800474c        0x0
 .v4_bx         0x000000000800474c        0x0 linker stubs

.iplt           0x000000000800474c        0x0
 .iplt          0x000000000800474c        0x0 c:/st/stm32cubeide_1.11.2/stm32cubeide/plugins/com.st.stm32cube.ide.mcu.externaltools.gnu-tools-for-stm32.10.3-2021.10.win32_1.0.200.202301161003/tools/bin/../lib/gcc/arm-none-eabi/10.3.1/thumb/v7e-m+fp/hard/crtbegin.o

.rodata         0x0000000008004760     0x1ae0
                0x0000000008004760                . = ALIGN (0x4)
 *(.rodata)
 .rodata        0x0000000008004760       0x30 ./X-CUBE-AI/App/network_data.o
 *(.rodata*)
 .rodata.AHBPrescTable
                0x0000000008004790       0x10 ./Core/Src/system_stm32f4xx.o
                0x0000000008004790                AHBPrescTable
 .rodata.APBPrescTable
                0x00000000080047a0        0x8 ./Core/Src/system_stm32f4xx.o
                0x00000000080047a0                APBPrescTable
 .rodata.L5_chain
                0x00000000080047a8        0x8 ./X-CUBE-AI/App/network.o
 .rodata.L5_dense_chain
                0x00000000080047b0        0x8 ./X-CUBE-AI/App/network.o
 .rodata.L1_chain
                0x00000000080047b8        0x8 ./X-CUBE-AI/App/network.o
 .rodata.L1_dense_chain
                0x00000000080047c0        0x8 ./X-CUBE-AI/App/network.o
 *fill*         0x00000000080047c8       0x18 
 .rodata.s_network_weights_array_u64
                0x00000000080047e0     0x19e8 ./X-CUBE-AI/App/network_data_params.o
                0x00000000080047e0                s_network_weights_array_u64
 .rodata.__sf_fake_stderr
                0x00000000080061c8       0x20 c:/st/stm32cubeide_1.11.2/stm32cubeide/plugins/com.st.stm32cube.ide.mcu.externaltools.gnu-tools-for-stm32.10.3-2021.10.win32_1.0.200.202301161003/tools/bin/../lib/gcc/arm-none-eabi/10.3.1/../../../../arm-none-eabi/lib/thumb/v7e-m+fp/hard\libc_nano.a(lib_a-findfp.o)
                0x00000000080061c8                __sf_fake_stderr
 .rodata.__sf_fake_stdin
                0x00000000080061e8       0x20 c:/st/stm32cubeide_1.11.2/stm32cubeide/plugins/com.st.stm32cube.ide.mcu.externaltools.gnu-tools-for-stm32.10.3-2021.10.win32_1.0.200.202301161003/tools/bin/../lib/gcc/arm-none-eabi/10.3.1/../../../../arm-none-eabi/lib/thumb/v7e-m+fp/hard\libc_nano.a(lib_a-findfp.o)
                0x00000000080061e8                __sf_fake_stdin
 .rodata.__sf_fake_stdout
                0x0000000008006208       0x20 c:/st/stm32cubeide_1.11.2/stm32cubeide/plugins/com.st.stm32cube.ide.mcu.externaltools.gnu-tools-for-stm32.10.3-2021.10.win32_1.0.200.202301161003/tools/bin/../lib/gcc/arm-none-eabi/10.3.1/../../../../arm-none-eabi/lib/thumb/v7e-m+fp/hard\libc_nano.a(lib_a-findfp.o)
                0x0000000008006208                __sf_fake_stdout
 .rodata.halF   0x0000000008006228        0x8 c:/st/stm32cubeide_1.11.2/stm32cubeide/plugins/com.st.stm32cube.ide.mcu.externaltools.gnu-tools-for-stm32.10.3-2021.10.win32_1.0.200.202301161003/tools/bin/../lib/gcc/arm-none-eabi/10.3.1/../../../../arm-none-eabi/lib/thumb/v7e-m+fp/hard\libm.a(lib_a-ef_exp.o)
 .rodata.ln2HI  0x0000000008006230        0x8 c:/st/stm32cubeide_1.11.2/stm32cubeide/plugins/com.st.stm32cube.ide.mcu.externaltools.gnu-tools-for-stm32.10.3-2021.10.win32_1.0.200.202301161003/tools/bin/../lib/gcc/arm-none-eabi/10.3.1/../../../../arm-none-eabi/lib/thumb/v7e-m+fp/hard\libm.a(lib_a-ef_exp.o)
 .rodata.ln2LO  0x0000000008006238        0x8 c:/st/stm32cubeide_1.11.2/stm32cubeide/plugins/com.st.stm32cube.ide.mcu.externaltools.gnu-tools-for-stm32.10.3-2021.10.win32_1.0.200.202301161003/tools/bin/../lib/gcc/arm-none-eabi/10.3.1/../../../../arm-none-eabi/lib/thumb/v7e-m+fp/hard\libm.a(lib_a-ef_exp.o)
                0x0000000008006240                . = ALIGN (0x4)

.ARM.extab      0x0000000008006240        0x0
                0x0000000008006240                . = ALIGN (0x4)
 *(.ARM.extab* .gnu.linkonce.armextab.*)
                0x0000000008006240                . = ALIGN (0x4)

.ARM            0x0000000008006240        0x8
                0x0000000008006240                . = ALIGN (0x4)
                0x0000000008006240                __exidx_start = .
 *(.ARM.exidx*)
 .ARM.exidx     0x0000000008006240        0x8 c:/st/stm32cubeide_1.11.2/stm32cubeide/plugins/com.st.stm32cube.ide.mcu.externaltools.gnu-tools-for-stm32.10.3-2021.10.win32_1.0.200.202301161003/tools/bin/../lib/gcc/arm-none-eabi/10.3.1/thumb/v7e-m+fp/hard\libgcc.a(_udivmoddi4.o)
                0x0000000008006248                __exidx_end = .
                0x0000000008006248                . = ALIGN (0x4)

.rel.dyn        0x0000000008006248        0x0
 .rel.iplt      0x0000000008006248        0x0 c:/st/stm32cubeide_1.11.2/stm32cubeide/plugins/com.st.stm32cube.ide.mcu.externaltools.gnu-tools-for-stm32.10.3-2021.10.win32_1.0.200.202301161003/tools/bin/../lib/gcc/arm-none-eabi/10.3.1/thumb/v7e-m+fp/hard/crtbegin.o

.preinit_array  0x0000000008006248        0x0
                0x0000000008006248                . = ALIGN (0x4)
                0x0000000008006248                PROVIDE (__preinit_array_start = .)
 *(.preinit_array*)
                0x0000000008006248                PROVIDE (__preinit_array_end = .)
                0x0000000008006248                . = ALIGN (0x4)

.init_array     0x0000000008006248        0x4
                0x0000000008006248                . = ALIGN (0x4)
                0x0000000008006248                PROVIDE (__init_array_start = .)
 *(SORT_BY_NAME(.init_array.*))
 *(.init_array*)
 .init_array    0x0000000008006248        0x4 c:/st/stm32cubeide_1.11.2/stm32cubeide/plugins/com.st.stm32cube.ide.mcu.externaltools.gnu-tools-for-stm32.10.3-2021.10.win32_1.0.200.202301161003/tools/bin/../lib/gcc/arm-none-eabi/10.3.1/thumb/v7e-m+fp/hard/crtbegin.o
                0x000000000800624c                PROVIDE (__init_array_end = .)
                0x000000000800624c                . = ALIGN (0x4)

.fini_array     0x000000000800624c        0x4
                0x000000000800624c                . = ALIGN (0x4)
                [!provide]                        PROVIDE (__fini_array_start = .)
 *(SORT_BY_NAME(.fini_array.*))
 *(.fini_array*)
 .fini_array    0x000000000800624c        0x4 c:/st/stm32cubeide_1.11.2/stm32cubeide/plugins/com.st.stm32cube.ide.mcu.externaltools.gnu-tools-for-stm32.10.3-2021.10.win32_1.0.200.202301161003/tools/bin/../lib/gcc/arm-none-eabi/10.3.1/thumb/v7e-m+fp/hard/crtbegin.o
                [!provide]                        PROVIDE (__fini_array_end = .)
                0x0000000008006250                . = ALIGN (0x4)
                0x0000000008006250                _sidata = LOADADDR (.data)

.data           0x0000000020000000      0x5b8 load address 0x0000000008006250
                0x0000000020000000                . = ALIGN (0x4)
                0x0000000020000000                _sdata = .
 *(.data)
 *(.data*)
 .data.SystemCoreClock
                0x0000000020000000        0x4 ./Core/Src/system_stm32f4xx.o
                0x0000000020000000                SystemCoreClock
 .data.uwTickPrio
                0x0000000020000004        0x4 ./Drivers/STM32F4xx_HAL_Driver/stm32f4xx_hal.o
                0x0000000020000004                uwTickPrio
 .data.uwTickFreq
                0x0000000020000008        0x1 ./Drivers/STM32F4xx_HAL_Driver/stm32f4xx_hal.o
                0x0000000020000008                uwTickFreq
 *fill*         0x0000000020000009        0x3 
 .data.L1_dense_output_array
                0x000000002000000c       0x10 ./X-CUBE-AI/App/network.o
 .data.L1_output_array
                0x000000002000001c       0x10 ./X-CUBE-AI/App/network.o
 .data.L5_dense_output_array
                0x000000002000002c       0x10 ./X-CUBE-AI/App/network.o
 .data.L5_output_array
                0x000000002000003c       0x10 ./X-CUBE-AI/App/network.o
 .data.L1_dense_weights_array
                0x000000002000004c       0x10 ./X-CUBE-AI/App/network.o
 .data.L1_dense_bias_array
                0x000000002000005c       0x10 ./X-CUBE-AI/App/network.o
 .data.L5_dense_weights_array
                0x000000002000006c       0x10 ./X-CUBE-AI/App/network.o
 .data.L5_dense_bias_array
                0x000000002000007c       0x10 ./X-CUBE-AI/App/network.o
 .data.input_0_output_array
                0x000000002000008c       0x10 ./X-CUBE-AI/App/network.o
 .data.__compound_literal.0
                0x000000002000009c       0x10 ./X-CUBE-AI/App/network.o
 .data.__compound_literal.1
                0x00000000200000ac       0x10 ./X-CUBE-AI/App/network.o
 .data.L1_dense_output
                0x00000000200000bc       0x1c ./X-CUBE-AI/App/network.o
 .data.__compound_literal.2
                0x00000000200000d8       0x10 ./X-CUBE-AI/App/network.o
 .data.__compound_literal.3
                0x00000000200000e8       0x10 ./X-CUBE-AI/App/network.o
 .data.L1_output
                0x00000000200000f8       0x1c ./X-CUBE-AI/App/network.o
 .data.__compound_literal.4
                0x0000000020000114       0x10 ./X-CUBE-AI/App/network.o
 .data.__compound_literal.5
                0x0000000020000124       0x10 ./X-CUBE-AI/App/network.o
 .data.L5_dense_output
                0x0000000020000134       0x1c ./X-CUBE-AI/App/network.o
 .data.__compound_literal.6
                0x0000000020000150       0x10 ./X-CUBE-AI/App/network.o
 .data.__compound_literal.7
                0x0000000020000160       0x10 ./X-CUBE-AI/App/network.o
 .data.L5_output
                0x0000000020000170       0x1c ./X-CUBE-AI/App/network.o
 .data.__compound_literal.8
                0x000000002000018c       0x10 ./X-CUBE-AI/App/network.o
 .data.__compound_literal.9
                0x000000002000019c       0x10 ./X-CUBE-AI/App/network.o
 .data.L1_dense_weights
                0x00000000200001ac       0x1c ./X-CUBE-AI/App/network.o
 .data.__compound_literal.10
                0x00000000200001c8       0x10 ./X-CUBE-AI/App/network.o
 .data.__compound_literal.11
                0x00000000200001d8       0x10 ./X-CUBE-AI/App/network.o
 .data.L1_dense_bias
                0x00000000200001e8       0x1c ./X-CUBE-AI/App/network.o
 .data.__compound_literal.12
                0x0000000020000204       0x10 ./X-CUBE-AI/App/network.o
 .data.__compound_literal.13
                0x0000000020000214       0x10 ./X-CUBE-AI/App/network.o
 .data.L5_dense_weights
                0x0000000020000224       0x1c ./X-CUBE-AI/App/network.o
 .data.__compound_literal.14
                0x0000000020000240       0x10 ./X-CUBE-AI/App/network.o
 .data.__compound_literal.15
                0x0000000020000250       0x10 ./X-CUBE-AI/App/network.o
 .data.L5_dense_bias
                0x0000000020000260       0x1c ./X-CUBE-AI/App/network.o
 .data.__compound_literal.16
                0x000000002000027c       0x10 ./X-CUBE-AI/App/network.o
 .data.__compound_literal.17
                0x000000002000028c       0x10 ./X-CUBE-AI/App/network.o
 .data.input_0_output
                0x000000002000029c       0x1c ./X-CUBE-AI/App/network.o
 .data.__compound_literal.18
                0x00000000200002b8        0x4 ./X-CUBE-AI/App/network.o
 .data.__compound_literal.19
                0x00000000200002bc        0x4 ./X-CUBE-AI/App/network.o
 .data.__compound_literal.22
                0x00000000200002c0       0x30 ./X-CUBE-AI/App/network.o
 .data.L5_layer
                0x00000000200002f0       0x20 ./X-CUBE-AI/App/network.o
 .data.__compound_literal.23
                0x0000000020000310        0x4 ./X-CUBE-AI/App/network.o
 .data.__compound_literal.24
                0x0000000020000314        0x4 ./X-CUBE-AI/App/network.o
 .data.__compound_literal.25
                0x0000000020000318        0x8 ./X-CUBE-AI/App/network.o
 .data.__compound_literal.27
                0x0000000020000320       0x30 ./X-CUBE-AI/App/network.o
 .data.L5_dense_layer
                0x0000000020000350       0x1c ./X-CUBE-AI/App/network.o
 .data.__compound_literal.28
                0x000000002000036c        0x4 ./X-CUBE-AI/App/network.o
 .data.__compound_literal.29
                0x0000000020000370        0x4 ./X-CUBE-AI/App/network.o
 .data.__compound_literal.32
                0x0000000020000374       0x30 ./X-CUBE-AI/App/network.o
 .data.L1_layer
                0x00000000200003a4       0x20 ./X-CUBE-AI/App/network.o
 .data.__compound_literal.33
                0x00000000200003c4        0x4 ./X-CUBE-AI/App/network.o
 .data.__compound_literal.34
                0x00000000200003c8        0x4 ./X-CUBE-AI/App/network.o
 .data.__compound_literal.35
                0x00000000200003cc        0x8 ./X-CUBE-AI/App/network.o
 .data.__compound_literal.37
                0x00000000200003d4       0x30 ./X-CUBE-AI/App/network.o
 .data.L1_dense_layer
                0x0000000020000404       0x1c ./X-CUBE-AI/App/network.o
 .data.__compound_literal.38
                0x0000000020000420       0x10 ./X-CUBE-AI/App/network.o
 .data.__compound_literal.39
                0x0000000020000430       0x1c ./X-CUBE-AI/App/network.o
 .data.__compound_literal.40
                0x000000002000044c       0x10 ./X-CUBE-AI/App/network.o
 .data.__compound_literal.41
                0x000000002000045c       0x1c ./X-CUBE-AI/App/network.o
 .data.__compound_literal.42
                0x0000000020000478        0x4 ./X-CUBE-AI/App/network.o
 .data.__compound_literal.46
                0x000000002000047c        0xc ./X-CUBE-AI/App/network.o
 .data.__compound_literal.47
                0x0000000020000488        0x4 ./X-CUBE-AI/App/network.o
 .data.__compound_literal.51
                0x000000002000048c        0xc ./X-CUBE-AI/App/network.o
 .data.__compound_literal.52
                0x0000000020000498       0x18 ./X-CUBE-AI/App/network.o
 .data.g_network
                0x00000000200004b0       0x4c ./X-CUBE-AI/App/network.o
 .data.__compound_literal.0
                0x00000000200004fc       0x10 ./X-CUBE-AI/App/network_data.o
 .data.g_network_data_map_activations
                0x000000002000050c       0x1c ./X-CUBE-AI/App/network_data.o
                0x000000002000050c                g_network_data_map_activations
 .data.__compound_literal.1
                0x0000000020000528       0x10 ./X-CUBE-AI/App/network_data.o
 .data.g_network_data_map_weights
                0x0000000020000538       0x1c ./X-CUBE-AI/App/network_data.o
                0x0000000020000538                g_network_data_map_weights
 .data._impure_ptr
                0x0000000020000554        0x4 c:/st/stm32cubeide_1.11.2/stm32cubeide/plugins/com.st.stm32cube.ide.mcu.externaltools.gnu-tools-for-stm32.10.3-2021.10.win32_1.0.200.202301161003/tools/bin/../lib/gcc/arm-none-eabi/10.3.1/../../../../arm-none-eabi/lib/thumb/v7e-m+fp/hard\libc_nano.a(lib_a-impure.o)
                0x0000000020000554                _impure_ptr
 .data.impure_data
                0x0000000020000558       0x60 c:/st/stm32cubeide_1.11.2/stm32cubeide/plugins/com.st.stm32cube.ide.mcu.externaltools.gnu-tools-for-stm32.10.3-2021.10.win32_1.0.200.202301161003/tools/bin/../lib/gcc/arm-none-eabi/10.3.1/../../../../arm-none-eabi/lib/thumb/v7e-m+fp/hard\libc_nano.a(lib_a-impure.o)
 *(.RamFunc)
 *(.RamFunc*)
                0x00000000200005b8                . = ALIGN (0x4)
                0x00000000200005b8                _edata = .

.igot.plt       0x00000000200005b8        0x0 load address 0x0000000008006808
 .igot.plt      0x00000000200005b8        0x0 c:/st/stm32cubeide_1.11.2/stm32cubeide/plugins/com.st.stm32cube.ide.mcu.externaltools.gnu-tools-for-stm32.10.3-2021.10.win32_1.0.200.202301161003/tools/bin/../lib/gcc/arm-none-eabi/10.3.1/thumb/v7e-m+fp/hard/crtbegin.o
                0x00000000200005b8                . = ALIGN (0x4)

.bss            0x00000000200005c0      0x79c load address 0x0000000008006808
                0x00000000200005c0                _sbss = .
                0x00000000200005c0                __bss_start__ = _sbss
 *(.bss)
 .bss           0x00000000200005c0       0x1c c:/st/stm32cubeide_1.11.2/stm32cubeide/plugins/com.st.stm32cube.ide.mcu.externaltools.gnu-tools-for-stm32.10.3-2021.10.win32_1.0.200.202301161003/tools/bin/../lib/gcc/arm-none-eabi/10.3.1/thumb/v7e-m+fp/hard/crtbegin.o
 *(.bss*)
 .bss.hcrc      0x00000000200005dc        0x8 ./Core/Src/crc.o
                0x00000000200005dc                hcrc
 .bss.network   0x00000000200005e4        0x4 ./Core/Src/main.o
 *fill*         0x00000000200005e8       0x18 
 .bss.activations
                0x0000000020000600      0x658 ./Core/Src/main.o
 *fill*         0x0000000020000c58        0x8 
 .bss.in_data   0x0000000020000c60       0x18 ./Core/Src/main.o
 *fill*         0x0000000020000c78        0x8 
 .bss.out_data  0x0000000020000c80        0x4 ./Core/Src/main.o
 .bss.ai_input  0x0000000020000c84        0x4 ./Core/Src/main.o
 .bss.ai_output
                0x0000000020000c88        0x4 ./Core/Src/main.o
 .bss.huart2    0x0000000020000c8c       0x44 ./Core/Src/usart.o
                0x0000000020000c8c                huart2
 .bss.uwTick    0x0000000020000cd0        0x4 ./Drivers/STM32F4xx_HAL_Driver/stm32f4xx_hal.o
                0x0000000020000cd0                uwTick
 .bss.g_network_activations_map
                0x0000000020000cd4        0x4 ./X-CUBE-AI/App/network.o
 .bss.g_network_weights_map
                0x0000000020000cd8        0x4 ./X-CUBE-AI/App/network.o
 .bss.__compound_literal.20
                0x0000000020000cdc        0x4 ./X-CUBE-AI/App/network.o
 .bss.__compound_literal.21
                0x0000000020000ce0        0x4 ./X-CUBE-AI/App/network.o
 .bss.__compound_literal.26
                0x0000000020000ce4        0x4 ./X-CUBE-AI/App/network.o
 .bss.__compound_literal.30
                0x0000000020000ce8        0x4 ./X-CUBE-AI/App/network.o
 .bss.__compound_literal.31
                0x0000000020000cec        0x4 ./X-CUBE-AI/App/network.o
 .bss.__compound_literal.36
                0x0000000020000cf0        0x4 ./X-CUBE-AI/App/network.o
 .bss.__compound_literal.43
                0x0000000020000cf4       0x1c ./X-CUBE-AI/App/network.o
 .bss.__compound_literal.44
                0x0000000020000d10       0x10 ./X-CUBE-AI/App/network.o
 .bss.__compound_literal.45
                0x0000000020000d20        0x8 ./X-CUBE-AI/App/network.o
 .bss.__compound_literal.48
                0x0000000020000d28       0x1c ./X-CUBE-AI/App/network.o
 .bss.__compound_literal.49
                0x0000000020000d44       0x10 ./X-CUBE-AI/App/network.o
 .bss.__compound_literal.50
                0x0000000020000d54        0x8 ./X-CUBE-AI/App/network.o
 *(COMMON)
                0x0000000020000d5c                . = ALIGN (0x4)
                0x0000000020000d5c                _ebss = .
                0x0000000020000d5c                __bss_end__ = _ebss

._user_heap_stack
                0x0000000020000d5c     0x1004 load address 0x0000000008006808
                0x0000000020000d60                . = ALIGN (0x8)
 *fill*         0x0000000020000d5c        0x4 
                [!provide]                        PROVIDE (end = .)
                0x0000000020000d60                PROVIDE (_end = .)
                0x0000000020001560                . = (. + _Min_Heap_Size)
 *fill*         0x0000000020000d60      0x800 
                0x0000000020001d60                . = (. + _Min_Stack_Size)
 *fill*         0x0000000020001560      0x800 
                0x0000000020001d60                . = ALIGN (0x8)

/DISCARD/
 libc.a(*)
 libm.a(*)
 libgcc.a(*)

.ARM.attributes
                0x0000000000000000       0x30
 *(.ARM.attributes)
 .ARM.attributes
                0x0000000000000000       0x1e c:/st/stm32cubeide_1.11.2/stm32cubeide/plugins/com.st.stm32cube.ide.mcu.externaltools.gnu-tools-for-stm32.10.3-2021.10.win32_1.0.200.202301161003/tools/bin/../lib/gcc/arm-none-eabi/10.3.1/thumb/v7e-m+fp/hard/crti.o
 .ARM.attributes
                0x000000000000001e       0x34 c:/st/stm32cubeide_1.11.2/stm32cubeide/plugins/com.st.stm32cube.ide.mcu.externaltools.gnu-tools-for-stm32.10.3-2021.10.win32_1.0.200.202301161003/tools/bin/../lib/gcc/arm-none-eabi/10.3.1/thumb/v7e-m+fp/hard/crtbegin.o
 .ARM.attributes
                0x0000000000000052       0x34 ./Core/Src/crc.o
 .ARM.attributes
                0x0000000000000086       0x34 ./Core/Src/gpio.o
 .ARM.attributes
                0x00000000000000ba       0x34 ./Core/Src/main.o
 .ARM.attributes
                0x00000000000000ee       0x34 ./Core/Src/stm32f4xx_hal_msp.o
 .ARM.attributes
                0x0000000000000122       0x34 ./Core/Src/stm32f4xx_it.o
 .ARM.attributes
                0x0000000000000156       0x34 ./Core/Src/system_stm32f4xx.o
 .ARM.attributes
                0x000000000000018a       0x34 ./Core/Src/usart.o
 .ARM.attributes
                0x00000000000001be       0x21 ./Core/Startup/startup_stm32f446retx.o
 .ARM.attributes
                0x00000000000001df       0x34 ./Drivers/STM32F4xx_HAL_Driver/stm32f4xx_hal.o
 .ARM.attributes
                0x0000000000000213       0x34 ./Drivers/STM32F4xx_HAL_Driver/stm32f4xx_hal_cortex.o
 .ARM.attributes
                0x0000000000000247       0x34 ./Drivers/STM32F4xx_HAL_Driver/stm32f4xx_hal_crc.o
 .ARM.attributes
                0x000000000000027b       0x34 ./Drivers/STM32F4xx_HAL_Driver/stm32f4xx_hal_gpio.o
 .ARM.attributes
                0x00000000000002af       0x34 ./Drivers/STM32F4xx_HAL_Driver/stm32f4xx_hal_pwr_ex.o
 .ARM.attributes
                0x00000000000002e3       0x34 ./Drivers/STM32F4xx_HAL_Driver/stm32f4xx_hal_rcc.o
 .ARM.attributes
                0x0000000000000317       0x34 ./Drivers/STM32F4xx_HAL_Driver/stm32f4xx_hal_rcc_ex.o
 .ARM.attributes
                0x000000000000034b       0x34 ./Drivers/STM32F4xx_HAL_Driver/stm32f4xx_hal_uart.o
 .ARM.attributes
                0x000000000000037f       0x34 ./X-CUBE-AI/App/network.o
 .ARM.attributes
                0x00000000000003b3       0x34 ./X-CUBE-AI/App/network_data.o
 .ARM.attributes
                0x00000000000003e7       0x34 ./X-CUBE-AI/App/network_data_params.o
 .ARM.attributes
                0x000000000000041b       0x30 ../Middlewares/ST/AI/Lib\NetworkRuntime800_CM4_GCC.a(ai_platform.o)
 .ARM.attributes
                0x000000000000044b       0x30 ../Middlewares/ST/AI/Lib\NetworkRuntime800_CM4_GCC.a(ai_platform_interface.o)
 .ARM.attributes
                0x000000000000047b       0x30 ../Middlewares/ST/AI/Lib\NetworkRuntime800_CM4_GCC.a(core_common.o)
 .ARM.attributes
                0x00000000000004ab       0x30 ../Middlewares/ST/AI/Lib\NetworkRuntime800_CM4_GCC.a(layers_conv2d_generic_float.o)
 .ARM.attributes
                0x00000000000004db       0x30 ../Middlewares/ST/AI/Lib\NetworkRuntime800_CM4_GCC.a(layers_nl_generic_float.o)
 .ARM.attributes
                0x000000000000050b       0x30 ../Middlewares/ST/AI/Lib\NetworkRuntime800_CM4_GCC.a(layers.o)
 .ARM.attributes
                0x000000000000053b       0x30 ../Middlewares/ST/AI/Lib\NetworkRuntime800_CM4_GCC.a(lite_dense_if32.o)
 .ARM.attributes
                0x000000000000056b       0x30 ../Middlewares/ST/AI/Lib\NetworkRuntime800_CM4_GCC.a(ai_datatypes_internal.o)
 .ARM.attributes
                0x000000000000059b       0x30 ../Middlewares/ST/AI/Lib\NetworkRuntime800_CM4_GCC.a(ai_datatypes_format.o)
 .ARM.attributes
                0x00000000000005cb       0x34 c:/st/stm32cubeide_1.11.2/stm32cubeide/plugins/com.st.stm32cube.ide.mcu.externaltools.gnu-tools-for-stm32.10.3-2021.10.win32_1.0.200.202301161003/tools/bin/../lib/gcc/arm-none-eabi/10.3.1/../../../../arm-none-eabi/lib/thumb/v7e-m+fp/hard\libc_nano.a(lib_a-errno.o)
 .ARM.attributes
                0x00000000000005ff       0x34 c:/st/stm32cubeide_1.11.2/stm32cubeide/plugins/com.st.stm32cube.ide.mcu.externaltools.gnu-tools-for-stm32.10.3-2021.10.win32_1.0.200.202301161003/tools/bin/../lib/gcc/arm-none-eabi/10.3.1/../../../../arm-none-eabi/lib/thumb/v7e-m+fp/hard\libc_nano.a(lib_a-impure.o)
 .ARM.attributes
                0x0000000000000633       0x34 c:/st/stm32cubeide_1.11.2/stm32cubeide/plugins/com.st.stm32cube.ide.mcu.externaltools.gnu-tools-for-stm32.10.3-2021.10.win32_1.0.200.202301161003/tools/bin/../lib/gcc/arm-none-eabi/10.3.1/../../../../arm-none-eabi/lib/thumb/v7e-m+fp/hard\libc_nano.a(lib_a-init.o)
 .ARM.attributes
                0x0000000000000667       0x34 c:/st/stm32cubeide_1.11.2/stm32cubeide/plugins/com.st.stm32cube.ide.mcu.externaltools.gnu-tools-for-stm32.10.3-2021.10.win32_1.0.200.202301161003/tools/bin/../lib/gcc/arm-none-eabi/10.3.1/../../../../arm-none-eabi/lib/thumb/v7e-m+fp/hard\libc_nano.a(lib_a-memcpy-stub.o)
 .ARM.attributes
                0x000000000000069b       0x34 c:/st/stm32cubeide_1.11.2/stm32cubeide/plugins/com.st.stm32cube.ide.mcu.externaltools.gnu-tools-for-stm32.10.3-2021.10.win32_1.0.200.202301161003/tools/bin/../lib/gcc/arm-none-eabi/10.3.1/../../../../arm-none-eabi/lib/thumb/v7e-m+fp/hard\libc_nano.a(lib_a-memset.o)
 .ARM.attributes
                0x00000000000006cf       0x34 c:/st/stm32cubeide_1.11.2/stm32cubeide/plugins/com.st.stm32cube.ide.mcu.externaltools.gnu-tools-for-stm32.10.3-2021.10.win32_1.0.200.202301161003/tools/bin/../lib/gcc/arm-none-eabi/10.3.1/../../../../arm-none-eabi/lib/thumb/v7e-m+fp/hard\libc_nano.a(lib_a-findfp.o)
 .ARM.attributes
                0x0000000000000703       0x34 c:/st/stm32cubeide_1.11.2/stm32cubeide/plugins/com.st.stm32cube.ide.mcu.externaltools.gnu-tools-for-stm32.10.3-2021.10.win32_1.0.200.202301161003/tools/bin/../lib/gcc/arm-none-eabi/10.3.1/../../../../arm-none-eabi/lib/thumb/v7e-m+fp/hard\libm.a(lib_a-wf_exp.o)
 .ARM.attributes
                0x0000000000000737       0x34 c:/st/stm32cubeide_1.11.2/stm32cubeide/plugins/com.st.stm32cube.ide.mcu.externaltools.gnu-tools-for-stm32.10.3-2021.10.win32_1.0.200.202301161003/tools/bin/../lib/gcc/arm-none-eabi/10.3.1/../../../../arm-none-eabi/lib/thumb/v7e-m+fp/hard\libm.a(lib_a-ef_exp.o)
 .ARM.attributes
                0x000000000000076b       0x34 c:/st/stm32cubeide_1.11.2/stm32cubeide/plugins/com.st.stm32cube.ide.mcu.externaltools.gnu-tools-for-stm32.10.3-2021.10.win32_1.0.200.202301161003/tools/bin/../lib/gcc/arm-none-eabi/10.3.1/../../../../arm-none-eabi/lib/thumb/v7e-m+fp/hard\libm.a(lib_a-math_errf.o)
 .ARM.attributes
                0x000000000000079f       0x34 c:/st/stm32cubeide_1.11.2/stm32cubeide/plugins/com.st.stm32cube.ide.mcu.externaltools.gnu-tools-for-stm32.10.3-2021.10.win32_1.0.200.202301161003/tools/bin/../lib/gcc/arm-none-eabi/10.3.1/../../../../arm-none-eabi/lib/thumb/v7e-m+fp/hard\libm.a(lib_a-sf_finite.o)
 .ARM.attributes
                0x00000000000007d3       0x1e c:/st/stm32cubeide_1.11.2/stm32cubeide/plugins/com.st.stm32cube.ide.mcu.externaltools.gnu-tools-for-stm32.10.3-2021.10.win32_1.0.200.202301161003/tools/bin/../lib/gcc/arm-none-eabi/10.3.1/thumb/v7e-m+fp/hard\libgcc.a(_aeabi_uldivmod.o)
 .ARM.attributes
                0x00000000000007f1       0x34 c:/st/stm32cubeide_1.11.2/stm32cubeide/plugins/com.st.stm32cube.ide.mcu.externaltools.gnu-tools-for-stm32.10.3-2021.10.win32_1.0.200.202301161003/tools/bin/../lib/gcc/arm-none-eabi/10.3.1/thumb/v7e-m+fp/hard\libgcc.a(_udivmoddi4.o)
 .ARM.attributes
                0x0000000000000825       0x1e c:/st/stm32cubeide_1.11.2/stm32cubeide/plugins/com.st.stm32cube.ide.mcu.externaltools.gnu-tools-for-stm32.10.3-2021.10.win32_1.0.200.202301161003/tools/bin/../lib/gcc/arm-none-eabi/10.3.1/thumb/v7e-m+fp/hard\libgcc.a(_dvmd_tls.o)
 .ARM.attributes
                0x0000000000000843       0x1e c:/st/stm32cubeide_1.11.2/stm32cubeide/plugins/com.st.stm32cube.ide.mcu.externaltools.gnu-tools-for-stm32.10.3-2021.10.win32_1.0.200.202301161003/tools/bin/../lib/gcc/arm-none-eabi/10.3.1/thumb/v7e-m+fp/hard/crtn.o
OUTPUT(Deployment_test4.elf elf32-littlearm)
LOAD linker stubs
LOAD c:/st/stm32cubeide_1.11.2/stm32cubeide/plugins/com.st.stm32cube.ide.mcu.externaltools.gnu-tools-for-stm32.10.3-2021.10.win32_1.0.200.202301161003/tools/bin/../lib/gcc/arm-none-eabi/10.3.1/../../../../arm-none-eabi/lib/thumb/v7e-m+fp/hard\libc.a
LOAD c:/st/stm32cubeide_1.11.2/stm32cubeide/plugins/com.st.stm32cube.ide.mcu.externaltools.gnu-tools-for-stm32.10.3-2021.10.win32_1.0.200.202301161003/tools/bin/../lib/gcc/arm-none-eabi/10.3.1/../../../../arm-none-eabi/lib/thumb/v7e-m+fp/hard\libm.a
LOAD c:/st/stm32cubeide_1.11.2/stm32cubeide/plugins/com.st.stm32cube.ide.mcu.externaltools.gnu-tools-for-stm32.10.3-2021.10.win32_1.0.200.202301161003/tools/bin/../lib/gcc/arm-none-eabi/10.3.1/thumb/v7e-m+fp/hard\libgcc.a

.debug_info     0x0000000000000000     0xb83a
 .debug_info    0x0000000000000000      0x4b8 ./Core/Src/crc.o
 .debug_info    0x00000000000004b8      0x4a9 ./Core/Src/gpio.o
 .debug_info    0x0000000000000961      0xa17 ./Core/Src/main.o
 .debug_info    0x0000000000001378      0x2f3 ./Core/Src/stm32f4xx_hal_msp.o
 .debug_info    0x000000000000166b      0x121 ./Core/Src/stm32f4xx_it.o
 .debug_info    0x000000000000178c      0x55b ./Core/Src/system_stm32f4xx.o
 .debug_info    0x0000000000001ce7      0x9d8 ./Core/Src/usart.o
 .debug_info    0x00000000000026bf       0x22 ./Core/Startup/startup_stm32f446retx.o
 .debug_info    0x00000000000026e1      0x9d2 ./Drivers/STM32F4xx_HAL_Driver/stm32f4xx_hal.o
 .debug_info    0x00000000000030b3      0xe39 ./Drivers/STM32F4xx_HAL_Driver/stm32f4xx_hal_cortex.o
 .debug_info    0x0000000000003eec      0x3a6 ./Drivers/STM32F4xx_HAL_Driver/stm32f4xx_hal_crc.o
 .debug_info    0x0000000000004292      0x7be ./Drivers/STM32F4xx_HAL_Driver/stm32f4xx_hal_gpio.o
 .debug_info    0x0000000000004a50      0x702 ./Drivers/STM32F4xx_HAL_Driver/stm32f4xx_hal_pwr_ex.o
 .debug_info    0x0000000000005152      0x9ab ./Drivers/STM32F4xx_HAL_Driver/stm32f4xx_hal_rcc.o
 .debug_info    0x0000000000005afd      0x9ec ./Drivers/STM32F4xx_HAL_Driver/stm32f4xx_hal_rcc_ex.o
 .debug_info    0x00000000000064e9     0x31bc ./Drivers/STM32F4xx_HAL_Driver/stm32f4xx_hal_uart.o
 .debug_info    0x00000000000096a5     0x19f3 ./X-CUBE-AI/App/network.o
 .debug_info    0x000000000000b098      0x64c ./X-CUBE-AI/App/network_data.o
 .debug_info    0x000000000000b6e4      0x156 ./X-CUBE-AI/App/network_data_params.o

.debug_abbrev   0x0000000000000000     0x2171
 .debug_abbrev  0x0000000000000000      0x18e ./Core/Src/crc.o
 .debug_abbrev  0x000000000000018e      0x146 ./Core/Src/gpio.o
 .debug_abbrev  0x00000000000002d4      0x27b ./Core/Src/main.o
 .debug_abbrev  0x000000000000054f       0xf0 ./Core/Src/stm32f4xx_hal_msp.o
 .debug_abbrev  0x000000000000063f       0x74 ./Core/Src/stm32f4xx_it.o
 .debug_abbrev  0x00000000000006b3      0x116 ./Core/Src/system_stm32f4xx.o
 .debug_abbrev  0x00000000000007c9      0x1e7 ./Core/Src/usart.o
 .debug_abbrev  0x00000000000009b0       0x12 ./Core/Startup/startup_stm32f446retx.o
 .debug_abbrev  0x00000000000009c2      0x20d ./Drivers/STM32F4xx_HAL_Driver/stm32f4xx_hal.o
 .debug_abbrev  0x0000000000000bcf      0x316 ./Drivers/STM32F4xx_HAL_Driver/stm32f4xx_hal_cortex.o
 .debug_abbrev  0x0000000000000ee5      0x19e ./Drivers/STM32F4xx_HAL_Driver/stm32f4xx_hal_crc.o
 .debug_abbrev  0x0000000000001083      0x1c4 ./Drivers/STM32F4xx_HAL_Driver/stm32f4xx_hal_gpio.o
 .debug_abbrev  0x0000000000001247      0x1c9 ./Drivers/STM32F4xx_HAL_Driver/stm32f4xx_hal_pwr_ex.o
 .debug_abbrev  0x0000000000001410      0x2aa ./Drivers/STM32F4xx_HAL_Driver/stm32f4xx_hal_rcc.o
 .debug_abbrev  0x00000000000016ba      0x1fb ./Drivers/STM32F4xx_HAL_Driver/stm32f4xx_hal_rcc_ex.o
 .debug_abbrev  0x00000000000018b5      0x2f4 ./Drivers/STM32F4xx_HAL_Driver/stm32f4xx_hal_uart.o
 .debug_abbrev  0x0000000000001ba9      0x31b ./X-CUBE-AI/App/network.o
 .debug_abbrev  0x0000000000001ec4      0x205 ./X-CUBE-AI/App/network_data.o
 .debug_abbrev  0x00000000000020c9       0xa8 ./X-CUBE-AI/App/network_data_params.o

.debug_aranges  0x0000000000000000      0x870
 .debug_aranges
                0x0000000000000000       0x30 ./Core/Src/crc.o
 .debug_aranges
                0x0000000000000030       0x20 ./Core/Src/gpio.o
 .debug_aranges
                0x0000000000000050       0x40 ./Core/Src/main.o
 .debug_aranges
                0x0000000000000090       0x20 ./Core/Src/stm32f4xx_hal_msp.o
 .debug_aranges
                0x00000000000000b0       0x60 ./Core/Src/stm32f4xx_it.o
 .debug_aranges
                0x0000000000000110       0x28 ./Core/Src/system_stm32f4xx.o
 .debug_aranges
                0x0000000000000138       0x30 ./Core/Src/usart.o
 .debug_aranges
                0x0000000000000168       0x28 ./Core/Startup/startup_stm32f446retx.o
 .debug_aranges
                0x0000000000000190       0xf0 ./Drivers/STM32F4xx_HAL_Driver/stm32f4xx_hal.o
 .debug_aranges
                0x0000000000000280      0x118 ./Drivers/STM32F4xx_HAL_Driver/stm32f4xx_hal_cortex.o
 .debug_aranges
                0x0000000000000398       0x50 ./Drivers/STM32F4xx_HAL_Driver/stm32f4xx_hal_crc.o
 .debug_aranges
                0x00000000000003e8       0x58 ./Drivers/STM32F4xx_HAL_Driver/stm32f4xx_hal_gpio.o
 .debug_aranges
                0x0000000000000440       0x60 ./Drivers/STM32F4xx_HAL_Driver/stm32f4xx_hal_pwr_ex.o
 .debug_aranges
                0x00000000000004a0       0x88 ./Drivers/STM32F4xx_HAL_Driver/stm32f4xx_hal_rcc.o
 .debug_aranges
                0x0000000000000528       0x78 ./Drivers/STM32F4xx_HAL_Driver/stm32f4xx_hal_rcc_ex.o
 .debug_aranges
                0x00000000000005a0      0x200 ./Drivers/STM32F4xx_HAL_Driver/stm32f4xx_hal_uart.o
 .debug_aranges
                0x00000000000007a0       0x80 ./X-CUBE-AI/App/network.o
 .debug_aranges
                0x0000000000000820       0x38 ./X-CUBE-AI/App/network_data.o
 .debug_aranges
                0x0000000000000858       0x18 ./X-CUBE-AI/App/network_data_params.o

.debug_ranges   0x0000000000000000      0x770
 .debug_ranges  0x0000000000000000       0x20 ./Core/Src/crc.o
 .debug_ranges  0x0000000000000020       0x10 ./Core/Src/gpio.o
 .debug_ranges  0x0000000000000030       0x30 ./Core/Src/main.o
 .debug_ranges  0x0000000000000060       0x10 ./Core/Src/stm32f4xx_hal_msp.o
 .debug_ranges  0x0000000000000070       0x50 ./Core/Src/stm32f4xx_it.o
 .debug_ranges  0x00000000000000c0       0x18 ./Core/Src/system_stm32f4xx.o
 .debug_ranges  0x00000000000000d8       0x20 ./Core/Src/usart.o
 .debug_ranges  0x00000000000000f8       0x20 ./Core/Startup/startup_stm32f446retx.o
 .debug_ranges  0x0000000000000118       0xe0 ./Drivers/STM32F4xx_HAL_Driver/stm32f4xx_hal.o
 .debug_ranges  0x00000000000001f8      0x108 ./Drivers/STM32F4xx_HAL_Driver/stm32f4xx_hal_cortex.o
 .debug_ranges  0x0000000000000300       0x40 ./Drivers/STM32F4xx_HAL_Driver/stm32f4xx_hal_crc.o
 .debug_ranges  0x0000000000000340       0x48 ./Drivers/STM32F4xx_HAL_Driver/stm32f4xx_hal_gpio.o
 .debug_ranges  0x0000000000000388       0x50 ./Drivers/STM32F4xx_HAL_Driver/stm32f4xx_hal_pwr_ex.o
 .debug_ranges  0x00000000000003d8       0x78 ./Drivers/STM32F4xx_HAL_Driver/stm32f4xx_hal_rcc.o
 .debug_ranges  0x0000000000000450       0x68 ./Drivers/STM32F4xx_HAL_Driver/stm32f4xx_hal_rcc_ex.o
 .debug_ranges  0x00000000000004b8      0x220 ./Drivers/STM32F4xx_HAL_Driver/stm32f4xx_hal_uart.o
 .debug_ranges  0x00000000000006d8       0x70 ./X-CUBE-AI/App/network.o
 .debug_ranges  0x0000000000000748       0x28 ./X-CUBE-AI/App/network_data.o

.debug_macro    0x0000000000000000    0x2320f
 .debug_macro   0x0000000000000000      0x1dd ./Core/Src/crc.o
 .debug_macro   0x00000000000001dd      0xa78 ./Core/Src/crc.o
 .debug_macro   0x0000000000000c55      0x29b ./Core/Src/crc.o
 .debug_macro   0x0000000000000ef0       0x2e ./Core/Src/crc.o
 .debug_macro   0x0000000000000f1e       0x28 ./Core/Src/crc.o
 .debug_macro   0x0000000000000f46       0x22 ./Core/Src/crc.o
 .debug_macro   0x0000000000000f68       0x8e ./Core/Src/crc.o
 .debug_macro   0x0000000000000ff6       0x51 ./Core/Src/crc.o
 .debug_macro   0x0000000000001047      0x103 ./Core/Src/crc.o
 .debug_macro   0x000000000000114a       0x6a ./Core/Src/crc.o
 .debug_macro   0x00000000000011b4      0x1df ./Core/Src/crc.o
 .debug_macro   0x0000000000001393       0x1c ./Core/Src/crc.o
 .debug_macro   0x00000000000013af       0x22 ./Core/Src/crc.o
 .debug_macro   0x00000000000013d1       0xd9 ./Core/Src/crc.o
 .debug_macro   0x00000000000014aa     0x102d ./Core/Src/crc.o
 .debug_macro   0x00000000000024d7      0x11f ./Core/Src/crc.o
 .debug_macro   0x00000000000025f6    0x16749 ./Core/Src/crc.o
 .debug_macro   0x0000000000018d3f       0x6d ./Core/Src/crc.o
 .debug_macro   0x0000000000018dac     0x367e ./Core/Src/crc.o
 .debug_macro   0x000000000001c42a      0x174 ./Core/Src/crc.o
 .debug_macro   0x000000000001c59e       0x5c ./Core/Src/crc.o
 .debug_macro   0x000000000001c5fa      0xc90 ./Core/Src/crc.o
 .debug_macro   0x000000000001d28a      0x9fe ./Core/Src/crc.o
 .debug_macro   0x000000000001dc88      0x115 ./Core/Src/crc.o
 .debug_macro   0x000000000001dd9d      0x1a0 ./Core/Src/crc.o
 .debug_macro   0x000000000001df3d       0xa5 ./Core/Src/crc.o
 .debug_macro   0x000000000001dfe2      0x16d ./Core/Src/crc.o
 .debug_macro   0x000000000001e14f      0x287 ./Core/Src/crc.o
 .debug_macro   0x000000000001e3d6       0x5f ./Core/Src/crc.o
 .debug_macro   0x000000000001e435      0x236 ./Core/Src/crc.o
 .debug_macro   0x000000000001e66b       0x22 ./Core/Src/crc.o
 .debug_macro   0x000000000001e68d      0x132 ./Core/Src/crc.o
 .debug_macro   0x000000000001e7bf      0x29c ./Core/Src/crc.o
 .debug_macro   0x000000000001ea5b       0x2e ./Core/Src/crc.o
 .debug_macro   0x000000000001ea89      0x11a ./Core/Src/crc.o
 .debug_macro   0x000000000001eba3       0xe8 ./Core/Src/crc.o
 .debug_macro   0x000000000001ec8b       0x89 ./Core/Src/crc.o
 .debug_macro   0x000000000001ed14      0x295 ./Core/Src/crc.o
 .debug_macro   0x000000000001efa9      0x126 ./Core/Src/crc.o
 .debug_macro   0x000000000001f0cf       0x58 ./Core/Src/crc.o
 .debug_macro   0x000000000001f127      0x1dd ./Core/Src/gpio.o
 .debug_macro   0x000000000001f304      0x3cb ./Core/Src/main.o
 .debug_macro   0x000000000001f6cf       0x52 ./Core/Src/main.o
 .debug_macro   0x000000000001f721       0x1e ./Core/Src/main.o
 .debug_macro   0x000000000001f73f       0x3c ./Core/Src/main.o
 .debug_macro   0x000000000001f77b       0x3a ./Core/Src/main.o
 .debug_macro   0x000000000001f7b5       0x35 ./Core/Src/main.o
 .debug_macro   0x000000000001f7ea      0x460 ./Core/Src/main.o
 .debug_macro   0x000000000001fc4a       0x46 ./Core/Src/main.o
 .debug_macro   0x000000000001fc90       0x22 ./Core/Src/main.o
 .debug_macro   0x000000000001fcb2      0x304 ./Core/Src/main.o
 .debug_macro   0x000000000001ffb6       0x1c ./Core/Src/main.o
 .debug_macro   0x000000000001ffd2      0x341 ./Core/Src/main.o
 .debug_macro   0x0000000000020313       0x10 ./Core/Src/main.o
 .debug_macro   0x0000000000020323       0x16 ./Core/Src/main.o
 .debug_macro   0x0000000000020339       0x43 ./Core/Src/main.o
 .debug_macro   0x000000000002037c       0x34 ./Core/Src/main.o
 .debug_macro   0x00000000000203b0       0x10 ./Core/Src/main.o
 .debug_macro   0x00000000000203c0       0x58 ./Core/Src/main.o
 .debug_macro   0x0000000000020418       0x71 ./Core/Src/main.o
 .debug_macro   0x0000000000020489       0x1c ./Core/Src/main.o
 .debug_macro   0x00000000000204a5      0x12a ./Core/Src/main.o
 .debug_macro   0x00000000000205cf       0x10 ./Core/Src/main.o
 .debug_macro   0x00000000000205df       0x1c ./Core/Src/main.o
 .debug_macro   0x00000000000205fb       0x52 ./Core/Src/main.o
 .debug_macro   0x000000000002064d       0x22 ./Core/Src/main.o
 .debug_macro   0x000000000002066f       0x10 ./Core/Src/main.o
 .debug_macro   0x000000000002067f       0x52 ./Core/Src/main.o
 .debug_macro   0x00000000000206d1       0xd5 ./Core/Src/main.o
 .debug_macro   0x00000000000207a6       0x1c ./Core/Src/main.o
 .debug_macro   0x00000000000207c2       0x3d ./Core/Src/main.o
 .debug_macro   0x00000000000207ff       0x16 ./Core/Src/main.o
 .debug_macro   0x0000000000020815      0x145 ./Core/Src/main.o
 .debug_macro   0x000000000002095a       0x7c ./Core/Src/main.o
 .debug_macro   0x00000000000209d6       0x7c ./Core/Src/main.o
 .debug_macro   0x0000000000020a52       0x4c ./Core/Src/main.o
 .debug_macro   0x0000000000020a9e       0x10 ./Core/Src/main.o
 .debug_macro   0x0000000000020aae      0x1d3 ./Core/Src/stm32f4xx_hal_msp.o
 .debug_macro   0x0000000000020c81      0x1dd ./Core/Src/stm32f4xx_it.o
 .debug_macro   0x0000000000020e5e      0x1c4 ./Core/Src/system_stm32f4xx.o
 .debug_macro   0x0000000000021022      0x1dd ./Core/Src/usart.o
 .debug_macro   0x00000000000211ff      0x224 ./Drivers/STM32F4xx_HAL_Driver/stm32f4xx_hal.o
 .debug_macro   0x0000000000021423      0x1c4 ./Drivers/STM32F4xx_HAL_Driver/stm32f4xx_hal_cortex.o
 .debug_macro   0x00000000000215e7      0x1c4 ./Drivers/STM32F4xx_HAL_Driver/stm32f4xx_hal_crc.o
 .debug_macro   0x00000000000217ab      0x1ca ./Drivers/STM32F4xx_HAL_Driver/stm32f4xx_hal_gpio.o
 .debug_macro   0x0000000000021975      0x1dc ./Drivers/STM32F4xx_HAL_Driver/stm32f4xx_hal_pwr_ex.o
 .debug_macro   0x0000000000021b51      0x1e8 ./Drivers/STM32F4xx_HAL_Driver/stm32f4xx_hal_rcc.o
 .debug_macro   0x0000000000021d39      0x1c4 ./Drivers/STM32F4xx_HAL_Driver/stm32f4xx_hal_rcc_ex.o
 .debug_macro   0x0000000000021efd      0x1c5 ./Drivers/STM32F4xx_HAL_Driver/stm32f4xx_hal_uart.o
 .debug_macro   0x00000000000220c2      0x3be ./X-CUBE-AI/App/network.o
 .debug_macro   0x0000000000022480       0x22 ./X-CUBE-AI/App/network.o
 .debug_macro   0x00000000000224a2       0x16 ./X-CUBE-AI/App/network.o
 .debug_macro   0x00000000000224b8       0x10 ./X-CUBE-AI/App/network.o
 .debug_macro   0x00000000000224c8       0x22 ./X-CUBE-AI/App/network.o
 .debug_macro   0x00000000000224ea      0x224 ./X-CUBE-AI/App/network.o
 .debug_macro   0x000000000002270e       0x2e ./X-CUBE-AI/App/network.o
 .debug_macro   0x000000000002273c      0x1c6 ./X-CUBE-AI/App/network.o
 .debug_macro   0x0000000000022902      0x19b ./X-CUBE-AI/App/network.o
 .debug_macro   0x0000000000022a9d      0x1e1 ./X-CUBE-AI/App/network.o
 .debug_macro   0x0000000000022c7e       0x42 ./X-CUBE-AI/App/network.o
 .debug_macro   0x0000000000022cc0       0x3a ./X-CUBE-AI/App/network.o
 .debug_macro   0x0000000000022cfa       0xeb ./X-CUBE-AI/App/network.o
 .debug_macro   0x0000000000022de5       0x16 ./X-CUBE-AI/App/network.o
 .debug_macro   0x0000000000022dfb       0x5b ./X-CUBE-AI/App/network.o
 .debug_macro   0x0000000000022e56       0x25 ./X-CUBE-AI/App/network.o
 .debug_macro   0x0000000000022e7b       0x12 ./X-CUBE-AI/App/network.o
 .debug_macro   0x0000000000022e8d       0x11 ./X-CUBE-AI/App/network.o
 .debug_macro   0x0000000000022e9e       0x2e ./X-CUBE-AI/App/network.o
 .debug_macro   0x0000000000022ecc       0x2e ./X-CUBE-AI/App/network.o
 .debug_macro   0x0000000000022efa      0x1e5 ./X-CUBE-AI/App/network_data.o
 .debug_macro   0x00000000000230df       0x46 ./X-CUBE-AI/App/network_data.o
 .debug_macro   0x0000000000023125       0xea ./X-CUBE-AI/App/network_data_params.o

.debug_line     0x0000000000000000     0xd925
 .debug_line    0x0000000000000000      0x7e1 ./Core/Src/crc.o
 .debug_line    0x00000000000007e1      0x7bf ./Core/Src/gpio.o
 .debug_line    0x0000000000000fa0      0xb8c ./Core/Src/main.o
 .debug_line    0x0000000000001b2c      0x7a6 ./Core/Src/stm32f4xx_hal_msp.o
 .debug_line    0x00000000000022d2      0x868 ./Core/Src/stm32f4xx_it.o
 .debug_line    0x0000000000002b3a      0x827 ./Core/Src/system_stm32f4xx.o
 .debug_line    0x0000000000003361      0x80f ./Core/Src/usart.o
 .debug_line    0x0000000000003b70       0x88 ./Core/Startup/startup_stm32f446retx.o
 .debug_line    0x0000000000003bf8      0xacc ./Drivers/STM32F4xx_HAL_Driver/stm32f4xx_hal.o
 .debug_line    0x00000000000046c4      0xd7b ./Drivers/STM32F4xx_HAL_Driver/stm32f4xx_hal_cortex.o
 .debug_line    0x000000000000543f      0x92b ./Drivers/STM32F4xx_HAL_Driver/stm32f4xx_hal_crc.o
 .debug_line    0x0000000000005d6a      0xc2c ./Drivers/STM32F4xx_HAL_Driver/stm32f4xx_hal_gpio.o
 .debug_line    0x0000000000006996      0x9fb ./Drivers/STM32F4xx_HAL_Driver/stm32f4xx_hal_pwr_ex.o
 .debug_line    0x0000000000007391      0xe54 ./Drivers/STM32F4xx_HAL_Driver/stm32f4xx_hal_rcc.o
 .debug_line    0x00000000000081e5     0x14df ./Drivers/STM32F4xx_HAL_Driver/stm32f4xx_hal_rcc_ex.o
 .debug_line    0x00000000000096c4     0x2b71 ./Drivers/STM32F4xx_HAL_Driver/stm32f4xx_hal_uart.o
 .debug_line    0x000000000000c235      0xb95 ./X-CUBE-AI/App/network.o
 .debug_line    0x000000000000cdca      0x678 ./X-CUBE-AI/App/network_data.o
 .debug_line    0x000000000000d442      0x4e3 ./X-CUBE-AI/App/network_data_params.o

.debug_str      0x0000000000000000    0xd4135
 .debug_str     0x0000000000000000    0xc216c ./Core/Src/crc.o
                                      0xc2412 (size before relaxing)
 .debug_str     0x00000000000c216c       0xde ./Core/Src/gpio.o
                                      0xc2362 (size before relaxing)
 .debug_str     0x00000000000c224a     0x7b13 ./Core/Src/main.o
                                      0xc9eaf (size before relaxing)
 .debug_str     0x00000000000c9d5d       0x49 ./Core/Src/stm32f4xx_hal_msp.o
                                      0xc22b4 (size before relaxing)
 .debug_str     0x00000000000c9da6       0xc9 ./Core/Src/stm32f4xx_it.o
                                      0xc21f8 (size before relaxing)
 .debug_str     0x00000000000c9e6f       0xdb ./Core/Src/system_stm32f4xx.o
                                      0xc2221 (size before relaxing)
 .debug_str     0x00000000000c9f4a      0x415 ./Core/Src/usart.o
                                      0xc27f7 (size before relaxing)
 .debug_str     0x00000000000ca35f       0x36 ./Core/Startup/startup_stm32f446retx.o
                                         0x6c (size before relaxing)
 .debug_str     0x00000000000ca395      0xb5a ./Drivers/STM32F4xx_HAL_Driver/stm32f4xx_hal.o
                                      0xc2e25 (size before relaxing)
 .debug_str     0x00000000000caeef      0x384 ./Drivers/STM32F4xx_HAL_Driver/stm32f4xx_hal_cortex.o
                                      0xc2b33 (size before relaxing)
 .debug_str     0x00000000000cb273       0xdc ./Drivers/STM32F4xx_HAL_Driver/stm32f4xx_hal_crc.o
                                      0xc2269 (size before relaxing)
 .debug_str     0x00000000000cb34f      0x15b ./Drivers/STM32F4xx_HAL_Driver/stm32f4xx_hal_gpio.o
                                      0xc23db (size before relaxing)
 .debug_str     0x00000000000cb4aa      0x174 ./Drivers/STM32F4xx_HAL_Driver/stm32f4xx_hal_pwr_ex.o
                                      0xc2438 (size before relaxing)
 .debug_str     0x00000000000cb61e      0x272 ./Drivers/STM32F4xx_HAL_Driver/stm32f4xx_hal_rcc.o
                                      0xc2699 (size before relaxing)
 .debug_str     0x00000000000cb890      0x35b ./Drivers/STM32F4xx_HAL_Driver/stm32f4xx_hal_rcc_ex.o
                                      0xc26cc (size before relaxing)
 .debug_str     0x00000000000cbbeb      0x694 ./Drivers/STM32F4xx_HAL_Driver/stm32f4xx_hal_uart.o
                                      0xc2c0e (size before relaxing)
 .debug_str     0x00000000000cc27f     0x7d58 ./X-CUBE-AI/App/network.o
                                      0x12743 (size before relaxing)
 .debug_str     0x00000000000d3fd7      0x11b ./X-CUBE-AI/App/network_data.o
                                       0xe283 (size before relaxing)
 .debug_str     0x00000000000d40f2       0x43 ./X-CUBE-AI/App/network_data_params.o
                                       0x77d2 (size before relaxing)

.comment        0x0000000000000000       0x50
 .comment       0x0000000000000000       0x50 ./Core/Src/crc.o
                                         0x51 (size before relaxing)
 .comment       0x0000000000000050       0x51 ./Core/Src/gpio.o
 .comment       0x0000000000000050       0x51 ./Core/Src/main.o
 .comment       0x0000000000000050       0x51 ./Core/Src/stm32f4xx_hal_msp.o
 .comment       0x0000000000000050       0x51 ./Core/Src/stm32f4xx_it.o
 .comment       0x0000000000000050       0x51 ./Core/Src/system_stm32f4xx.o
 .comment       0x0000000000000050       0x51 ./Core/Src/usart.o
 .comment       0x0000000000000050       0x51 ./Drivers/STM32F4xx_HAL_Driver/stm32f4xx_hal.o
 .comment       0x0000000000000050       0x51 ./Drivers/STM32F4xx_HAL_Driver/stm32f4xx_hal_cortex.o
 .comment       0x0000000000000050       0x51 ./Drivers/STM32F4xx_HAL_Driver/stm32f4xx_hal_crc.o
 .comment       0x0000000000000050       0x51 ./Drivers/STM32F4xx_HAL_Driver/stm32f4xx_hal_gpio.o
 .comment       0x0000000000000050       0x51 ./Drivers/STM32F4xx_HAL_Driver/stm32f4xx_hal_pwr_ex.o
 .comment       0x0000000000000050       0x51 ./Drivers/STM32F4xx_HAL_Driver/stm32f4xx_hal_rcc.o
 .comment       0x0000000000000050       0x51 ./Drivers/STM32F4xx_HAL_Driver/stm32f4xx_hal_rcc_ex.o
 .comment       0x0000000000000050       0x51 ./Drivers/STM32F4xx_HAL_Driver/stm32f4xx_hal_uart.o
 .comment       0x0000000000000050       0x51 ./X-CUBE-AI/App/network.o
 .comment       0x0000000000000050       0x51 ./X-CUBE-AI/App/network_data.o
 .comment       0x0000000000000050       0x51 ./X-CUBE-AI/App/network_data_params.o
 .comment       0x0000000000000050       0x51 ../Middlewares/ST/AI/Lib\NetworkRuntime800_CM4_GCC.a(ai_platform.o)
 .comment       0x0000000000000050       0x51 ../Middlewares/ST/AI/Lib\NetworkRuntime800_CM4_GCC.a(ai_platform_interface.o)
 .comment       0x0000000000000050       0x51 ../Middlewares/ST/AI/Lib\NetworkRuntime800_CM4_GCC.a(core_common.o)
 .comment       0x0000000000000050       0x51 ../Middlewares/ST/AI/Lib\NetworkRuntime800_CM4_GCC.a(layers_conv2d_generic_float.o)
 .comment       0x0000000000000050       0x51 ../Middlewares/ST/AI/Lib\NetworkRuntime800_CM4_GCC.a(layers_nl_generic_float.o)
 .comment       0x0000000000000050       0x51 ../Middlewares/ST/AI/Lib\NetworkRuntime800_CM4_GCC.a(layers.o)
 .comment       0x0000000000000050       0x51 ../Middlewares/ST/AI/Lib\NetworkRuntime800_CM4_GCC.a(lite_dense_if32.o)
 .comment       0x0000000000000050       0x51 ../Middlewares/ST/AI/Lib\NetworkRuntime800_CM4_GCC.a(ai_datatypes_internal.o)
 .comment       0x0000000000000050       0x51 ../Middlewares/ST/AI/Lib\NetworkRuntime800_CM4_GCC.a(ai_datatypes_format.o)

.debug_frame    0x0000000000000000     0x2208
 .debug_frame   0x0000000000000000       0x7c ./Core/Src/crc.o
 .debug_frame   0x000000000000007c       0x34 ./Core/Src/gpio.o
 .debug_frame   0x00000000000000b0       0xb0 ./Core/Src/main.o
 .debug_frame   0x0000000000000160       0x34 ./Core/Src/stm32f4xx_hal_msp.o
 .debug_frame   0x0000000000000194      0x104 ./Core/Src/stm32f4xx_it.o
 .debug_frame   0x0000000000000298       0x58 ./Core/Src/system_stm32f4xx.o
 .debug_frame   0x00000000000002f0       0x74 ./Core/Src/usart.o
 .debug_frame   0x0000000000000364      0x374 ./Drivers/STM32F4xx_HAL_Driver/stm32f4xx_hal.o
 .debug_frame   0x00000000000006d8      0x498 ./Drivers/STM32F4xx_HAL_Driver/stm32f4xx_hal_cortex.o
 .debug_frame   0x0000000000000b70      0x120 ./Drivers/STM32F4xx_HAL_Driver/stm32f4xx_hal_crc.o
 .debug_frame   0x0000000000000c90      0x14c ./Drivers/STM32F4xx_HAL_Driver/stm32f4xx_hal_gpio.o
 .debug_frame   0x0000000000000ddc      0x14c ./Drivers/STM32F4xx_HAL_Driver/stm32f4xx_hal_pwr_ex.o
 .debug_frame   0x0000000000000f28      0x1f4 ./Drivers/STM32F4xx_HAL_Driver/stm32f4xx_hal_rcc.o
 .debug_frame   0x000000000000111c      0x1e8 ./Drivers/STM32F4xx_HAL_Driver/stm32f4xx_hal_rcc_ex.o
 .debug_frame   0x0000000000001304      0x92c ./Drivers/STM32F4xx_HAL_Driver/stm32f4xx_hal_uart.o
 .debug_frame   0x0000000000001c30      0x1ec ./X-CUBE-AI/App/network.o
 .debug_frame   0x0000000000001e1c       0xac ./X-CUBE-AI/App/network_data.o
 .debug_frame   0x0000000000001ec8       0x20 c:/st/stm32cubeide_1.11.2/stm32cubeide/plugins/com.st.stm32cube.ide.mcu.externaltools.gnu-tools-for-stm32.10.3-2021.10.win32_1.0.200.202301161003/tools/bin/../lib/gcc/arm-none-eabi/10.3.1/../../../../arm-none-eabi/lib/thumb/v7e-m+fp/hard\libc_nano.a(lib_a-errno.o)
 .debug_frame   0x0000000000001ee8       0x2c c:/st/stm32cubeide_1.11.2/stm32cubeide/plugins/com.st.stm32cube.ide.mcu.externaltools.gnu-tools-for-stm32.10.3-2021.10.win32_1.0.200.202301161003/tools/bin/../lib/gcc/arm-none-eabi/10.3.1/../../../../arm-none-eabi/lib/thumb/v7e-m+fp/hard\libc_nano.a(lib_a-init.o)
 .debug_frame   0x0000000000001f14       0x28 c:/st/stm32cubeide_1.11.2/stm32cubeide/plugins/com.st.stm32cube.ide.mcu.externaltools.gnu-tools-for-stm32.10.3-2021.10.win32_1.0.200.202301161003/tools/bin/../lib/gcc/arm-none-eabi/10.3.1/../../../../arm-none-eabi/lib/thumb/v7e-m+fp/hard\libc_nano.a(lib_a-memcpy-stub.o)
 .debug_frame   0x0000000000001f3c       0x20 c:/st/stm32cubeide_1.11.2/stm32cubeide/plugins/com.st.stm32cube.ide.mcu.externaltools.gnu-tools-for-stm32.10.3-2021.10.win32_1.0.200.202301161003/tools/bin/../lib/gcc/arm-none-eabi/10.3.1/../../../../arm-none-eabi/lib/thumb/v7e-m+fp/hard\libc_nano.a(lib_a-memset.o)
 .debug_frame   0x0000000000001f5c      0x14c c:/st/stm32cubeide_1.11.2/stm32cubeide/plugins/com.st.stm32cube.ide.mcu.externaltools.gnu-tools-for-stm32.10.3-2021.10.win32_1.0.200.202301161003/tools/bin/../lib/gcc/arm-none-eabi/10.3.1/../../../../arm-none-eabi/lib/thumb/v7e-m+fp/hard\libc_nano.a(lib_a-findfp.o)
 .debug_frame   0x00000000000020a8       0x3c c:/st/stm32cubeide_1.11.2/stm32cubeide/plugins/com.st.stm32cube.ide.mcu.externaltools.gnu-tools-for-stm32.10.3-2021.10.win32_1.0.200.202301161003/tools/bin/../lib/gcc/arm-none-eabi/10.3.1/../../../../arm-none-eabi/lib/thumb/v7e-m+fp/hard\libm.a(lib_a-wf_exp.o)
 .debug_frame   0x00000000000020e4       0x20 c:/st/stm32cubeide_1.11.2/stm32cubeide/plugins/com.st.stm32cube.ide.mcu.externaltools.gnu-tools-for-stm32.10.3-2021.10.win32_1.0.200.202301161003/tools/bin/../lib/gcc/arm-none-eabi/10.3.1/../../../../arm-none-eabi/lib/thumb/v7e-m+fp/hard\libm.a(lib_a-ef_exp.o)
 .debug_frame   0x0000000000002104       0x7c c:/st/stm32cubeide_1.11.2/stm32cubeide/plugins/com.st.stm32cube.ide.mcu.externaltools.gnu-tools-for-stm32.10.3-2021.10.win32_1.0.200.202301161003/tools/bin/../lib/gcc/arm-none-eabi/10.3.1/../../../../arm-none-eabi/lib/thumb/v7e-m+fp/hard\libm.a(lib_a-math_errf.o)
 .debug_frame   0x0000000000002180       0x28 c:/st/stm32cubeide_1.11.2/stm32cubeide/plugins/com.st.stm32cube.ide.mcu.externaltools.gnu-tools-for-stm32.10.3-2021.10.win32_1.0.200.202301161003/tools/bin/../lib/gcc/arm-none-eabi/10.3.1/../../../../arm-none-eabi/lib/thumb/v7e-m+fp/hard\libm.a(lib_a-sf_finite.o)
 .debug_frame   0x00000000000021a8       0x2c c:/st/stm32cubeide_1.11.2/stm32cubeide/plugins/com.st.stm32cube.ide.mcu.externaltools.gnu-tools-for-stm32.10.3-2021.10.win32_1.0.200.202301161003/tools/bin/../lib/gcc/arm-none-eabi/10.3.1/thumb/v7e-m+fp/hard\libgcc.a(_aeabi_uldivmod.o)
 .debug_frame   0x00000000000021d4       0x34 c:/st/stm32cubeide_1.11.2/stm32cubeide/plugins/com.st.stm32cube.ide.mcu.externaltools.gnu-tools-for-stm32.10.3-2021.10.win32_1.0.200.202301161003/tools/bin/../lib/gcc/arm-none-eabi/10.3.1/thumb/v7e-m+fp/hard\libgcc.a(_udivmoddi4.o)

.stabstr        0x0000000000000000      0x14d
 .stabstr       0x0000000000000000      0x14d c:/st/stm32cubeide_1.11.2/stm32cubeide/plugins/com.st.stm32cube.ide.mcu.externaltools.gnu-tools-for-stm32.10.3-2021.10.win32_1.0.200.202301161003/tools/bin/../lib/gcc/arm-none-eabi/10.3.1/../../../../arm-none-eabi/lib/thumb/v7e-m+fp/hard\libnosys.a(close.o)
