Archive member included to satisfy reference by file (symbol)

c:/st/stm32cubeide_1.11.2/stm32cubeide/plugins/com.st.stm32cube.ide.mcu.externaltools.gnu-tools-for-stm32.10.3-2021.10.win32_1.0.200.202301161003/tools/bin/../lib/gcc/arm-none-eabi/10.3.1/../../../../arm-none-eabi/lib/thumb/v7e-m+fp/hard\libc_nano.a(lib_a-errno.o)
                              ./Core/Src/syscalls.o (__errno)
c:/st/stm32cubeide_1.11.2/stm32cubeide/plugins/com.st.stm32cube.ide.mcu.externaltools.gnu-tools-for-stm32.10.3-2021.10.win32_1.0.200.202301161003/tools/bin/../lib/gcc/arm-none-eabi/10.3.1/../../../../arm-none-eabi/lib/thumb/v7e-m+fp/hard\libc_nano.a(lib_a-exit.o)
                              c:/st/stm32cubeide_1.11.2/stm32cubeide/plugins/com.st.stm32cube.ide.mcu.externaltools.gnu-tools-for-stm32.10.3-2021.10.win32_1.0.200.202301161003/tools/bin/../lib/gcc/arm-none-eabi/10.3.1/../../../../arm-none-eabi/lib/thumb/v7e-m+fp/hard/crt0.o (exit)
c:/st/stm32cubeide_1.11.2/stm32cubeide/plugins/com.st.stm32cube.ide.mcu.externaltools.gnu-tools-for-stm32.10.3-2021.10.win32_1.0.200.202301161003/tools/bin/../lib/gcc/arm-none-eabi/10.3.1/../../../../arm-none-eabi/lib/thumb/v7e-m+fp/hard\libc_nano.a(lib_a-impure.o)
                              c:/st/stm32cubeide_1.11.2/stm32cubeide/plugins/com.st.stm32cube.ide.mcu.externaltools.gnu-tools-for-stm32.10.3-2021.10.win32_1.0.200.202301161003/tools/bin/../lib/gcc/arm-none-eabi/10.3.1/../../../../arm-none-eabi/lib/thumb/v7e-m+fp/hard\libc_nano.a(lib_a-exit.o) (_global_impure_ptr)
c:/st/stm32cubeide_1.11.2/stm32cubeide/plugins/com.st.stm32cube.ide.mcu.externaltools.gnu-tools-for-stm32.10.3-2021.10.win32_1.0.200.202301161003/tools/bin/../lib/gcc/arm-none-eabi/10.3.1/../../../../arm-none-eabi/lib/thumb/v7e-m+fp/hard\libc_nano.a(lib_a-init.o)
                              c:/st/stm32cubeide_1.11.2/stm32cubeide/plugins/com.st.stm32cube.ide.mcu.externaltools.gnu-tools-for-stm32.10.3-2021.10.win32_1.0.200.202301161003/tools/bin/../lib/gcc/arm-none-eabi/10.3.1/../../../../arm-none-eabi/lib/thumb/v7e-m+fp/hard/crt0.o (__libc_init_array)
c:/st/stm32cubeide_1.11.2/stm32cubeide/plugins/com.st.stm32cube.ide.mcu.externaltools.gnu-tools-for-stm32.10.3-2021.10.win32_1.0.200.202301161003/tools/bin/../lib/gcc/arm-none-eabi/10.3.1/../../../../arm-none-eabi/lib/thumb/v7e-m+fp/hard\libc_nano.a(lib_a-memcpy-stub.o)
                              ./Core/Src/main.o (memcpy)
c:/st/stm32cubeide_1.11.2/stm32cubeide/plugins/com.st.stm32cube.ide.mcu.externaltools.gnu-tools-for-stm32.10.3-2021.10.win32_1.0.200.202301161003/tools/bin/../lib/gcc/arm-none-eabi/10.3.1/../../../../arm-none-eabi/lib/thumb/v7e-m+fp/hard\libc_nano.a(lib_a-memset.o)
                              c:/st/stm32cubeide_1.11.2/stm32cubeide/plugins/com.st.stm32cube.ide.mcu.externaltools.gnu-tools-for-stm32.10.3-2021.10.win32_1.0.200.202301161003/tools/bin/../lib/gcc/arm-none-eabi/10.3.1/../../../../arm-none-eabi/lib/thumb/v7e-m+fp/hard/crt0.o (memset)
c:/st/stm32cubeide_1.11.2/stm32cubeide/plugins/com.st.stm32cube.ide.mcu.externaltools.gnu-tools-for-stm32.10.3-2021.10.win32_1.0.200.202301161003/tools/bin/../lib/gcc/arm-none-eabi/10.3.1/../../../../arm-none-eabi/lib/thumb/v7e-m+fp/hard\libc_nano.a(lib_a-sprintf.o)
                              ./Core/Src/sensor_readings.o (sprintf)
c:/st/stm32cubeide_1.11.2/stm32cubeide/plugins/com.st.stm32cube.ide.mcu.externaltools.gnu-tools-for-stm32.10.3-2021.10.win32_1.0.200.202301161003/tools/bin/../lib/gcc/arm-none-eabi/10.3.1/../../../../arm-none-eabi/lib/thumb/v7e-m+fp/hard\libc_nano.a(lib_a-strlen.o)
                              ./Core/Src/sensor_readings.o (strlen)
c:/st/stm32cubeide_1.11.2/stm32cubeide/plugins/com.st.stm32cube.ide.mcu.externaltools.gnu-tools-for-stm32.10.3-2021.10.win32_1.0.200.202301161003/tools/bin/../lib/gcc/arm-none-eabi/10.3.1/../../../../arm-none-eabi/lib/thumb/v7e-m+fp/hard\libc_nano.a(lib_a-nano-svfprintf.o)
                              c:/st/stm32cubeide_1.11.2/stm32cubeide/plugins/com.st.stm32cube.ide.mcu.externaltools.gnu-tools-for-stm32.10.3-2021.10.win32_1.0.200.202301161003/tools/bin/../lib/gcc/arm-none-eabi/10.3.1/../../../../arm-none-eabi/lib/thumb/v7e-m+fp/hard\libc_nano.a(lib_a-sprintf.o) (_svfprintf_r)
c:/st/stm32cubeide_1.11.2/stm32cubeide/plugins/com.st.stm32cube.ide.mcu.externaltools.gnu-tools-for-stm32.10.3-2021.10.win32_1.0.200.202301161003/tools/bin/../lib/gcc/arm-none-eabi/10.3.1/../../../../arm-none-eabi/lib/thumb/v7e-m+fp/hard\libc_nano.a(lib_a-nano-vfprintf_i.o)
                              c:/st/stm32cubeide_1.11.2/stm32cubeide/plugins/com.st.stm32cube.ide.mcu.externaltools.gnu-tools-for-stm32.10.3-2021.10.win32_1.0.200.202301161003/tools/bin/../lib/gcc/arm-none-eabi/10.3.1/../../../../arm-none-eabi/lib/thumb/v7e-m+fp/hard\libc_nano.a(lib_a-nano-svfprintf.o) (_printf_i)
[...]
Memory Configuration

Name             Origin             Length             Attributes
RAM              0x0000000020000000 0x0000000000020000 xrw
FLASH            0x0000000008000000 0x0000000000080000 xr
*default*        0x0000000000000000 0xffffffffffffffff

Linker script and memory map

LOAD c:/st/stm32cubeide_1.11.2/stm32cubeide/plugins/com.st.stm32cube.ide.mcu.externaltools.gnu-tools-for-stm32.10.3-2021.10.win32_1.0.200.202301161003/tools/bin/../lib/gcc/arm-none-eabi/10.3.1/thumb/v7e-m+fp/hard/crti.o
LOAD c:/st/stm32cubeide_1.11.2/stm32cubeide/plugins/com.st.stm32cube.ide.mcu.externaltools.gnu-tools-for-stm32.10.3-2021.10.win32_1.0.200.202301161003/tools/bin/../lib/gcc/arm-none-eabi/10.3.1/thumb/v7e-m+fp/hard/crtbegin.o
LOAD c:/st/stm32cubeide_1.11.2/stm32cubeide/plugins/com.st.stm32cube.ide.mcu.externaltools.gnu-tools-for-stm32.10.3-2021.10.win32_1.0.200.202301161003/tools/bin/../lib/gcc/arm-none-eabi/10.3.1/../../../../arm-none-eabi/lib/thumb/v7e-m+fp/hard/crt0.o
LOAD ./Core/Src/Mapping.o
LOAD ./Core/Src/PWM.o
LOAD ./Core/Src/adc.o
LOAD ./Core/Src/gpio.o
LOAD ./Core/Src/main.o
LOAD ./Core/Src/sensor_readings.o
LOAD ./Core/Src/servo.o
LOAD ./Core/Src/stm32f4xx_hal_msp.o
LOAD ./Core/Src/stm32f4xx_it.o
LOAD ./Core/Src/syscalls.o
LOAD ./Core/Src/sysmem.o
LOAD ./Core/Src/system_stm32f4xx.o
LOAD ./Core/Src/tim.o
LOAD ./Core/Src/usart.o
LOAD ./Core/Startup/startup_stm32f446retx.o
LOAD ./Drivers/STM32F4xx_HAL_Driver/Src/stm32f4xx_hal.o
LOAD ./Drivers/STM32F4xx_HAL_Driver/Src/stm32f4xx_hal_adc.o
LOAD ./Drivers/STM32F4xx_HAL_Driver/Src/stm32f4xx_hal_adc_ex.o
LOAD ./Drivers/STM32F4xx_HAL_Driver/Src/stm32f4xx_hal_cortex.o
LOAD ./Drivers/STM32F4xx_HAL_Driver/Src/stm32f4xx_hal_dma.o
LOAD ./Drivers/STM32F4xx_HAL_Driver/Src/stm32f4xx_hal_dma_ex.o
LOAD ./Drivers/STM32F4xx_HAL_Driver/Src/stm32f4xx_hal_exti.o
LOAD ./Drivers/STM32F4xx_HAL_Driver/Src/stm32f4xx_hal_flash.o
LOAD ./Drivers/STM32F4xx_HAL_Driver/Src/stm32f4xx_hal_flash_ex.o
LOAD ./Drivers/STM32F4xx_HAL_Driver/Src/stm32f4xx_hal_flash_ramfunc.o
LOAD ./Drivers/STM32F4xx_HAL_Driver/Src/stm32f4xx_hal_gpio.o
LOAD ./Drivers/STM32F4xx_HAL_Driver/Src/stm32f4xx_hal_pwr.o
LOAD ./Drivers/STM32F4xx_HAL_Driver/Src/stm32f4xx_hal_pwr_ex.o
LOAD ./Drivers/STM32F4xx_HAL_Driver/Src/stm32f4xx_hal_rcc.o
LOAD ./Drivers/STM32F4xx_HAL_Driver/Src/stm32f4xx_hal_rcc_ex.o
LOAD ./Drivers/STM32F4xx_HAL_Driver/Src/stm32f4xx_hal_tim.o
LOAD ./Drivers/STM32F4xx_HAL_Driver/Src/stm32f4xx_hal_tim_ex.o
LOAD ./Drivers/STM32F4xx_HAL_Driver/Src/stm32f4xx_hal_uart.o
LOAD ./Drivers/STM32F4xx_HAL_Driver/Src/stm32f4xx_ll_adc.o
START GROUP
LOAD c:/st/stm32cubeide_1.11.2/stm32cubeide/plugins/com.st.stm32cube.ide.mcu.externaltools.gnu-tools-for-stm32.10.3-2021.10.win32_1.0.200.202301161003/tools/bin/../lib/gcc/arm-none-eabi/10.3.1/../../../../arm-none-eabi/lib/thumb/v7e-m+fp/hard\libc_nano.a
LOAD c:/st/stm32cubeide_1.11.2/stm32cubeide/plugins/com.st.stm32cube.ide.mcu.externaltools.gnu-tools-for-stm32.10.3-2021.10.win32_1.0.200.202301161003/tools/bin/../lib/gcc/arm-none-eabi/10.3.1/../../../../arm-none-eabi/lib/thumb/v7e-m+fp/hard\libm.a
END GROUP
START GROUP
LOAD c:/st/stm32cubeide_1.11.2/stm32cubeide/plugins/com.st.stm32cube.ide.mcu.externaltools.gnu-tools-for-stm32.10.3-2021.10.win32_1.0.200.202301161003/tools/bin/../lib/gcc/arm-none-eabi/10.3.1/thumb/v7e-m+fp/hard\libgcc.a
LOAD c:/st/stm32cubeide_1.11.2/stm32cubeide/plugins/com.st.stm32cube.ide.mcu.externaltools.gnu-tools-for-stm32.10.3-2021.10.win32_1.0.200.202301161003/tools/bin/../lib/gcc/arm-none-eabi/10.3.1/../../../../arm-none-eabi/lib/thumb/v7e-m+fp/hard\libc_nano.a
END GROUP
START GROUP
LOAD c:/st/stm32cubeide_1.11.2/stm32cubeide/plugins/com.st.stm32cube.ide.mcu.externaltools.gnu-tools-for-stm32.10.3-2021.10.win32_1.0.200.202301161003/tools/bin/../lib/gcc/arm-none-eabi/10.3.1/thumb/v7e-m+fp/hard\libgcc.a
LOAD c:/st/stm32cubeide_1.11.2/stm32cubeide/plugins/com.st.stm32cube.ide.mcu.externaltools.gnu-tools-for-stm32.10.3-2021.10.win32_1.0.200.202301161003/tools/bin/../lib/gcc/arm-none-eabi/10.3.1/../../../../arm-none-eabi/lib/thumb/v7e-m+fp/hard\libc_nano.a
LOAD c:/st/stm32cubeide_1.11.2/stm32cubeide/plugins/com.st.stm32cube.ide.mcu.externaltools.gnu-tools-for-stm32.10.3-2021.10.win32_1.0.200.202301161003/tools/bin/../lib/gcc/arm-none-eabi/10.3.1/../../../../arm-none-eabi/lib/thumb/v7e-m+fp/hard\libnosys.a
END GROUP
START GROUP
LOAD c:/st/stm32cubeide_1.11.2/stm32cubeide/plugins/com.st.stm32cube.ide.mcu.externaltools.gnu-tools-for-stm32.10.3-2021.10.win32_1.0.200.202301161003/tools/bin/../lib/gcc/arm-none-eabi/10.3.1/thumb/v7e-m+fp/hard\libgcc.a
LOAD c:/st/stm32cubeide_1.11.2/stm32cubeide/plugins/com.st.stm32cube.ide.mcu.externaltools.gnu-tools-for-stm32.10.3-2021.10.win32_1.0.200.202301161003/tools/bin/../lib/gcc/arm-none-eabi/10.3.1/../../../../arm-none-eabi/lib/thumb/v7e-m+fp/hard\libc_nano.a
LOAD c:/st/stm32cubeide_1.11.2/stm32cubeide/plugins/com.st.stm32cube.ide.mcu.externaltools.gnu-tools-for-stm32.10.3-2021.10.win32_1.0.200.202301161003/tools/bin/../lib/gcc/arm-none-eabi/10.3.1/../../../../arm-none-eabi/lib/thumb/v7e-m+fp/hard\libnosys.a
END GROUP
LOAD c:/st/stm32cubeide_1.11.2/stm32cubeide/plugins/com.st.stm32cube.ide.mcu.externaltools.gnu-tools-for-stm32.10.3-2021.10.win32_1.0.200.202301161003/tools/bin/../lib/gcc/arm-none-eabi/10.3.1/thumb/v7e-m+fp/hard/crtend.o
LOAD c:/st/stm32cubeide_1.11.2/stm32cubeide/plugins/com.st.stm32cube.ide.mcu.externaltools.gnu-tools-for-stm32.10.3-2021.10.win32_1.0.200.202301161003/tools/bin/../lib/gcc/arm-none-eabi/10.3.1/thumb/v7e-m+fp/hard/crtn.o
                0x0000000020020000                _estack = (ORIGIN (RAM) + LENGTH (RAM))
                0x0000000000000200                _Min_Heap_Size = 0x200
                0x0000000000000400                _Min_Stack_Size = 0x400

.isr_vector     0x0000000008000000      0x1c4
                0x0000000008000000                . = ALIGN (0x4)
 *(.isr_vector)
 .isr_vector    0x0000000008000000      0x1c4 ./Core/Startup/startup_stm32f446retx.o
                0x0000000008000000                g_pfnVectors
                0x00000000080001c4                . = ALIGN (0x4)

.text           0x00000000080001c4     0x4dd0
                0x00000000080001c4                . = ALIGN (0x4)
 *(.text)
 .text          0x00000000080001c4       0x40 c:/st/stm32cubeide_1.11.2/stm32cubeide/plugins/com.st.stm32cube.ide.mcu.externaltools.gnu-tools-for-stm32.10.3-2021.10.win32_1.0.200.202301161003/tools/bin/../lib/gcc/arm-none-eabi/10.3.1/thumb/v7e-m+fp/hard/crtbegin.o
 .text          0x0000000008000204       0x30 c:/st/stm32cubeide_1.11.2/stm32cubeide/plugins/com.st.stm32cube.ide.mcu.externaltools.gnu-tools-for-stm32.10.3-2021.10.win32_1.0.200.202301161003/tools/bin/../lib/gcc/arm-none-eabi/10.3.1/thumb/v7e-m+fp/hard\libgcc.a(_aeabi_uldivmod.o)
                0x0000000008000204                __aeabi_uldivmod
 .text          0x0000000008000234      0x2d0 c:/st/stm32cubeide_1.11.2/stm32cubeide/plugins/com.st.stm32cube.ide.mcu.externaltools.gnu-tools-for-stm32.10.3-2021.10.win32_1.0.200.202301161003/tools/bin/../lib/gcc/arm-none-eabi/10.3.1/thumb/v7e-m+fp/hard\libgcc.a(_udivmoddi4.o)
                0x0000000008000234                __udivmoddi4
 .text          0x0000000008000504        0x4 c:/st/stm32cubeide_1.11.2/stm32cubeide/plugins/com.st.stm32cube.ide.mcu.externaltools.gnu-tools-for-stm32.10.3-2021.10.win32_1.0.200.202301161003/tools/bin/../lib/gcc/arm-none-eabi/10.3.1/thumb/v7e-m+fp/hard\libgcc.a(_dvmd_tls.o)
                0x0000000008000504                __aeabi_idiv0
                0x0000000008000504                __aeabi_ldiv0
 *(.text*)
 .text.Mapping  0x0000000008000508       0x40 ./Core/Src/Mapping.o
                0x0000000008000508                Mapping
 .text.PWM_int32SetPWMValue
                0x0000000008000548       0xc8 ./Core/Src/PWM.o
                0x0000000008000548                PWM_int32SetPWMValue
 .text.MX_ADC1_Init
                0x0000000008000610       0xa4 ./Core/Src/adc.o
                0x0000000008000610                MX_ADC1_Init
 .text.MX_ADC2_Init
                0x00000000080006b4       0xa4 ./Core/Src/adc.o
                0x00000000080006b4                MX_ADC2_Init
 .text.MX_ADC3_Init
                0x0000000008000758       0xa4 ./Core/Src/adc.o
                0x0000000008000758                MX_ADC3_Init
 .text.HAL_ADC_MspInit
                0x00000000080007fc      0x17c ./Core/Src/adc.o
                0x00000000080007fc                HAL_ADC_MspInit
 .text.MX_GPIO_Init
                0x0000000008000978       0xdc ./Core/Src/gpio.o
                0x0000000008000978                MX_GPIO_Init
 .text.HAL_TIM_PeriodElapsedCallback
                0x0000000008000a54       0x74 ./Core/Src/main.o
                0x0000000008000a54                HAL_TIM_PeriodElapsedCallback
 .text.main     0x0000000008000ac8      0x104 ./Core/Src/main.o
                0x0000000008000ac8                main
 .text.SystemClock_Config
                0x0000000008000bcc       0xd8 ./Core/Src/main.o
                0x0000000008000bcc                SystemClock_Config
 .text.Error_Handler
                0x0000000008000ca4        0xa ./Core/Src/main.o
                0x0000000008000ca4                Error_Handler
 .text.Servo_void_SetAngle
                0x0000000008000cae       0x40 ./Core/Src/servo.o
                0x0000000008000cae                Servo_void_SetAngle
 *fill*         0x0000000008000cee        0x2 
 .text.HAL_MspInit
                0x0000000008000cf0       0x50 ./Core/Src/stm32f4xx_hal_msp.o
                0x0000000008000cf0                HAL_MspInit
 .text.NMI_Handler
                0x0000000008000d40        0x6 ./Core/Src/stm32f4xx_it.o
                0x0000000008000d40                NMI_Handler
 .text.HardFault_Handler
                0x0000000008000d46        0x6 ./Core/Src/stm32f4xx_it.o
                0x0000000008000d46                HardFault_Handler
 .text.MemManage_Handler
                0x0000000008000d4c        0x6 ./Core/Src/stm32f4xx_it.o
                0x0000000008000d4c                MemManage_Handler
 .text.BusFault_Handler
                0x0000000008000d52        0x6 ./Core/Src/stm32f4xx_it.o
                0x0000000008000d52                BusFault_Handler
 .text.UsageFault_Handler
                0x0000000008000d58        0x6 ./Core/Src/stm32f4xx_it.o
                0x0000000008000d58                UsageFault_Handler
 .text.SVC_Handler
                0x0000000008000d5e        0xe ./Core/Src/stm32f4xx_it.o
                0x0000000008000d5e                SVC_Handler
 .text.DebugMon_Handler
                0x0000000008000d6c        0xe ./Core/Src/stm32f4xx_it.o
                0x0000000008000d6c                DebugMon_Handler
 .text.PendSV_Handler
                0x0000000008000d7a        0xe ./Core/Src/stm32f4xx_it.o
                0x0000000008000d7a                PendSV_Handler
 .text.SysTick_Handler
                0x0000000008000d88        0xc ./Core/Src/stm32f4xx_it.o
                0x0000000008000d88                SysTick_Handler
 .text.ADC_IRQHandler
                0x0000000008000d94       0x28 ./Core/Src/stm32f4xx_it.o
                0x0000000008000d94                ADC_IRQHandler
 .text.TIM1_UP_TIM10_IRQHandler
                0x0000000008000dbc       0x14 ./Core/Src/stm32f4xx_it.o
                0x0000000008000dbc                TIM1_UP_TIM10_IRQHandler
 .text.TIM1_TRG_COM_TIM11_IRQHandler
                0x0000000008000dd0       0x14 ./Core/Src/stm32f4xx_it.o
                0x0000000008000dd0                TIM1_TRG_COM_TIM11_IRQHandler
 .text.TIM2_IRQHandler
                0x0000000008000de4       0x14 ./Core/Src/stm32f4xx_it.o
                0x0000000008000de4                TIM2_IRQHandler
 .text.USART2_IRQHandler
                0x0000000008000df8       0x14 ./Core/Src/stm32f4xx_it.o
                0x0000000008000df8                USART2_IRQHandler
 .text.TIM8_BRK_TIM12_IRQHandler
                0x0000000008000e0c       0x14 ./Core/Src/stm32f4xx_it.o
                0x0000000008000e0c                TIM8_BRK_TIM12_IRQHandler
 .text.TIM8_UP_TIM13_IRQHandler
                0x0000000008000e20       0x14 ./Core/Src/stm32f4xx_it.o
                0x0000000008000e20                TIM8_UP_TIM13_IRQHandler
 .text.TIM8_TRG_COM_TIM14_IRQHandler
                0x0000000008000e34       0x14 ./Core/Src/stm32f4xx_it.o
                0x0000000008000e34                TIM8_TRG_COM_TIM14_IRQHandler
 .text.SystemInit
                0x0000000008000e48       0x24 ./Core/Src/system_stm32f4xx.o
                0x0000000008000e48                SystemInit
 .text.MX_TIM2_Init
                0x0000000008000e6c      0x130 ./Core/Src/tim.o
                0x0000000008000e6c                MX_TIM2_Init
 .text.MX_TIM10_Init
                0x0000000008000f9c       0x48 ./Core/Src/tim.o
                0x0000000008000f9c                MX_TIM10_Init
 .text.MX_TIM11_Init
                0x0000000008000fe4       0x48 ./Core/Src/tim.o
                0x0000000008000fe4                MX_TIM11_Init
 .text.MX_TIM12_Init
                0x000000000800102c       0xc4 ./Core/Src/tim.o
                0x000000000800102c                MX_TIM12_Init
 .text.MX_TIM13_Init
                0x00000000080010f0       0x48 ./Core/Src/tim.o
                0x00000000080010f0                MX_TIM13_Init
 .text.MX_TIM14_Init
                0x0000000008001138       0x48 ./Core/Src/tim.o
                0x0000000008001138                MX_TIM14_Init
 .text.HAL_TIM_Base_MspInit
                0x0000000008001180      0x178 ./Core/Src/tim.o
                0x0000000008001180                HAL_TIM_Base_MspInit
 .text.HAL_TIM_MspPostInit
                0x00000000080012f8      0x100 ./Core/Src/tim.o
                0x00000000080012f8                HAL_TIM_MspPostInit
 .text.MX_USART2_UART_Init
                0x00000000080013f8       0x54 ./Core/Src/usart.o
                0x00000000080013f8                MX_USART2_UART_Init
 .text.HAL_UART_MspInit
                0x000000000800144c       0xa0 ./Core/Src/usart.o
                0x000000000800144c                HAL_UART_MspInit
 .text.Reset_Handler
                0x00000000080014ec       0x50 ./Core/Startup/startup_stm32f446retx.o
                0x00000000080014ec                Reset_Handler
 .text.Default_Handler
                0x000000000800153c        0x2 ./Core/Startup/startup_stm32f446retx.o
                0x000000000800153c                RTC_Alarm_IRQHandler
                0x000000000800153c                EXTI2_IRQHandler
                0x000000000800153c                TIM8_CC_IRQHandler
                0x000000000800153c                FMPI2C1_EV_IRQHandler
                0x000000000800153c                SPI4_IRQHandler
                0x000000000800153c                TIM1_CC_IRQHandler
                0x000000000800153c                DMA2_Stream5_IRQHandler
                0x000000000800153c                DMA1_Stream5_IRQHandler
                0x000000000800153c                PVD_IRQHandler
                0x000000000800153c                SDIO_IRQHandler
                0x000000000800153c                TAMP_STAMP_IRQHandler
                0x000000000800153c                CAN2_RX1_IRQHandler
                0x000000000800153c                EXTI3_IRQHandler
                0x000000000800153c                I2C3_ER_IRQHandler
                0x000000000800153c                EXTI0_IRQHandler
                0x000000000800153c                I2C2_EV_IRQHandler
                0x000000000800153c                DMA1_Stream2_IRQHandler
                0x000000000800153c                CAN1_RX0_IRQHandler
                0x000000000800153c                FPU_IRQHandler
                0x000000000800153c                OTG_HS_WKUP_IRQHandler
                0x000000000800153c                CAN2_SCE_IRQHandler
                0x000000000800153c                DMA2_Stream2_IRQHandler
                0x000000000800153c                SPI1_IRQHandler
                0x000000000800153c                TIM6_DAC_IRQHandler
                0x000000000800153c                TIM1_BRK_TIM9_IRQHandler
                0x000000000800153c                DCMI_IRQHandler
                0x000000000800153c                CAN2_RX0_IRQHandler
                0x000000000800153c                DMA2_Stream3_IRQHandler
                0x000000000800153c                SAI2_IRQHandler
                0x000000000800153c                USART6_IRQHandler
                0x000000000800153c                USART3_IRQHandler
                0x000000000800153c                CAN1_RX1_IRQHandler
                0x000000000800153c                UART5_IRQHandler
                0x000000000800153c                DMA2_Stream0_IRQHandler
                0x000000000800153c                TIM4_IRQHandler
                0x000000000800153c                QUADSPI_IRQHandler
                0x000000000800153c                I2C1_EV_IRQHandler
                0x000000000800153c                DMA1_Stream6_IRQHandler
                0x000000000800153c                DMA1_Stream1_IRQHandler
                0x000000000800153c                UART4_IRQHandler
                0x000000000800153c                TIM3_IRQHandler
                0x000000000800153c                RCC_IRQHandler
                0x000000000800153c                Default_Handler
                0x000000000800153c                CEC_IRQHandler
                0x000000000800153c                EXTI15_10_IRQHandler
                0x000000000800153c                DMA1_Stream7_IRQHandler
                0x000000000800153c                TIM7_IRQHandler
                0x000000000800153c                CAN2_TX_IRQHandler
                0x000000000800153c                TIM5_IRQHandler
                0x000000000800153c                DMA2_Stream7_IRQHandler
                0x000000000800153c                I2C3_EV_IRQHandler
                0x000000000800153c                EXTI9_5_IRQHandler
                0x000000000800153c                RTC_WKUP_IRQHandler
                0x000000000800153c                SPDIF_RX_IRQHandler
                0x000000000800153c                SPI2_IRQHandler
                0x000000000800153c                OTG_HS_EP1_IN_IRQHandler
                0x000000000800153c                DMA1_Stream0_IRQHandler
                0x000000000800153c                CAN1_TX_IRQHandler
                0x000000000800153c                FMPI2C1_ER_IRQHandler
                0x000000000800153c                EXTI4_IRQHandler
                0x000000000800153c                OTG_HS_EP1_OUT_IRQHandler
                0x000000000800153c                WWDG_IRQHandler
                0x000000000800153c                OTG_FS_WKUP_IRQHandler
                0x000000000800153c                OTG_HS_IRQHandler
                0x000000000800153c                EXTI1_IRQHandler
                0x000000000800153c                I2C2_ER_IRQHandler
                0x000000000800153c                DMA2_Stream1_IRQHandler
                0x000000000800153c                CAN1_SCE_IRQHandler
                0x000000000800153c                FLASH_IRQHandler
                0x000000000800153c                DMA2_Stream4_IRQHandler
                0x000000000800153c                USART1_IRQHandler
                0x000000000800153c                OTG_FS_IRQHandler
                0x000000000800153c                SPI3_IRQHandler
                0x000000000800153c                DMA1_Stream4_IRQHandler
                0x000000000800153c                I2C1_ER_IRQHandler
                0x000000000800153c                FMC_IRQHandler
                0x000000000800153c                DMA2_Stream6_IRQHandler
                0x000000000800153c                SAI1_IRQHandler
                0x000000000800153c                DMA1_Stream3_IRQHandler
 *fill*         0x000000000800153e        0x2 
 .text.HAL_Init
                0x0000000008001540       0x44 ./Drivers/STM32F4xx_HAL_Driver/Src/stm32f4xx_hal.o
                0x0000000008001540                HAL_Init
 .text.HAL_InitTick
                0x0000000008001584       0x60 ./Drivers/STM32F4xx_HAL_Driver/Src/stm32f4xx_hal.o
                0x0000000008001584                HAL_InitTick
 .text.HAL_IncTick
                0x00000000080015e4       0x28 ./Drivers/STM32F4xx_HAL_Driver/Src/stm32f4xx_hal.o
                0x00000000080015e4                HAL_IncTick
 .text.HAL_GetTick
                0x000000000800160c       0x18 ./Drivers/STM32F4xx_HAL_Driver/Src/stm32f4xx_hal.o
                0x000000000800160c                HAL_GetTick
 .text.HAL_Delay
                0x0000000008001624       0x48 ./Drivers/STM32F4xx_HAL_Driver/Src/stm32f4xx_hal.o
                0x0000000008001624                HAL_Delay
 .text.HAL_ADC_Init
                0x000000000800166c       0x86 ./Drivers/STM32F4xx_HAL_Driver/Src/stm32f4xx_hal_adc.o
                0x000000000800166c                HAL_ADC_Init
 .text.HAL_ADC_IRQHandler
                0x00000000080016f2      0x220 ./Drivers/STM32F4xx_HAL_Driver/Src/stm32f4xx_hal_adc.o
                0x00000000080016f2                HAL_ADC_IRQHandler
 .text.HAL_ADC_ConvCpltCallback
                0x0000000008001912       0x14 ./Drivers/STM32F4xx_HAL_Driver/Src/stm32f4xx_hal_adc.o
                0x0000000008001912                HAL_ADC_ConvCpltCallback
 .text.HAL_ADC_LevelOutOfWindowCallback
                0x0000000008001926       0x14 ./Drivers/STM32F4xx_HAL_Driver/Src/stm32f4xx_hal_adc.o
                0x0000000008001926                HAL_ADC_LevelOutOfWindowCallback
 .text.HAL_ADC_ErrorCallback
                0x000000000800193a       0x14 ./Drivers/STM32F4xx_HAL_Driver/Src/stm32f4xx_hal_adc.o
                0x000000000800193a                HAL_ADC_ErrorCallback
 *fill*         0x000000000800194e        0x2 
 .text.HAL_ADC_ConfigChannel
                0x0000000008001950      0x264 ./Drivers/STM32F4xx_HAL_Driver/Src/stm32f4xx_hal_adc.o
                0x0000000008001950                HAL_ADC_ConfigChannel
 .text.ADC_Init
                0x0000000008001bb4      0x1f8 ./Drivers/STM32F4xx_HAL_Driver/Src/stm32f4xx_hal_adc.o
 .text.HAL_ADCEx_InjectedConvCpltCallback
                0x0000000008001dac       0x14 ./Drivers/STM32F4xx_HAL_Driver/Src/stm32f4xx_hal_adc_ex.o
                0x0000000008001dac                HAL_ADCEx_InjectedConvCpltCallback
 .text.__NVIC_SetPriorityGrouping
                0x0000000008001dc0       0x48 ./Drivers/STM32F4xx_HAL_Driver/Src/stm32f4xx_hal_cortex.o
 .text.__NVIC_GetPriorityGrouping
                0x0000000008001e08       0x1c ./Drivers/STM32F4xx_HAL_Driver/Src/stm32f4xx_hal_cortex.o
 .text.__NVIC_EnableIRQ
                0x0000000008001e24       0x3c ./Drivers/STM32F4xx_HAL_Driver/Src/stm32f4xx_hal_cortex.o
 .text.__NVIC_SetPriority
                0x0000000008001e60       0x54 ./Drivers/STM32F4xx_HAL_Driver/Src/stm32f4xx_hal_cortex.o
 .text.NVIC_EncodePriority
                0x0000000008001eb4       0x66 ./Drivers/STM32F4xx_HAL_Driver/Src/stm32f4xx_hal_cortex.o
 *fill*         0x0000000008001f1a        0x2 
 .text.SysTick_Config
                0x0000000008001f1c       0x44 ./Drivers/STM32F4xx_HAL_Driver/Src/stm32f4xx_hal_cortex.o
 .text.HAL_NVIC_SetPriorityGrouping
                0x0000000008001f60       0x16 ./Drivers/STM32F4xx_HAL_Driver/Src/stm32f4xx_hal_cortex.o
                0x0000000008001f60                HAL_NVIC_SetPriorityGrouping
 .text.HAL_NVIC_SetPriority
                0x0000000008001f76       0x38 ./Drivers/STM32F4xx_HAL_Driver/Src/stm32f4xx_hal_cortex.o
                0x0000000008001f76                HAL_NVIC_SetPriority
 .text.HAL_NVIC_EnableIRQ
                0x0000000008001fae       0x1c ./Drivers/STM32F4xx_HAL_Driver/Src/stm32f4xx_hal_cortex.o
                0x0000000008001fae                HAL_NVIC_EnableIRQ
 .text.HAL_SYSTICK_Config
                0x0000000008001fca       0x18 ./Drivers/STM32F4xx_HAL_Driver/Src/stm32f4xx_hal_cortex.o
                0x0000000008001fca                HAL_SYSTICK_Config
 .text.HAL_DMA_Abort
                0x0000000008001fe2       0xe0 ./Drivers/STM32F4xx_HAL_Driver/Src/stm32f4xx_hal_dma.o
                0x0000000008001fe2                HAL_DMA_Abort
 .text.HAL_DMA_Abort_IT
                0x00000000080020c2       0x44 ./Drivers/STM32F4xx_HAL_Driver/Src/stm32f4xx_hal_dma.o
                0x00000000080020c2                HAL_DMA_Abort_IT
 *fill*         0x0000000008002106        0x2 
 .text.HAL_GPIO_Init
                0x0000000008002108      0x328 ./Drivers/STM32F4xx_HAL_Driver/Src/stm32f4xx_hal_gpio.o
                0x0000000008002108                HAL_GPIO_Init
 .text.HAL_GPIO_WritePin
                0x0000000008002430       0x32 ./Drivers/STM32F4xx_HAL_Driver/Src/stm32f4xx_hal_gpio.o
                0x0000000008002430                HAL_GPIO_WritePin
 .text.HAL_GPIO_TogglePin
                0x0000000008002462       0x34 ./Drivers/STM32F4xx_HAL_Driver/Src/stm32f4xx_hal_gpio.o
                0x0000000008002462                HAL_GPIO_TogglePin
 *fill*         0x0000000008002496        0x2 
 .text.HAL_RCC_ClockConfig
                0x0000000008002498      0x1cc ./Drivers/STM32F4xx_HAL_Driver/Src/stm32f4xx_hal_rcc.o
                0x0000000008002498                HAL_RCC_ClockConfig
 .text.HAL_RCC_GetHCLKFreq
                0x0000000008002664       0x18 ./Drivers/STM32F4xx_HAL_Driver/Src/stm32f4xx_hal_rcc.o
                0x0000000008002664                HAL_RCC_GetHCLKFreq
 .text.HAL_RCC_GetPCLK1Freq
                0x000000000800267c       0x28 ./Drivers/STM32F4xx_HAL_Driver/Src/stm32f4xx_hal_rcc.o
                0x000000000800267c                HAL_RCC_GetPCLK1Freq
 .text.HAL_RCC_GetPCLK2Freq
                0x00000000080026a4       0x28 ./Drivers/STM32F4xx_HAL_Driver/Src/stm32f4xx_hal_rcc.o
                0x00000000080026a4                HAL_RCC_GetPCLK2Freq
 .text.HAL_RCC_GetSysClockFreq
                0x00000000080026cc      0x460 ./Drivers/STM32F4xx_HAL_Driver/Src/stm32f4xx_hal_rcc_ex.o
                0x00000000080026cc                HAL_RCC_GetSysClockFreq
 .text.HAL_RCC_OscConfig
                0x0000000008002b2c      0x53c ./Drivers/STM32F4xx_HAL_Driver/Src/stm32f4xx_hal_rcc_ex.o
                0x0000000008002b2c                HAL_RCC_OscConfig
 .text.HAL_TIM_Base_Init
                0x0000000008003068       0x9e ./Drivers/STM32F4xx_HAL_Driver/Src/stm32f4xx_hal_tim.o
                0x0000000008003068                HAL_TIM_Base_Init
 *fill*         0x0000000008003106        0x2 
 .text.HAL_TIM_Base_Start_IT
                0x0000000008003108       0xe0 ./Drivers/STM32F4xx_HAL_Driver/Src/stm32f4xx_hal_tim.o
                0x0000000008003108                HAL_TIM_Base_Start_IT
 .text.HAL_TIM_PWM_Init
                0x00000000080031e8       0x9e ./Drivers/STM32F4xx_HAL_Driver/Src/stm32f4xx_hal_tim.o
                0x00000000080031e8                HAL_TIM_PWM_Init
 .text.HAL_TIM_PWM_MspInit
                0x0000000008003286       0x14 ./Drivers/STM32F4xx_HAL_Driver/Src/stm32f4xx_hal_tim.o
                0x0000000008003286                HAL_TIM_PWM_MspInit
 *fill*         0x000000000800329a        0x2 
 .text.HAL_TIM_PWM_Start
                0x000000000800329c      0x190 ./Drivers/STM32F4xx_HAL_Driver/Src/stm32f4xx_hal_tim.o
                0x000000000800329c                HAL_TIM_PWM_Start
 .text.HAL_TIM_IRQHandler
                0x000000000800342c      0x210 ./Drivers/STM32F4xx_HAL_Driver/Src/stm32f4xx_hal_tim.o
                0x000000000800342c                HAL_TIM_IRQHandler
 .text.HAL_TIM_PWM_ConfigChannel
                0x000000000800363c      0x184 ./Drivers/STM32F4xx_HAL_Driver/Src/stm32f4xx_hal_tim.o
                0x000000000800363c                HAL_TIM_PWM_ConfigChannel
 .text.HAL_TIM_ConfigClockSource
                0x00000000080037c0      0x18e ./Drivers/STM32F4xx_HAL_Driver/Src/stm32f4xx_hal_tim.o
                0x00000000080037c0                HAL_TIM_ConfigClockSource
 .text.HAL_TIM_OC_DelayElapsedCallback
                0x000000000800394e       0x14 ./Drivers/STM32F4xx_HAL_Driver/Src/stm32f4xx_hal_tim.o
                0x000000000800394e                HAL_TIM_OC_DelayElapsedCallback
 .text.HAL_TIM_IC_CaptureCallback
                0x0000000008003962       0x14 ./Drivers/STM32F4xx_HAL_Driver/Src/stm32f4xx_hal_tim.o
                0x0000000008003962                HAL_TIM_IC_CaptureCallback
 .text.HAL_TIM_PWM_PulseFinishedCallback
                0x0000000008003976       0x14 ./Drivers/STM32F4xx_HAL_Driver/Src/stm32f4xx_hal_tim.o
                0x0000000008003976                HAL_TIM_PWM_PulseFinishedCallback
 .text.HAL_TIM_TriggerCallback
                0x000000000800398a       0x14 ./Drivers/STM32F4xx_HAL_Driver/Src/stm32f4xx_hal_tim.o
                0x000000000800398a                HAL_TIM_TriggerCallback
 *fill*         0x000000000800399e        0x2 
 .text.TIM_Base_SetConfig
                0x00000000080039a0      0x140 ./Drivers/STM32F4xx_HAL_Driver/Src/stm32f4xx_hal_tim.o
                0x00000000080039a0                TIM_Base_SetConfig
 .text.TIM_OC1_SetConfig
                0x0000000008003ae0       0xe0 ./Drivers/STM32F4xx_HAL_Driver/Src/stm32f4xx_hal_tim.o
 .text.TIM_OC2_SetConfig
                0x0000000008003bc0       0xec ./Drivers/STM32F4xx_HAL_Driver/Src/stm32f4xx_hal_tim.o
                0x0000000008003bc0                TIM_OC2_SetConfig
 .text.TIM_OC3_SetConfig
                0x0000000008003cac       0xe8 ./Drivers/STM32F4xx_HAL_Driver/Src/stm32f4xx_hal_tim.o
 .text.TIM_OC4_SetConfig
                0x0000000008003d94       0xac ./Drivers/STM32F4xx_HAL_Driver/Src/stm32f4xx_hal_tim.o
 .text.TIM_TI1_ConfigInputStage
                0x0000000008003e40       0x5e ./Drivers/STM32F4xx_HAL_Driver/Src/stm32f4xx_hal_tim.o
 .text.TIM_TI2_ConfigInputStage
                0x0000000008003e9e       0x60 ./Drivers/STM32F4xx_HAL_Driver/Src/stm32f4xx_hal_tim.o
 .text.TIM_ITRx_SetConfig
                0x0000000008003efe       0x36 ./Drivers/STM32F4xx_HAL_Driver/Src/stm32f4xx_hal_tim.o
 .text.TIM_ETR_SetConfig
                0x0000000008003f34       0x40 ./Drivers/STM32F4xx_HAL_Driver/Src/stm32f4xx_hal_tim.o
                0x0000000008003f34                TIM_ETR_SetConfig
 .text.TIM_CCxChannelCmd
                0x0000000008003f74       0x4a ./Drivers/STM32F4xx_HAL_Driver/Src/stm32f4xx_hal_tim.o
                0x0000000008003f74                TIM_CCxChannelCmd
 *fill*         0x0000000008003fbe        0x2 
 .text.HAL_TIMEx_MasterConfigSynchronization
                0x0000000008003fc0       0xf8 ./Drivers/STM32F4xx_HAL_Driver/Src/stm32f4xx_hal_tim_ex.o
                0x0000000008003fc0                HAL_TIMEx_MasterConfigSynchronization
 .text.HAL_TIMEx_CommutCallback
                0x00000000080040b8       0x14 ./Drivers/STM32F4xx_HAL_Driver/Src/stm32f4xx_hal_tim_ex.o
                0x00000000080040b8                HAL_TIMEx_CommutCallback
 .text.HAL_TIMEx_BreakCallback
                0x00000000080040cc       0x14 ./Drivers/STM32F4xx_HAL_Driver/Src/stm32f4xx_hal_tim_ex.o
                0x00000000080040cc                HAL_TIMEx_BreakCallback
 .text.HAL_UART_Init
                0x00000000080040e0       0x9a ./Drivers/STM32F4xx_HAL_Driver/Src/stm32f4xx_hal_uart.o
                0x00000000080040e0                HAL_UART_Init
 *fill*         0x000000000800417a        0x2 
 .text.HAL_UART_IRQHandler
                0x000000000800417c      0x51c ./Drivers/STM32F4xx_HAL_Driver/Src/stm32f4xx_hal_uart.o
                0x000000000800417c                HAL_UART_IRQHandler
 .text.HAL_UART_TxCpltCallback
                0x0000000008004698       0x14 ./Drivers/STM32F4xx_HAL_Driver/Src/stm32f4xx_hal_uart.o
                0x0000000008004698                HAL_UART_TxCpltCallback
 .text.HAL_UART_RxCpltCallback
                0x00000000080046ac       0x14 ./Drivers/STM32F4xx_HAL_Driver/Src/stm32f4xx_hal_uart.o
                0x00000000080046ac                HAL_UART_RxCpltCallback
 .text.HAL_UART_ErrorCallback
                0x00000000080046c0       0x14 ./Drivers/STM32F4xx_HAL_Driver/Src/stm32f4xx_hal_uart.o
                0x00000000080046c0                HAL_UART_ErrorCallback
 .text.HAL_UARTEx_RxEventCallback
                0x00000000080046d4       0x18 ./Drivers/STM32F4xx_HAL_Driver/Src/stm32f4xx_hal_uart.o
                0x00000000080046d4                HAL_UARTEx_RxEventCallback
 .text.UART_EndRxTransfer
                0x00000000080046ec       0xc6 ./Drivers/STM32F4xx_HAL_Driver/Src/stm32f4xx_hal_uart.o
 .text.UART_DMAAbortOnError
                0x00000000080047b2       0x28 ./Drivers/STM32F4xx_HAL_Driver/Src/stm32f4xx_hal_uart.o
 .text.UART_Transmit_IT
                0x00000000080047da       0xa0 ./Drivers/STM32F4xx_HAL_Driver/Src/stm32f4xx_hal_uart.o
 .text.UART_EndTransmit_IT
                0x000000000800487a       0x30 ./Drivers/STM32F4xx_HAL_Driver/Src/stm32f4xx_hal_uart.o
 .text.UART_Receive_IT
                0x00000000080048aa      0x176 ./Drivers/STM32F4xx_HAL_Driver/Src/stm32f4xx_hal_uart.o
 .text.UART_SetConfig
                0x0000000008004a20      0x4e8 ./Drivers/STM32F4xx_HAL_Driver/Src/stm32f4xx_hal_uart.o
 .text.__libc_init_array
                0x0000000008004f08       0x48 c:/st/stm32cubeide_1.11.2/stm32cubeide/plugins/com.st.stm32cube.ide.mcu.externaltools.gnu-tools-for-stm32.10.3-2021.10.win32_1.0.200.202301161003/tools/bin/../lib/gcc/arm-none-eabi/10.3.1/../../../../arm-none-eabi/lib/thumb/v7e-m+fp/hard\libc_nano.a(lib_a-init.o)
                0x0000000008004f08                __libc_init_array
 .text.memcpy   0x0000000008004f50       0x1c c:/st/stm32cubeide_1.11.2/stm32cubeide/plugins/com.st.stm32cube.ide.mcu.externaltools.gnu-tools-for-stm32.10.3-2021.10.win32_1.0.200.202301161003/tools/bin/../lib/gcc/arm-none-eabi/10.3.1/../../../../arm-none-eabi/lib/thumb/v7e-m+fp/hard\libc_nano.a(lib_a-memcpy-stub.o)
                0x0000000008004f50                memcpy
 .text.memset   0x0000000008004f6c       0x10 c:/st/stm32cubeide_1.11.2/stm32cubeide/plugins/com.st.stm32cube.ide.mcu.externaltools.gnu-tools-for-stm32.10.3-2021.10.win32_1.0.200.202301161003/tools/bin/../lib/gcc/arm-none-eabi/10.3.1/../../../../arm-none-eabi/lib/thumb/v7e-m+fp/hard\libc_nano.a(lib_a-memset.o)
                0x0000000008004f6c                memset
 *(.glue_7)
 .glue_7        0x0000000008004f7c        0x0 linker stubs
 *(.glue_7t)
 .glue_7t       0x0000000008004f7c        0x0 linker stubs
 *(.eh_frame)
 .eh_frame      0x0000000008004f7c        0x0 c:/st/stm32cubeide_1.11.2/stm32cubeide/plugins/com.st.stm32cube.ide.mcu.externaltools.gnu-tools-for-stm32.10.3-2021.10.win32_1.0.200.202301161003/tools/bin/../lib/gcc/arm-none-eabi/10.3.1/thumb/v7e-m+fp/hard/crtbegin.o
 *(.init)
 .init          0x0000000008004f7c        0x4 c:/st/stm32cubeide_1.11.2/stm32cubeide/plugins/com.st.stm32cube.ide.mcu.externaltools.gnu-tools-for-stm32.10.3-2021.10.win32_1.0.200.202301161003/tools/bin/../lib/gcc/arm-none-eabi/10.3.1/thumb/v7e-m+fp/hard/crti.o
                0x0000000008004f7c                _init
 .init          0x0000000008004f80        0x8 c:/st/stm32cubeide_1.11.2/stm32cubeide/plugins/com.st.stm32cube.ide.mcu.externaltools.gnu-tools-for-stm32.10.3-2021.10.win32_1.0.200.202301161003/tools/bin/../lib/gcc/arm-none-eabi/10.3.1/thumb/v7e-m+fp/hard/crtn.o
 *(.fini)
 .fini          0x0000000008004f88        0x4 c:/st/stm32cubeide_1.11.2/stm32cubeide/plugins/com.st.stm32cube.ide.mcu.externaltools.gnu-tools-for-stm32.10.3-2021.10.win32_1.0.200.202301161003/tools/bin/../lib/gcc/arm-none-eabi/10.3.1/thumb/v7e-m+fp/hard/crti.o
                0x0000000008004f88                _fini
 .fini          0x0000000008004f8c        0x8 c:/st/stm32cubeide_1.11.2/stm32cubeide/plugins/com.st.stm32cube.ide.mcu.externaltools.gnu-tools-for-stm32.10.3-2021.10.win32_1.0.200.202301161003/tools/bin/../lib/gcc/arm-none-eabi/10.3.1/thumb/v7e-m+fp/hard/crtn.o
                0x0000000008004f94                . = ALIGN (0x4)
                0x0000000008004f94                _etext = .

.vfp11_veneer   0x0000000008004f94        0x0
 .vfp11_veneer  0x0000000008004f94        0x0 linker stubs

.v4_bx          0x0000000008004f94        0x0
 .v4_bx         0x0000000008004f94        0x0 linker stubs

.iplt           0x0000000008004f94        0x0
 .iplt          0x0000000008004f94        0x0 c:/st/stm32cubeide_1.11.2/stm32cubeide/plugins/com.st.stm32cube.ide.mcu.externaltools.gnu-tools-for-stm32.10.3-2021.10.win32_1.0.200.202301161003/tools/bin/../lib/gcc/arm-none-eabi/10.3.1/thumb/v7e-m+fp/hard/crtbegin.o

.rodata         0x0000000008004f94       0x18
                0x0000000008004f94                . = ALIGN (0x4)
 *(.rodata)
 *(.rodata*)
 .rodata.AHBPrescTable
                0x0000000008004f94       0x10 ./Core/Src/system_stm32f4xx.o
                0x0000000008004f94                AHBPrescTable
 .rodata.APBPrescTable
                0x0000000008004fa4        0x8 ./Core/Src/system_stm32f4xx.o
                0x0000000008004fa4                APBPrescTable
                0x0000000008004fac                . = ALIGN (0x4)

.ARM.extab      0x0000000008004fac        0x0
                0x0000000008004fac                . = ALIGN (0x4)
 *(.ARM.extab* .gnu.linkonce.armextab.*)
                0x0000000008004fac                . = ALIGN (0x4)

.ARM            0x0000000008004fac        0x8
                0x0000000008004fac                . = ALIGN (0x4)
                0x0000000008004fac                __exidx_start = .
 *(.ARM.exidx*)
 .ARM.exidx     0x0000000008004fac        0x8 c:/st/stm32cubeide_1.11.2/stm32cubeide/plugins/com.st.stm32cube.ide.mcu.externaltools.gnu-tools-for-stm32.10.3-2021.10.win32_1.0.200.202301161003/tools/bin/../lib/gcc/arm-none-eabi/10.3.1/thumb/v7e-m+fp/hard\libgcc.a(_udivmoddi4.o)
                0x0000000008004fb4                __exidx_end = .
                0x0000000008004fb4                . = ALIGN (0x4)

.rel.dyn        0x0000000008004fb4        0x0
 .rel.iplt      0x0000000008004fb4        0x0 c:/st/stm32cubeide_1.11.2/stm32cubeide/plugins/com.st.stm32cube.ide.mcu.externaltools.gnu-tools-for-stm32.10.3-2021.10.win32_1.0.200.202301161003/tools/bin/../lib/gcc/arm-none-eabi/10.3.1/thumb/v7e-m+fp/hard/crtbegin.o

.preinit_array  0x0000000008004fb4        0x0
                0x0000000008004fb4                . = ALIGN (0x4)
                0x0000000008004fb4                PROVIDE (__preinit_array_start = .)
 *(.preinit_array*)
                0x0000000008004fb4                PROVIDE (__preinit_array_end = .)
                0x0000000008004fb4                . = ALIGN (0x4)

.init_array     0x0000000008004fb4        0x4
                0x0000000008004fb4                . = ALIGN (0x4)
                0x0000000008004fb4                PROVIDE (__init_array_start = .)
 *(SORT_BY_NAME(.init_array.*))
 *(.init_array*)
 .init_array    0x0000000008004fb4        0x4 c:/st/stm32cubeide_1.11.2/stm32cubeide/plugins/com.st.stm32cube.ide.mcu.externaltools.gnu-tools-for-stm32.10.3-2021.10.win32_1.0.200.202301161003/tools/bin/../lib/gcc/arm-none-eabi/10.3.1/thumb/v7e-m+fp/hard/crtbegin.o
                0x0000000008004fb8                PROVIDE (__init_array_end = .)
                0x0000000008004fb8                . = ALIGN (0x4)

.fini_array     0x0000000008004fb8        0x4
                0x0000000008004fb8                . = ALIGN (0x4)
                [!provide]                        PROVIDE (__fini_array_start = .)
 *(SORT_BY_NAME(.fini_array.*))
 *(.fini_array*)
 .fini_array    0x0000000008004fb8        0x4 c:/st/stm32cubeide_1.11.2/stm32cubeide/plugins/com.st.stm32cube.ide.mcu.externaltools.gnu-tools-for-stm32.10.3-2021.10.win32_1.0.200.202301161003/tools/bin/../lib/gcc/arm-none-eabi/10.3.1/thumb/v7e-m+fp/hard/crtbegin.o
                [!provide]                        PROVIDE (__fini_array_end = .)
                0x0000000008004fbc                . = ALIGN (0x4)
                0x0000000008004fbc                _sidata = LOADADDR (.data)

.data           0x0000000020000000        0xc load address 0x0000000008004fbc
                0x0000000020000000                . = ALIGN (0x4)
                0x0000000020000000                _sdata = .
 *(.data)
 *(.data*)
 .data.SystemCoreClock
                0x0000000020000000        0x4 ./Core/Src/system_stm32f4xx.o
                0x0000000020000000                SystemCoreClock
 .data.uwTickPrio
                0x0000000020000004        0x4 ./Drivers/STM32F4xx_HAL_Driver/Src/stm32f4xx_hal.o
                0x0000000020000004                uwTickPrio
 .data.uwTickFreq
                0x0000000020000008        0x1 ./Drivers/STM32F4xx_HAL_Driver/Src/stm32f4xx_hal.o
                0x0000000020000008                uwTickFreq
 *(.RamFunc)
 *(.RamFunc*)
                0x000000002000000c                . = ALIGN (0x4)
 *fill*         0x0000000020000009        0x3 
                0x000000002000000c                _edata = .

.igot.plt       0x000000002000000c        0x0 load address 0x0000000008004fc8
 .igot.plt      0x000000002000000c        0x0 c:/st/stm32cubeide_1.11.2/stm32cubeide/plugins/com.st.stm32cube.ide.mcu.externaltools.gnu-tools-for-stm32.10.3-2021.10.win32_1.0.200.202301161003/tools/bin/../lib/gcc/arm-none-eabi/10.3.1/thumb/v7e-m+fp/hard/crtbegin.o
                0x000000002000000c                . = ALIGN (0x4)

.bss            0x000000002000000c      0x2ec load address 0x0000000008004fc8
                0x000000002000000c                _sbss = .
                0x000000002000000c                __bss_start__ = _sbss
 *(.bss)
 .bss           0x000000002000000c       0x1c c:/st/stm32cubeide_1.11.2/stm32cubeide/plugins/com.st.stm32cube.ide.mcu.externaltools.gnu-tools-for-stm32.10.3-2021.10.win32_1.0.200.202301161003/tools/bin/../lib/gcc/arm-none-eabi/10.3.1/thumb/v7e-m+fp/hard/crtbegin.o
 *(.bss*)
 .bss.hadc1     0x0000000020000028       0x48 ./Core/Src/adc.o
                0x0000000020000028                hadc1
 .bss.hadc2     0x0000000020000070       0x48 ./Core/Src/adc.o
                0x0000000020000070                hadc2
 .bss.hadc3     0x00000000200000b8       0x48 ./Core/Src/adc.o
                0x00000000200000b8                hadc3
 .bss.htim2     0x0000000020000100       0x48 ./Core/Src/tim.o
                0x0000000020000100                htim2
 .bss.htim10    0x0000000020000148       0x48 ./Core/Src/tim.o
                0x0000000020000148                htim10
 .bss.htim11    0x0000000020000190       0x48 ./Core/Src/tim.o
                0x0000000020000190                htim11
 .bss.htim12    0x00000000200001d8       0x48 ./Core/Src/tim.o
                0x00000000200001d8                htim12
 .bss.htim13    0x0000000020000220       0x48 ./Core/Src/tim.o
                0x0000000020000220                htim13
 .bss.htim14    0x0000000020000268       0x48 ./Core/Src/tim.o
                0x0000000020000268                htim14
 .bss.huart2    0x00000000200002b0       0x44 ./Core/Src/usart.o
                0x00000000200002b0                huart2
 .bss.uwTick    0x00000000200002f4        0x4 ./Drivers/STM32F4xx_HAL_Driver/Src/stm32f4xx_hal.o
                0x00000000200002f4                uwTick
 *(COMMON)
                0x00000000200002f8                . = ALIGN (0x4)
                0x00000000200002f8                _ebss = .
                0x00000000200002f8                __bss_end__ = _ebss

._user_heap_stack
                0x00000000200002f8      0x600 load address 0x0000000008004fc8
                0x00000000200002f8                . = ALIGN (0x8)
                [!provide]                        PROVIDE (end = .)
                0x00000000200002f8                PROVIDE (_end = .)
                0x00000000200004f8                . = (. + _Min_Heap_Size)
 *fill*         0x00000000200002f8      0x200 
                0x00000000200008f8                . = (. + _Min_Stack_Size)
 *fill*         0x00000000200004f8      0x400 
                0x00000000200008f8                . = ALIGN (0x8)

/DISCARD/
 libc.a(*)
 libm.a(*)
 libgcc.a(*)

.ARM.attributes
                0x0000000000000000       0x30
 *(.ARM.attributes)
 .ARM.attributes
                0x0000000000000000       0x1e c:/st/stm32cubeide_1.11.2/stm32cubeide/plugins/com.st.stm32cube.ide.mcu.externaltools.gnu-tools-for-stm32.10.3-2021.10.win32_1.0.200.202301161003/tools/bin/../lib/gcc/arm-none-eabi/10.3.1/thumb/v7e-m+fp/hard/crti.o
 .ARM.attributes
                0x000000000000001e       0x34 c:/st/stm32cubeide_1.11.2/stm32cubeide/plugins/com.st.stm32cube.ide.mcu.externaltools.gnu-tools-for-stm32.10.3-2021.10.win32_1.0.200.202301161003/tools/bin/../lib/gcc/arm-none-eabi/10.3.1/thumb/v7e-m+fp/hard/crtbegin.o
 .ARM.attributes
                0x0000000000000052       0x34 ./Core/Src/Mapping.o
 .ARM.attributes
                0x0000000000000086       0x34 ./Core/Src/PWM.o
 .ARM.attributes
                0x00000000000000ba       0x34 ./Core/Src/adc.o
 .ARM.attributes
                0x00000000000000ee       0x34 ./Core/Src/gpio.o
 .ARM.attributes
                0x0000000000000122       0x34 ./Core/Src/main.o
 .ARM.attributes
                0x0000000000000156       0x34 ./Core/Src/servo.o
 .ARM.attributes
                0x000000000000018a       0x34 ./Core/Src/stm32f4xx_hal_msp.o
 .ARM.attributes
                0x00000000000001be       0x34 ./Core/Src/stm32f4xx_it.o
 .ARM.attributes
                0x00000000000001f2       0x34 ./Core/Src/system_stm32f4xx.o
 .ARM.attributes
                0x0000000000000226       0x34 ./Core/Src/tim.o
 .ARM.attributes
                0x000000000000025a       0x34 ./Core/Src/usart.o
 .ARM.attributes
                0x000000000000028e       0x21 ./Core/Startup/startup_stm32f446retx.o
 .ARM.attributes
                0x00000000000002af       0x34 ./Drivers/STM32F4xx_HAL_Driver/Src/stm32f4xx_hal.o
 .ARM.attributes
                0x00000000000002e3       0x34 ./Drivers/STM32F4xx_HAL_Driver/Src/stm32f4xx_hal_adc.o
 .ARM.attributes
                0x0000000000000317       0x34 ./Drivers/STM32F4xx_HAL_Driver/Src/stm32f4xx_hal_adc_ex.o
 .ARM.attributes
                0x000000000000034b       0x34 ./Drivers/STM32F4xx_HAL_Driver/Src/stm32f4xx_hal_cortex.o
 .ARM.attributes
                0x000000000000037f       0x34 ./Drivers/STM32F4xx_HAL_Driver/Src/stm32f4xx_hal_dma.o
 .ARM.attributes
                0x00000000000003b3       0x34 ./Drivers/STM32F4xx_HAL_Driver/Src/stm32f4xx_hal_gpio.o
 .ARM.attributes
                0x00000000000003e7       0x34 ./Drivers/STM32F4xx_HAL_Driver/Src/stm32f4xx_hal_rcc.o
 .ARM.attributes
                0x000000000000041b       0x34 ./Drivers/STM32F4xx_HAL_Driver/Src/stm32f4xx_hal_rcc_ex.o
 .ARM.attributes
                0x000000000000044f       0x34 ./Drivers/STM32F4xx_HAL_Driver/Src/stm32f4xx_hal_tim.o
 .ARM.attributes
                0x0000000000000483       0x34 ./Drivers/STM32F4xx_HAL_Driver/Src/stm32f4xx_hal_tim_ex.o
 .ARM.attributes
                0x00000000000004b7       0x34 ./Drivers/STM32F4xx_HAL_Driver/Src/stm32f4xx_hal_uart.o
 .ARM.attributes
                0x00000000000004eb       0x34 c:/st/stm32cubeide_1.11.2/stm32cubeide/plugins/com.st.stm32cube.ide.mcu.externaltools.gnu-tools-for-stm32.10.3-2021.10.win32_1.0.200.202301161003/tools/bin/../lib/gcc/arm-none-eabi/10.3.1/../../../../arm-none-eabi/lib/thumb/v7e-m+fp/hard\libc_nano.a(lib_a-init.o)
 .ARM.attributes
                0x000000000000051f       0x34 c:/st/stm32cubeide_1.11.2/stm32cubeide/plugins/com.st.stm32cube.ide.mcu.externaltools.gnu-tools-for-stm32.10.3-2021.10.win32_1.0.200.202301161003/tools/bin/../lib/gcc/arm-none-eabi/10.3.1/../../../../arm-none-eabi/lib/thumb/v7e-m+fp/hard\libc_nano.a(lib_a-memcpy-stub.o)
 .ARM.attributes
                0x0000000000000553       0x34 c:/st/stm32cubeide_1.11.2/stm32cubeide/plugins/com.st.stm32cube.ide.mcu.externaltools.gnu-tools-for-stm32.10.3-2021.10.win32_1.0.200.202301161003/tools/bin/../lib/gcc/arm-none-eabi/10.3.1/../../../../arm-none-eabi/lib/thumb/v7e-m+fp/hard\libc_nano.a(lib_a-memset.o)
 .ARM.attributes
                0x0000000000000587       0x1e c:/st/stm32cubeide_1.11.2/stm32cubeide/plugins/com.st.stm32cube.ide.mcu.externaltools.gnu-tools-for-stm32.10.3-2021.10.win32_1.0.200.202301161003/tools/bin/../lib/gcc/arm-none-eabi/10.3.1/thumb/v7e-m+fp/hard\libgcc.a(_aeabi_uldivmod.o)
 .ARM.attributes
                0x00000000000005a5       0x34 c:/st/stm32cubeide_1.11.2/stm32cubeide/plugins/com.st.stm32cube.ide.mcu.externaltools.gnu-tools-for-stm32.10.3-2021.10.win32_1.0.200.202301161003/tools/bin/../lib/gcc/arm-none-eabi/10.3.1/thumb/v7e-m+fp/hard\libgcc.a(_udivmoddi4.o)
 .ARM.attributes
                0x00000000000005d9       0x1e c:/st/stm32cubeide_1.11.2/stm32cubeide/plugins/com.st.stm32cube.ide.mcu.externaltools.gnu-tools-for-stm32.10.3-2021.10.win32_1.0.200.202301161003/tools/bin/../lib/gcc/arm-none-eabi/10.3.1/thumb/v7e-m+fp/hard\libgcc.a(_dvmd_tls.o)
 .ARM.attributes
                0x00000000000005f7       0x1e c:/st/stm32cubeide_1.11.2/stm32cubeide/plugins/com.st.stm32cube.ide.mcu.externaltools.gnu-tools-for-stm32.10.3-2021.10.win32_1.0.200.202301161003/tools/bin/../lib/gcc/arm-none-eabi/10.3.1/thumb/v7e-m+fp/hard/crtn.o
OUTPUT(NUCLEO_MX_STM.elf elf32-littlearm)
LOAD linker stubs
LOAD c:/st/stm32cubeide_1.11.2/stm32cubeide/plugins/com.st.stm32cube.ide.mcu.externaltools.gnu-tools-for-stm32.10.3-2021.10.win32_1.0.200.202301161003/tools/bin/../lib/gcc/arm-none-eabi/10.3.1/../../../../arm-none-eabi/lib/thumb/v7e-m+fp/hard\libc.a
LOAD c:/st/stm32cubeide_1.11.2/stm32cubeide/plugins/com.st.stm32cube.ide.mcu.externaltools.gnu-tools-for-stm32.10.3-2021.10.win32_1.0.200.202301161003/tools/bin/../lib/gcc/arm-none-eabi/10.3.1/../../../../arm-none-eabi/lib/thumb/v7e-m+fp/hard\libm.a
LOAD c:/st/stm32cubeide_1.11.2/stm32cubeide/plugins/com.st.stm32cube.ide.mcu.externaltools.gnu-tools-for-stm32.10.3-2021.10.win32_1.0.200.202301161003/tools/bin/../lib/gcc/arm-none-eabi/10.3.1/thumb/v7e-m+fp/hard\libgcc.a

.debug_info     0x0000000000000000    0x126f2
 .debug_info    0x0000000000000000      0x108 ./Core/Src/Mapping.o
 .debug_info    0x0000000000000108      0x259 ./Core/Src/PWM.o
 .debug_info    0x0000000000000361      0xdd4 ./Core/Src/adc.o
 .debug_info    0x0000000000001135      0x4a9 ./Core/Src/gpio.o
 .debug_info    0x00000000000015de      0xd86 ./Core/Src/main.o
 .debug_info    0x0000000000002364      0x744 ./Core/Src/servo.o
 .debug_info    0x0000000000002aa8      0x2f3 ./Core/Src/stm32f4xx_hal_msp.o
 .debug_info    0x0000000000002d9b      0xd32 ./Core/Src/stm32f4xx_it.o
 .debug_info    0x0000000000003acd      0x55b ./Core/Src/system_stm32f4xx.o
 .debug_info    0x0000000000004028     0x10e9 ./Core/Src/tim.o
 .debug_info    0x0000000000005111      0xc6a ./Core/Src/usart.o
 .debug_info    0x0000000000005d7b       0x22 ./Core/Startup/startup_stm32f446retx.o
 .debug_info    0x0000000000005d9d      0x9d2 ./Drivers/STM32F4xx_HAL_Driver/Src/stm32f4xx_hal.o
 .debug_info    0x000000000000676f      0xd70 ./Drivers/STM32F4xx_HAL_Driver/Src/stm32f4xx_hal_adc.o
 .debug_info    0x00000000000074df      0xbdc ./Drivers/STM32F4xx_HAL_Driver/Src/stm32f4xx_hal_adc_ex.o
 .debug_info    0x00000000000080bb      0xe39 ./Drivers/STM32F4xx_HAL_Driver/Src/stm32f4xx_hal_cortex.o
 .debug_info    0x0000000000008ef4      0x94f ./Drivers/STM32F4xx_HAL_Driver/Src/stm32f4xx_hal_dma.o
 .debug_info    0x0000000000009843      0x7be ./Drivers/STM32F4xx_HAL_Driver/Src/stm32f4xx_hal_gpio.o
 .debug_info    0x000000000000a001      0x9ab ./Drivers/STM32F4xx_HAL_Driver/Src/stm32f4xx_hal_rcc.o
 .debug_info    0x000000000000a9ac      0x9ec ./Drivers/STM32F4xx_HAL_Driver/Src/stm32f4xx_hal_rcc_ex.o
 .debug_info    0x000000000000b398     0x2bbe ./Drivers/STM32F4xx_HAL_Driver/Src/stm32f4xx_hal_tim.o
 .debug_info    0x000000000000df56     0x15e0 ./Drivers/STM32F4xx_HAL_Driver/Src/stm32f4xx_hal_tim_ex.o
 .debug_info    0x000000000000f536     0x31bc ./Drivers/STM32F4xx_HAL_Driver/Src/stm32f4xx_hal_uart.o

.debug_abbrev   0x0000000000000000     0x2ab6
 .debug_abbrev  0x0000000000000000       0x7a ./Core/Src/Mapping.o
 .debug_abbrev  0x000000000000007a       0xca ./Core/Src/PWM.o
 .debug_abbrev  0x0000000000000144      0x1fe ./Core/Src/adc.o
 .debug_abbrev  0x0000000000000342      0x146 ./Core/Src/gpio.o
 .debug_abbrev  0x0000000000000488      0x24a ./Core/Src/main.o
 .debug_abbrev  0x00000000000006d2      0x168 ./Core/Src/servo.o
 .debug_abbrev  0x000000000000083a       0xf0 ./Core/Src/stm32f4xx_hal_msp.o
 .debug_abbrev  0x000000000000092a      0x1b6 ./Core/Src/stm32f4xx_it.o
 .debug_abbrev  0x0000000000000ae0      0x116 ./Core/Src/system_stm32f4xx.o
 .debug_abbrev  0x0000000000000bf6      0x269 ./Core/Src/tim.o
 .debug_abbrev  0x0000000000000e5f      0x205 ./Core/Src/usart.o
 .debug_abbrev  0x0000000000001064       0x12 ./Core/Startup/startup_stm32f446retx.o
 .debug_abbrev  0x0000000000001076      0x20d ./Drivers/STM32F4xx_HAL_Driver/Src/stm32f4xx_hal.o
 .debug_abbrev  0x0000000000001283      0x244 ./Drivers/STM32F4xx_HAL_Driver/Src/stm32f4xx_hal_adc.o
 .debug_abbrev  0x00000000000014c7      0x25f ./Drivers/STM32F4xx_HAL_Driver/Src/stm32f4xx_hal_adc_ex.o
 .debug_abbrev  0x0000000000001726      0x316 ./Drivers/STM32F4xx_HAL_Driver/Src/stm32f4xx_hal_cortex.o
 .debug_abbrev  0x0000000000001a3c      0x25b ./Drivers/STM32F4xx_HAL_Driver/Src/stm32f4xx_hal_dma.o
 .debug_abbrev  0x0000000000001c97      0x1c4 ./Drivers/STM32F4xx_HAL_Driver/Src/stm32f4xx_hal_gpio.o
 .debug_abbrev  0x0000000000001e5b      0x2aa ./Drivers/STM32F4xx_HAL_Driver/Src/stm32f4xx_hal_rcc.o
 .debug_abbrev  0x0000000000002105      0x1fb ./Drivers/STM32F4xx_HAL_Driver/Src/stm32f4xx_hal_rcc_ex.o
 .debug_abbrev  0x0000000000002300      0x25d ./Drivers/STM32F4xx_HAL_Driver/Src/stm32f4xx_hal_tim.o
 .debug_abbrev  0x000000000000255d      0x265 ./Drivers/STM32F4xx_HAL_Driver/Src/stm32f4xx_hal_tim_ex.o
 .debug_abbrev  0x00000000000027c2      0x2f4 ./Drivers/STM32F4xx_HAL_Driver/Src/stm32f4xx_hal_uart.o

.debug_aranges  0x0000000000000000      0xf38
 .debug_aranges
                0x0000000000000000       0x20 ./Core/Src/Mapping.o
 .debug_aranges
                0x0000000000000020       0x20 ./Core/Src/PWM.o
 .debug_aranges
                0x0000000000000040       0x40 ./Core/Src/adc.o
 .debug_aranges
                0x0000000000000080       0x20 ./Core/Src/gpio.o
 .debug_aranges
                0x00000000000000a0       0x38 ./Core/Src/main.o
 .debug_aranges
                0x00000000000000d8       0x20 ./Core/Src/servo.o
 .debug_aranges
                0x00000000000000f8       0x20 ./Core/Src/stm32f4xx_hal_msp.o
 .debug_aranges
                0x0000000000000118       0xa0 ./Core/Src/stm32f4xx_it.o
 .debug_aranges
                0x00000000000001b8       0x28 ./Core/Src/system_stm32f4xx.o
 .debug_aranges
                0x00000000000001e0       0x60 ./Core/Src/tim.o
 .debug_aranges
                0x0000000000000240       0x30 ./Core/Src/usart.o
 .debug_aranges
                0x0000000000000270       0x28 ./Core/Startup/startup_stm32f446retx.o
 .debug_aranges
                0x0000000000000298       0xf0 ./Drivers/STM32F4xx_HAL_Driver/Src/stm32f4xx_hal.o
 .debug_aranges
                0x0000000000000388       0xe8 ./Drivers/STM32F4xx_HAL_Driver/Src/stm32f4xx_hal_adc.o
 .debug_aranges
                0x0000000000000470       0x90 ./Drivers/STM32F4xx_HAL_Driver/Src/stm32f4xx_hal_adc_ex.o
 .debug_aranges
                0x0000000000000500      0x118 ./Drivers/STM32F4xx_HAL_Driver/Src/stm32f4xx_hal_cortex.o
 .debug_aranges
                0x0000000000000618       0x90 ./Drivers/STM32F4xx_HAL_Driver/Src/stm32f4xx_hal_dma.o
 .debug_aranges
                0x00000000000006a8       0x58 ./Drivers/STM32F4xx_HAL_Driver/Src/stm32f4xx_hal_gpio.o
 .debug_aranges
                0x0000000000000700       0x88 ./Drivers/STM32F4xx_HAL_Driver/Src/stm32f4xx_hal_rcc.o
 .debug_aranges
                0x0000000000000788       0x78 ./Drivers/STM32F4xx_HAL_Driver/Src/stm32f4xx_hal_rcc_ex.o
 .debug_aranges
                0x0000000000000800      0x3d0 ./Drivers/STM32F4xx_HAL_Driver/Src/stm32f4xx_hal_tim.o
 .debug_aranges
                0x0000000000000bd0      0x168 ./Drivers/STM32F4xx_HAL_Driver/Src/stm32f4xx_hal_tim_ex.o
 .debug_aranges
                0x0000000000000d38      0x200 ./Drivers/STM32F4xx_HAL_Driver/Src/stm32f4xx_hal_uart.o

.debug_ranges   0x0000000000000000      0xe00
 .debug_ranges  0x0000000000000000       0x10 ./Core/Src/Mapping.o
 .debug_ranges  0x0000000000000010       0x10 ./Core/Src/PWM.o
 .debug_ranges  0x0000000000000020       0x30 ./Core/Src/adc.o
 .debug_ranges  0x0000000000000050       0x10 ./Core/Src/gpio.o
 .debug_ranges  0x0000000000000060       0x28 ./Core/Src/main.o
 .debug_ranges  0x0000000000000088       0x10 ./Core/Src/servo.o
 .debug_ranges  0x0000000000000098       0x10 ./Core/Src/stm32f4xx_hal_msp.o
 .debug_ranges  0x00000000000000a8       0x90 ./Core/Src/stm32f4xx_it.o
 .debug_ranges  0x0000000000000138       0x18 ./Core/Src/system_stm32f4xx.o
 .debug_ranges  0x0000000000000150       0x50 ./Core/Src/tim.o
 .debug_ranges  0x00000000000001a0       0x20 ./Core/Src/usart.o
 .debug_ranges  0x00000000000001c0       0x20 ./Core/Startup/startup_stm32f446retx.o
 .debug_ranges  0x00000000000001e0       0xe0 ./Drivers/STM32F4xx_HAL_Driver/Src/stm32f4xx_hal.o
 .debug_ranges  0x00000000000002c0       0xd8 ./Drivers/STM32F4xx_HAL_Driver/Src/stm32f4xx_hal_adc.o
 .debug_ranges  0x0000000000000398       0x80 ./Drivers/STM32F4xx_HAL_Driver/Src/stm32f4xx_hal_adc_ex.o
 .debug_ranges  0x0000000000000418      0x108 ./Drivers/STM32F4xx_HAL_Driver/Src/stm32f4xx_hal_cortex.o
 .debug_ranges  0x0000000000000520       0x80 ./Drivers/STM32F4xx_HAL_Driver/Src/stm32f4xx_hal_dma.o
 .debug_ranges  0x00000000000005a0       0x48 ./Drivers/STM32F4xx_HAL_Driver/Src/stm32f4xx_hal_gpio.o
 .debug_ranges  0x00000000000005e8       0x78 ./Drivers/STM32F4xx_HAL_Driver/Src/stm32f4xx_hal_rcc.o
 .debug_ranges  0x0000000000000660       0x68 ./Drivers/STM32F4xx_HAL_Driver/Src/stm32f4xx_hal_rcc_ex.o
 .debug_ranges  0x00000000000006c8      0x3c0 ./Drivers/STM32F4xx_HAL_Driver/Src/stm32f4xx_hal_tim.o
 .debug_ranges  0x0000000000000a88      0x158 ./Drivers/STM32F4xx_HAL_Driver/Src/stm32f4xx_hal_tim_ex.o
 .debug_ranges  0x0000000000000be0      0x220 ./Drivers/STM32F4xx_HAL_Driver/Src/stm32f4xx_hal_uart.o

.debug_macro    0x0000000000000000    0x24279
 .debug_macro   0x0000000000000000       0x6d ./Core/Src/Mapping.o
 .debug_macro   0x000000000000006d      0xa78 ./Core/Src/Mapping.o
 .debug_macro   0x0000000000000ae5       0x22 ./Core/Src/Mapping.o
 .debug_macro   0x0000000000000b07       0x8e ./Core/Src/Mapping.o
 .debug_macro   0x0000000000000b95       0x51 ./Core/Src/Mapping.o
 .debug_macro   0x0000000000000be6      0x103 ./Core/Src/Mapping.o
 .debug_macro   0x0000000000000ce9       0x6a ./Core/Src/Mapping.o
 .debug_macro   0x0000000000000d53      0x1df ./Core/Src/Mapping.o
 .debug_macro   0x0000000000000f32      0x219 ./Core/Src/PWM.o
 .debug_macro   0x000000000000114b      0x2a1 ./Core/Src/PWM.o
 .debug_macro   0x00000000000013ec       0x2e ./Core/Src/PWM.o
 .debug_macro   0x000000000000141a       0x28 ./Core/Src/PWM.o
 .debug_macro   0x0000000000001442       0x1c ./Core/Src/PWM.o
 .debug_macro   0x000000000000145e       0x22 ./Core/Src/PWM.o
 .debug_macro   0x0000000000001480       0xd9 ./Core/Src/PWM.o
 .debug_macro   0x0000000000001559     0x102d ./Core/Src/PWM.o
 .debug_macro   0x0000000000002586      0x11f ./Core/Src/PWM.o
 .debug_macro   0x00000000000026a5    0x16749 ./Core/Src/PWM.o
 .debug_macro   0x0000000000018dee       0x6d ./Core/Src/PWM.o
 .debug_macro   0x0000000000018e5b     0x367e ./Core/Src/PWM.o
 .debug_macro   0x000000000001c4d9      0x174 ./Core/Src/PWM.o
 .debug_macro   0x000000000001c64d       0x5c ./Core/Src/PWM.o
 .debug_macro   0x000000000001c6a9      0xc90 ./Core/Src/PWM.o
 .debug_macro   0x000000000001d339      0x9fe ./Core/Src/PWM.o
 .debug_macro   0x000000000001dd37      0x115 ./Core/Src/PWM.o
 .debug_macro   0x000000000001de4c      0x1a0 ./Core/Src/PWM.o
 .debug_macro   0x000000000001dfec       0xa5 ./Core/Src/PWM.o
 .debug_macro   0x000000000001e091      0x16d ./Core/Src/PWM.o
 .debug_macro   0x000000000001e1fe      0x287 ./Core/Src/PWM.o
 .debug_macro   0x000000000001e485       0x5f ./Core/Src/PWM.o
 .debug_macro   0x000000000001e4e4      0x236 ./Core/Src/PWM.o
 .debug_macro   0x000000000001e71a      0xb5b ./Core/Src/PWM.o
 .debug_macro   0x000000000001f275      0x38b ./Core/Src/PWM.o
 .debug_macro   0x000000000001f600      0x17d ./Core/Src/PWM.o
 .debug_macro   0x000000000001f77d       0xf9 ./Core/Src/PWM.o
 .debug_macro   0x000000000001f876      0x132 ./Core/Src/PWM.o
 .debug_macro   0x000000000001f9a8      0x29c ./Core/Src/PWM.o
 .debug_macro   0x000000000001fc44       0x2e ./Core/Src/PWM.o
 .debug_macro   0x000000000001fc72      0x11a ./Core/Src/PWM.o
 .debug_macro   0x000000000001fd8c       0xe8 ./Core/Src/PWM.o
 .debug_macro   0x000000000001fe74       0x89 ./Core/Src/PWM.o
 .debug_macro   0x000000000001fefd      0x8e6 ./Core/Src/PWM.o
 .debug_macro   0x00000000000207e3       0x4d ./Core/Src/PWM.o
 .debug_macro   0x0000000000020830      0x295 ./Core/Src/PWM.o
 .debug_macro   0x0000000000020ac5      0x126 ./Core/Src/PWM.o
 .debug_macro   0x0000000000020beb       0x58 ./Core/Src/PWM.o
 .debug_macro   0x0000000000020c43      0x20f ./Core/Src/adc.o
 .debug_macro   0x0000000000020e52      0x20f ./Core/Src/gpio.o
 .debug_macro   0x0000000000021061      0x42d ./Core/Src/main.o
 .debug_macro   0x000000000002148e       0x34 ./Core/Src/main.o
 .debug_macro   0x00000000000214c2       0x52 ./Core/Src/main.o
 .debug_macro   0x0000000000021514       0x1e ./Core/Src/main.o
 .debug_macro   0x0000000000021532       0x3c ./Core/Src/main.o
 .debug_macro   0x000000000002156e       0x34 ./Core/Src/main.o
 .debug_macro   0x00000000000215a2       0x16 ./Core/Src/main.o
 .debug_macro   0x00000000000215b8       0x43 ./Core/Src/main.o
 .debug_macro   0x00000000000215fb       0x34 ./Core/Src/main.o
 .debug_macro   0x000000000002162f       0x10 ./Core/Src/main.o
 .debug_macro   0x000000000002163f       0x58 ./Core/Src/main.o
 .debug_macro   0x0000000000021697       0x71 ./Core/Src/main.o
 .debug_macro   0x0000000000021708       0x1c ./Core/Src/main.o
 .debug_macro   0x0000000000021724      0x12a ./Core/Src/main.o
 .debug_macro   0x000000000002184e      0x341 ./Core/Src/main.o
 .debug_macro   0x0000000000021b8f       0x10 ./Core/Src/main.o
 .debug_macro   0x0000000000021b9f       0x35 ./Core/Src/main.o
 .debug_macro   0x0000000000021bd4       0x20 ./Core/Src/main.o
 .debug_macro   0x0000000000021bf4       0x1c ./Core/Src/main.o
 .debug_macro   0x0000000000021c10       0x10 ./Core/Src/main.o
 .debug_macro   0x0000000000021c20       0x10 ./Core/Src/main.o
 .debug_macro   0x0000000000021c30       0x1c ./Core/Src/main.o
 .debug_macro   0x0000000000021c4c       0x52 ./Core/Src/main.o
 .debug_macro   0x0000000000021c9e       0x22 ./Core/Src/main.o
 .debug_macro   0x0000000000021cc0       0x10 ./Core/Src/main.o
 .debug_macro   0x0000000000021cd0       0x52 ./Core/Src/main.o
 .debug_macro   0x0000000000021d22       0xd5 ./Core/Src/main.o
 .debug_macro   0x0000000000021df7       0x1c ./Core/Src/main.o
 .debug_macro   0x0000000000021e13       0x3d ./Core/Src/main.o
 .debug_macro   0x0000000000021e50       0x16 ./Core/Src/main.o
 .debug_macro   0x0000000000021e66      0x145 ./Core/Src/main.o
 .debug_macro   0x0000000000021fab       0x16 ./Core/Src/main.o
 .debug_macro   0x0000000000021fc1       0x16 ./Core/Src/main.o
 .debug_macro   0x0000000000021fd7       0x29 ./Core/Src/main.o
 .debug_macro   0x0000000000022000      0x22c ./Core/Src/servo.o
 .debug_macro   0x000000000002222c      0x205 ./Core/Src/stm32f4xx_hal_msp.o
 .debug_macro   0x0000000000022431      0x20f ./Core/Src/stm32f4xx_it.o
 .debug_macro   0x0000000000022640      0x1f6 ./Core/Src/system_stm32f4xx.o
 .debug_macro   0x0000000000022836      0x20f ./Core/Src/tim.o
 .debug_macro   0x0000000000022a45      0x20f ./Core/Src/usart.o
 .debug_macro   0x0000000000022c54      0x256 ./Drivers/STM32F4xx_HAL_Driver/Src/stm32f4xx_hal.o
 .debug_macro   0x0000000000022eaa      0x1f7 ./Drivers/STM32F4xx_HAL_Driver/Src/stm32f4xx_hal_adc.o
 .debug_macro   0x00000000000230a1      0x1f6 ./Drivers/STM32F4xx_HAL_Driver/Src/stm32f4xx_hal_adc_ex.o
 .debug_macro   0x0000000000023297      0x1f6 ./Drivers/STM32F4xx_HAL_Driver/Src/stm32f4xx_hal_cortex.o
 .debug_macro   0x000000000002348d      0x1fc ./Drivers/STM32F4xx_HAL_Driver/Src/stm32f4xx_hal_dma.o
 .debug_macro   0x0000000000023689      0x1fc ./Drivers/STM32F4xx_HAL_Driver/Src/stm32f4xx_hal_gpio.o
 .debug_macro   0x0000000000023885      0x21a ./Drivers/STM32F4xx_HAL_Driver/Src/stm32f4xx_hal_rcc.o
 .debug_macro   0x0000000000023a9f      0x1f6 ./Drivers/STM32F4xx_HAL_Driver/Src/stm32f4xx_hal_rcc_ex.o
 .debug_macro   0x0000000000023c95      0x1f7 ./Drivers/STM32F4xx_HAL_Driver/Src/stm32f4xx_hal_tim.o
 .debug_macro   0x0000000000023e8c      0x1f6 ./Drivers/STM32F4xx_HAL_Driver/Src/stm32f4xx_hal_tim_ex.o
 .debug_macro   0x0000000000024082      0x1f7 ./Drivers/STM32F4xx_HAL_Driver/Src/stm32f4xx_hal_uart.o

.debug_line     0x0000000000000000    0x144ab
 .debug_line    0x0000000000000000      0x3b9 ./Core/Src/Mapping.o
 .debug_line    0x00000000000003b9      0x75a ./Core/Src/PWM.o
 .debug_line    0x0000000000000b13      0x897 ./Core/Src/adc.o
 .debug_line    0x00000000000013aa      0x724 ./Core/Src/gpio.o
 .debug_line    0x0000000000001ace      0xa86 ./Core/Src/main.o
 .debug_line    0x0000000000002554      0x728 ./Core/Src/servo.o
 .debug_line    0x0000000000002c7c      0x70b ./Core/Src/stm32f4xx_hal_msp.o
 .debug_line    0x0000000000003387      0x88f ./Core/Src/stm32f4xx_it.o
 .debug_line    0x0000000000003c16      0x78c ./Core/Src/system_stm32f4xx.o
 .debug_line    0x00000000000043a2      0x9f0 ./Core/Src/tim.o
 .debug_line    0x0000000000004d92      0x777 ./Core/Src/usart.o
 .debug_line    0x0000000000005509       0x88 ./Core/Startup/startup_stm32f446retx.o
 .debug_line    0x0000000000005591      0x9ee ./Drivers/STM32F4xx_HAL_Driver/Src/stm32f4xx_hal.o
 .debug_line    0x0000000000005f7f     0x126a ./Drivers/STM32F4xx_HAL_Driver/Src/stm32f4xx_hal_adc.o
 .debug_line    0x00000000000071e9      0xeae ./Drivers/STM32F4xx_HAL_Driver/Src/stm32f4xx_hal_adc_ex.o
 .debug_line    0x0000000000008097      0xc9d ./Drivers/STM32F4xx_HAL_Driver/Src/stm32f4xx_hal_cortex.o
 .debug_line    0x0000000000008d34      0xf52 ./Drivers/STM32F4xx_HAL_Driver/Src/stm32f4xx_hal_dma.o
 .debug_line    0x0000000000009c86      0xb4e ./Drivers/STM32F4xx_HAL_Driver/Src/stm32f4xx_hal_gpio.o
 .debug_line    0x000000000000a7d4      0xd76 ./Drivers/STM32F4xx_HAL_Driver/Src/stm32f4xx_hal_rcc.o
 .debug_line    0x000000000000b54a     0x1401 ./Drivers/STM32F4xx_HAL_Driver/Src/stm32f4xx_hal_rcc_ex.o
 .debug_line    0x000000000000c94b     0x36e2 ./Drivers/STM32F4xx_HAL_Driver/Src/stm32f4xx_hal_tim.o
 .debug_line    0x000000000001002d     0x19eb ./Drivers/STM32F4xx_HAL_Driver/Src/stm32f4xx_hal_tim_ex.o
 .debug_line    0x0000000000011a18     0x2a93 ./Drivers/STM32F4xx_HAL_Driver/Src/stm32f4xx_hal_uart.o

.debug_str      0x0000000000000000    0xddb9f
 .debug_str     0x0000000000000000     0x3b53 ./Core/Src/Mapping.o
                                       0x3cbb (size before relaxing)
 .debug_str     0x0000000000003b53    0xd192b ./Core/Src/PWM.o
                                      0xd568d (size before relaxing)
 .debug_str     0x00000000000d547e      0xb34 ./Core/Src/adc.o
                                      0xd61c8 (size before relaxing)
 .debug_str     0x00000000000d5fb2       0x68 ./Core/Src/gpio.o
                                      0xd57cf (size before relaxing)
 .debug_str     0x00000000000d601a     0x4471 ./Core/Src/main.o
                                      0xd9f4b (size before relaxing)
 .debug_str     0x00000000000da48b       0x35 ./Core/Src/servo.o
                                      0xd5c4a (size before relaxing)
 .debug_str     0x00000000000da4c0       0x49 ./Core/Src/stm32f4xx_hal_msp.o
                                      0xd5721 (size before relaxing)
 .debug_str     0x00000000000da509      0x376 ./Core/Src/stm32f4xx_it.o
                                      0xd6050 (size before relaxing)
 .debug_str     0x00000000000da87f       0xdb ./Core/Src/system_stm32f4xx.o
                                      0xd568e (size before relaxing)
 .debug_str     0x00000000000da95a      0x1ef ./Core/Src/tim.o
                                      0xd64cd (size before relaxing)
 .debug_str     0x00000000000dab49       0x51 ./Core/Src/usart.o
                                      0xd61d9 (size before relaxing)
 .debug_str     0x00000000000dab9a       0x75 ./Core/Startup/startup_stm32f446retx.o
 .debug_str     0x00000000000dac0f      0x5f0 ./Drivers/STM32F4xx_HAL_Driver/Src/stm32f4xx_hal.o
                                      0xd625f (size before relaxing)
 .debug_str     0x00000000000db1ff      0x2bd ./Drivers/STM32F4xx_HAL_Driver/Src/stm32f4xx_hal_adc.o
                                      0xd5c62 (size before relaxing)
 .debug_str     0x00000000000db4bc      0x2df ./Drivers/STM32F4xx_HAL_Driver/Src/stm32f4xx_hal_adc_ex.o
                                      0xd5cb6 (size before relaxing)
 .debug_str     0x00000000000db79b      0x31c ./Drivers/STM32F4xx_HAL_Driver/Src/stm32f4xx_hal_cortex.o
                                      0xd5f6d (size before relaxing)
 .debug_str     0x00000000000dbab7      0x304 ./Drivers/STM32F4xx_HAL_Driver/Src/stm32f4xx_hal_dma.o
                                      0xd5a8f (size before relaxing)
 .debug_str     0x00000000000dbdbb      0x10e ./Drivers/STM32F4xx_HAL_Driver/Src/stm32f4xx_hal_gpio.o
                                      0xd5815 (size before relaxing)
 .debug_str     0x00000000000dbec9      0x233 ./Drivers/STM32F4xx_HAL_Driver/Src/stm32f4xx_hal_rcc.o
                                      0xd5ad3 (size before relaxing)
 .debug_str     0x00000000000dc0fc      0x324 ./Drivers/STM32F4xx_HAL_Driver/Src/stm32f4xx_hal_rcc_ex.o
                                      0xd5b06 (size before relaxing)
 .debug_str     0x00000000000dc420      0xcfd ./Drivers/STM32F4xx_HAL_Driver/Src/stm32f4xx_hal_tim.o
                                      0xd69ef (size before relaxing)
 .debug_str     0x00000000000dd11d      0x493 ./Drivers/STM32F4xx_HAL_Driver/Src/stm32f4xx_hal_tim_ex.o
                                      0xd620b (size before relaxing)
 .debug_str     0x00000000000dd5b0      0x5ef ./Drivers/STM32F4xx_HAL_Driver/Src/stm32f4xx_hal_uart.o
                                      0xd6048 (size before relaxing)

.comment        0x0000000000000000       0x50
 .comment       0x0000000000000000       0x50 ./Core/Src/Mapping.o
                                         0x51 (size before relaxing)
 .comment       0x0000000000000050       0x51 ./Core/Src/PWM.o
 .comment       0x0000000000000050       0x51 ./Core/Src/adc.o
 .comment       0x0000000000000050       0x51 ./Core/Src/gpio.o
 .comment       0x0000000000000050       0x51 ./Core/Src/main.o
 .comment       0x0000000000000050       0x51 ./Core/Src/servo.o
 .comment       0x0000000000000050       0x51 ./Core/Src/stm32f4xx_hal_msp.o
 .comment       0x0000000000000050       0x51 ./Core/Src/stm32f4xx_it.o
 .comment       0x0000000000000050       0x51 ./Core/Src/system_stm32f4xx.o
 .comment       0x0000000000000050       0x51 ./Core/Src/tim.o
 .comment       0x0000000000000050       0x51 ./Core/Src/usart.o
 .comment       0x0000000000000050       0x51 ./Drivers/STM32F4xx_HAL_Driver/Src/stm32f4xx_hal.o
 .comment       0x0000000000000050       0x51 ./Drivers/STM32F4xx_HAL_Driver/Src/stm32f4xx_hal_adc.o
 .comment       0x0000000000000050       0x51 ./Drivers/STM32F4xx_HAL_Driver/Src/stm32f4xx_hal_adc_ex.o
 .comment       0x0000000000000050       0x51 ./Drivers/STM32F4xx_HAL_Driver/Src/stm32f4xx_hal_cortex.o
 .comment       0x0000000000000050       0x51 ./Drivers/STM32F4xx_HAL_Driver/Src/stm32f4xx_hal_dma.o
 .comment       0x0000000000000050       0x51 ./Drivers/STM32F4xx_HAL_Driver/Src/stm32f4xx_hal_gpio.o
 .comment       0x0000000000000050       0x51 ./Drivers/STM32F4xx_HAL_Driver/Src/stm32f4xx_hal_rcc.o
 .comment       0x0000000000000050       0x51 ./Drivers/STM32F4xx_HAL_Driver/Src/stm32f4xx_hal_rcc_ex.o
 .comment       0x0000000000000050       0x51 ./Drivers/STM32F4xx_HAL_Driver/Src/stm32f4xx_hal_tim.o
 .comment       0x0000000000000050       0x51 ./Drivers/STM32F4xx_HAL_Driver/Src/stm32f4xx_hal_tim_ex.o
 .comment       0x0000000000000050       0x51 ./Drivers/STM32F4xx_HAL_Driver/Src/stm32f4xx_hal_uart.o

.debug_frame    0x0000000000000000     0x3e20
 .debug_frame   0x0000000000000000       0x38 ./Core/Src/Mapping.o
 .debug_frame   0x0000000000000038       0x38 ./Core/Src/PWM.o
 .debug_frame   0x0000000000000070       0xc4 ./Core/Src/adc.o
 .debug_frame   0x0000000000000134       0x34 ./Core/Src/gpio.o
 .debug_frame   0x0000000000000168       0x94 ./Core/Src/main.o
 .debug_frame   0x00000000000001fc       0x40 ./Core/Src/servo.o
 .debug_frame   0x000000000000023c       0x34 ./Core/Src/stm32f4xx_hal_msp.o
 .debug_frame   0x0000000000000270      0x1e4 ./Core/Src/stm32f4xx_it.o
 .debug_frame   0x0000000000000454       0x58 ./Core/Src/system_stm32f4xx.o
 .debug_frame   0x00000000000004ac      0x134 ./Core/Src/tim.o
 .debug_frame   0x00000000000005e0       0x74 ./Core/Src/usart.o
 .debug_frame   0x0000000000000654      0x374 ./Drivers/STM32F4xx_HAL_Driver/Src/stm32f4xx_hal.o
 .debug_frame   0x00000000000009c8      0x3fc ./Drivers/STM32F4xx_HAL_Driver/Src/stm32f4xx_hal_adc.o
 .debug_frame   0x0000000000000dc4      0x250 ./Drivers/STM32F4xx_HAL_Driver/Src/stm32f4xx_hal_adc_ex.o
 .debug_frame   0x0000000000001014      0x498 ./Drivers/STM32F4xx_HAL_Driver/Src/stm32f4xx_hal_cortex.o
 .debug_frame   0x00000000000014ac      0x250 ./Drivers/STM32F4xx_HAL_Driver/Src/stm32f4xx_hal_dma.o
 .debug_frame   0x00000000000016fc      0x14c ./Drivers/STM32F4xx_HAL_Driver/Src/stm32f4xx_hal_gpio.o
 .debug_frame   0x0000000000001848      0x1f4 ./Drivers/STM32F4xx_HAL_Driver/Src/stm32f4xx_hal_rcc.o
 .debug_frame   0x0000000000001a3c      0x1e8 ./Drivers/STM32F4xx_HAL_Driver/Src/stm32f4xx_hal_rcc_ex.o
 .debug_frame   0x0000000000001c24     0x11c4 ./Drivers/STM32F4xx_HAL_Driver/Src/stm32f4xx_hal_tim.o
 .debug_frame   0x0000000000002de8      0x638 ./Drivers/STM32F4xx_HAL_Driver/Src/stm32f4xx_hal_tim_ex.o
 .debug_frame   0x0000000000003420      0x92c ./Drivers/STM32F4xx_HAL_Driver/Src/stm32f4xx_hal_uart.o
 .debug_frame   0x0000000000003d4c       0x2c c:/st/stm32cubeide_1.11.2/stm32cubeide/plugins/com.st.stm32cube.ide.mcu.externaltools.gnu-tools-for-stm32.10.3-2021.10.win32_1.0.200.202301161003/tools/bin/../lib/gcc/arm-none-eabi/10.3.1/../../../../arm-none-eabi/lib/thumb/v7e-m+fp/hard\libc_nano.a(lib_a-init.o)
 .debug_frame   0x0000000000003d78       0x28 c:/st/stm32cubeide_1.11.2/stm32cubeide/plugins/com.st.stm32cube.ide.mcu.externaltools.gnu-tools-for-stm32.10.3-2021.10.win32_1.0.200.202301161003/tools/bin/../lib/gcc/arm-none-eabi/10.3.1/../../../../arm-none-eabi/lib/thumb/v7e-m+fp/hard\libc_nano.a(lib_a-memcpy-stub.o)
 .debug_frame   0x0000000000003da0       0x20 c:/st/stm32cubeide_1.11.2/stm32cubeide/plugins/com.st.stm32cube.ide.mcu.externaltools.gnu-tools-for-stm32.10.3-2021.10.win32_1.0.200.202301161003/tools/bin/../lib/gcc/arm-none-eabi/10.3.1/../../../../arm-none-eabi/lib/thumb/v7e-m+fp/hard\libc_nano.a(lib_a-memset.o)
 .debug_frame   0x0000000000003dc0       0x2c c:/st/stm32cubeide_1.11.2/stm32cubeide/plugins/com.st.stm32cube.ide.mcu.externaltools.gnu-tools-for-stm32.10.3-2021.10.win32_1.0.200.202301161003/tools/bin/../lib/gcc/arm-none-eabi/10.3.1/thumb/v7e-m+fp/hard\libgcc.a(_aeabi_uldivmod.o)
 .debug_frame   0x0000000000003dec       0x34 c:/st/stm32cubeide_1.11.2/stm32cubeide/plugins/com.st.stm32cube.ide.mcu.externaltools.gnu-tools-for-stm32.10.3-2021.10.win32_1.0.200.202301161003/tools/bin/../lib/gcc/arm-none-eabi/10.3.1/thumb/v7e-m+fp/hard\libgcc.a(_udivmoddi4.o)
