../X-CUBE-AI/App/aiTestUtility.c:313:13:_put_c_buffer_cb	0	static
../X-CUBE-AI/App/aiTestUtility.c:289:13:_put_c_driver	16	static
../X-CUBE-AI/App/aiTestUtility.c:131:6:ioRawGetUint8	8	static
../X-CUBE-AI/App/aiTestUtility.c:188:6:ioRawWriteBuffer	8	static
../X-CUBE-AI/App/aiTestUtility.c:193:6:ioRawReadBuffer	8	static
../X-CUBE-AI/App/aiTestUtility.c:198:6:ioRawDisableLLWrite	0	static
../X-CUBE-AI/App/aiTestUtility.c:210:5:_write	8	static
../X-CUBE-AI/App/aiTestUtility.c:299:6:lc_print	16	static
../X-CUBE-AI/App/aiTestUtility.c:323:8:lc_vsnprint	24	static
../X-CUBE-AI/App/aiTestUtility.c:348:7:__wrap_malloc	16	static
../X-CUBE-AI/App/aiTestUtility.c:388:6:__wrap_free	8	static
../X-CUBE-AI/App/aiTestUtility.c:441:6:stackMonInit	16	static
../X-CUBE-AI/App/aiTestUtility.c:483:6:crcIpInit	16	static
../X-CUBE-AI/App/aiTestUtility.c:502:10:systemCoreClock	0	static
../X-CUBE-AI/App/aiTestUtility.c:513:5:dwtCyclesToTime	48	static
../X-CUBE-AI/App/aiTestUtility.c:530:7:dwtCyclesToFloatMs	24	static
../X-CUBE-AI/App/aiTestUtility.c:683:10:getFlashCacheConf	8	static
../X-CUBE-AI/App/aiTestUtility.c:635:6:getSysConf.part.0	8	static
../X-CUBE-AI/App/aiTestUtility.c:635:6:getSysConf	0	static
../X-CUBE-AI/App/aiTestUtility.c:771:6:systemSettingLog	48	static
