../Core/Src/tim.c:35:6:MX_TIM2_Init	48	static
../Core/Src/tim.c:91:6:MX_TIM10_Init	8	static
../Core/Src/tim.c:117:6:MX_TIM11_Init	8	static
../Core/Src/tim.c:143:6:MX_TIM12_Init	56	static
../Core/Src/tim.c:190:6:MX_TIM13_Init	8	static
../Core/Src/tim.c:216:6:MX_TIM14_Init	8	static
../Core/Src/tim.c:242:6:HAL_TIM_PWM_MspInit	24	static
../Core/Src/tim.c:262:6:HAL_TIM_Base_MspInit	40	static
../Core/Src/tim.c:341:6:HAL_TIM_MspPostInit	48	static
../Core/Src/tim.c:400:6:HAL_TIM_PWM_MspDeInit	16	static
../Core/Src/tim.c:419:6:HAL_TIM_Base_MspDeInit	16	static
