eml_common.h:31:1:eml_error_valid	1
eml_common.h:36:1:eml_error_str	2
eml_net.h:50:1:eml_net_relu	2
eml_net.h:55:1:eml_net_expit	1
eml_net.h:60:1:eml_net_tanh	1
eml_net.h:65:1:eml_net_softmax	6
eml_net.h:90:1:eml_net_argmax	3
eml_net.h:105:1:eml_net_valid	4
eml_net.h:111:1:eml_net_outputs	1
eml_net.h:117:1:eml_net_outputs_proba	2
eml_net.h:127:1:eml_net_find_largest_layer	4
eml_net.h:169:1:eml_net_layer_forward	15
eml_net.h:224:1:eml_net_infer	10
eml_net.h:257:1:eml_net_predict_proba	10
eml_net.h:290:1:eml_net_predict	5
model_2.h:14:5:model_2_predict	1
main.c:70:5:main	1
main.c:155:6:SystemClock_Config	3
main.c:206:6:Error_Handler	1
