23:59:30 **** Incremental Build of configuration Debug for project Assign1_CommBetwn2Board_f446 ****
make -j4 all 
arm-none-eabi-gcc "../Src/main.c" -mcpu=cortex-m4 -std=gnu11 -g3 -DDEBUG -DSTM32 -DSTM32F4 -DSTM32F446RETx -DNUCLEO_F446RE -c -I../Inc -O0 -ffunction-sections -fdata-sections -Wall -fstack-usage -fcyclomatic-complexity -MMD -MP -MF"Src/main.d" -MT"Src/main.o" --specs=nano.specs -mfpu=fpv4-sp-d16 -mfloat-abi=hard -mthumb -o "Src/main.o"
arm-none-eabi-gcc -o "Assign1_CommBetwn2Board_f446.elf" @"objects.list"   -mcpu=cortex-m4 -T"F:\Embedded ARM\STM32 Projects\Assign1_CommBetwn2Board_f446\STM32F446RETX_FLASH.ld" --specs=nosys.specs -Wl,-Map="Assign1_CommBetwn2Board_f446.map" -Wl,--gc-sections -static --specs=nano.specs -mfpu=fpv4-sp-d16 -mfloat-abi=hard -mthumb -Wl,--start-group -lc -lm -Wl,--end-group
Finished building target: Assign1_CommBetwn2Board_f446.elf
 
arm-none-eabi-size   Assign1_CommBetwn2Board_f446.elf 
arm-none-eabi-objdump -h -S  Assign1_CommBetwn2Board_f446.elf  > "Assign1_CommBetwn2Board_f446.list"
   text	   data	    bss	    dec	    hex	filename
   2464	     40	   1568	   4072	    fe8	Assign1_CommBetwn2Board_f446.elf
Finished building: default.size.stdout
 
Finished building: Assign1_CommBetwn2Board_f446.list
 

23:59:30 Build Finished. 0 errors, 0 warnings. (took 834ms)

