17:25:56 **** Incremental Build of configuration Debug for project Deployment_test4 ****
make -j4 all 
arm-none-eabi-gcc "../Core/Src/main.c" -mcpu=cortex-m4 -std=gnu11 -g3 -DDEBUG -DUSE_HAL_DRIVER -DSTM32F446xx -c -I../Core/Inc -I../Middlewares/ST/AI/Inc -I../X-CUBE-AI/App -I"C:/Users/Hanin Anwar/STM32Cube/Repository/STM32Cube_FW_F4_V1.27.1/Drivers/STM32F4xx_HAL_Driver/Inc" -I"C:/Users/Hanin Anwar/STM32Cube/Repository/STM32Cube_FW_F4_V1.27.1/Drivers/STM32F4xx_HAL_Driver/Inc/Legacy" -I"C:/Users/Hanin Anwar/STM32Cube/Repository/STM32Cube_FW_F4_V1.27.1/Drivers/CMSIS/Device/ST/STM32F4xx/Include" -I"C:/Users/Hanin Anwar/STM32Cube/Repository/STM32Cube_FW_F4_V1.27.1/Drivers/CMSIS/Include" -I../X-CUBE-AI -O0 -ffunction-sections -fdata-sections -Wall -fstack-usage -fcyclomatic-complexity -MMD -MP -MF"Core/Src/main.d" -MT"Core/Src/main.o" --specs=nano.specs -mfpu=fpv4-sp-d16 -mfloat-abi=hard -mthumb -o "Core/Src/main.o"
../Core/Src/main.c: In function 'Model_Init':
../Core/Src/main.c:53:11: warning: variable 'err' set but not used [-Wunused-but-set-variable]
   53 |  ai_error err;
      |           ^~~
../Core/Src/main.c: In function 'Model_Run':
../Core/Src/main.c:66:11: warning: variable 'err' set but not used [-Wunused-but-set-variable]
   66 |  ai_error err;
      |           ^~~
arm-none-eabi-gcc -o "Deployment_test4.elf" @"objects.list"  -l:NetworkRuntime800_CM4_GCC.a -mcpu=cortex-m4 -T"F:\Embedded ARM\STM32 Projects\Deployment_test4\STM32F446RETX_FLASH.ld" --specs=nosys.specs -Wl,-Map="Deployment_test4.map" -Wl,--gc-sections -static -L../Middlewares/ST/AI/Lib --specs=nano.specs -mfpu=fpv4-sp-d16 -mfloat-abi=hard -mthumb -Wl,--start-group -lc -lm -Wl,--end-group
Finished building target: Deployment_test4.elf
 
arm-none-eabi-size   Deployment_test4.elf 
arm-none-eabi-objdump -h -S  Deployment_test4.elf  > "Deployment_test4.list"
   text	   data	    bss	    dec	    hex	filename
  25140	   1472	   6048	  32660	   7f94	Deployment_test4.elf
Finished building: default.size.stdout
 
Finished building: Deployment_test4.list
 

17:25:59 Build Finished. 0 errors, 2 warnings. (took 3s.14ms)

