17:03:50 **** Incremental Build of configuration Debug for project embedded_and_ai2 ****
make -j4 all 
arm-none-eabi-gcc "../Core/Src/main.c" -mcpu=cortex-m4 -std=gnu11 -g3 -DDEBUG -DUSE_HAL_DRIVER -DSTM32F446xx -c -I../Core/Inc -I../Middlewares/ST/AI/Inc -I../X-CUBE-AI/App -I"C:/Users/Hanin Anwar/STM32Cube/Repository/STM32Cube_FW_F4_V1.27.1/Drivers/STM32F4xx_HAL_Driver/Inc" -I"C:/Users/Hanin Anwar/STM32Cube/Repository/STM32Cube_FW_F4_V1.27.1/Drivers/STM32F4xx_HAL_Driver/Inc/Legacy" -I"C:/Users/Hanin Anwar/STM32Cube/Repository/STM32Cube_FW_F4_V1.27.1/Drivers/CMSIS/Device/ST/STM32F4xx/Include" -I"C:/Users/Hanin Anwar/STM32Cube/Repository/STM32Cube_FW_F4_V1.27.1/Drivers/CMSIS/Include" -O0 -ffunction-sections -fdata-sections -Wall -fstack-usage -fcyclomatic-complexity -MMD -MP -MF"Core/Src/main.d" -MT"Core/Src/main.o" --specs=nano.specs -mfpu=fpv4-sp-d16 -mfloat-abi=hard -mthumb -o "Core/Src/main.o"
../Core/Src/main.c: In function 'Model_Init':
../Core/Src/main.c:92:11: warning: variable 'err' set but not used [-Wunused-but-set-variable]
   92 |  ai_error err;
      |           ^~~
../Core/Src/main.c: In function 'Model_Run':
../Core/Src/main.c:105:11: warning: variable 'err' set but not used [-Wunused-but-set-variable]
  105 |  ai_error err;
      |           ^~~
../Core/Src/main.c: In function 'main':
../Core/Src/main.c:196:10: warning: variable 'Servo4' set but not used [-Wunused-but-set-variable]
  196 |  SERVO_t Servo4;
      |          ^~~~~~
../Core/Src/main.c:192:10: warning: variable 'Servo3' set but not used [-Wunused-but-set-variable]
  192 |  SERVO_t Servo3;
      |          ^~~~~~
../Core/Src/main.c:187:10: warning: variable 'Servo2' set but not used [-Wunused-but-set-variable]
  187 |  SERVO_t Servo2;
      |          ^~~~~~
../Core/Src/main.c:183:10: warning: variable 'Servo1' set but not used [-Wunused-but-set-variable]
  183 |  SERVO_t Servo1;
      |          ^~~~~~
arm-none-eabi-gcc -o "embedded_and_ai2.elf" @"objects.list"  -l:NetworkRuntime800_CM4_GCC.a -mcpu=cortex-m4 -T"F:\Embedded ARM\STM32 Projects\embedded_and_ai2\STM32F446RETX_FLASH.ld" --specs=nosys.specs -Wl,-Map="embedded_and_ai2.map" -Wl,--gc-sections -static -L../Middlewares/ST/AI/Lib --specs=nano.specs -mfpu=fpv4-sp-d16 -mfloat-abi=hard -mthumb -Wl,--start-group -lc -lm -Wl,--end-group
Finished building target: embedded_and_ai2.elf
 
arm-none-eabi-size   embedded_and_ai2.elf 
arm-none-eabi-objdump -h -S  embedded_and_ai2.elf  > "embedded_and_ai2.list"
   text	   data	    bss	    dec	    hex	filename
  44308	   1472	   6728	  52508	   cd1c	embedded_and_ai2.elf
Finished building: default.size.stdout
 
Finished building: embedded_and_ai2.list
 

17:03:53 Build Finished. 0 errors, 6 warnings. (took 2s.509ms)

