17:33:53 **** Clean-only build of configuration Debug for project Assign1_CommBetwn2Board_f3 ****
make -j4 clean 
rm -rf ./Startup/startup_stm32f103c8tx.d ./Startup/startup_stm32f103c8tx.o
rm -rf ./Src/GPIO_program.cyclo ./Src/GPIO_program.d ./Src/GPIO_program.o ./Src/GPIO_program.su ./Src/KEYPAD_program.cyclo ./Src/KEYPAD_program.d ./Src/KEYPAD_program.o ./Src/KEYPAD_program.su ./Src/RCC_program.cyclo ./Src/RCC_program.d ./Src/RCC_program.o ./Src/RCC_program.su ./Src/main.cyclo ./Src/main.d ./Src/main.o ./Src/main.su ./Src/syscalls.cyclo ./Src/syscalls.d ./Src/syscalls.o ./Src/syscalls.su ./Src/sysmem.cyclo ./Src/sysmem.d ./Src/sysmem.o ./Src/sysmem.su
rm -rf Assign1_CommBetwn2Board_f3.elf Assign1_CommBetwn2Board_f3.list Assign1_CommBetwn2Board_f3.map default.size.stdout
 
17:35:48 **** Build of configuration Debug for project Assign1_CommBetwn2Board_f3 ****
make -j4 all 
arm-none-eabi-gcc -mcpu=cortex-m3 -g3 -DDEBUG -c -x assembler-with-cpp -MMD -MP -MF"Startup/startup_stm32f103c8tx.d" -MT"Startup/startup_stm32f103c8tx.o" --specs=nano.specs -mfloat-abi=soft -mthumb -o "Startup/startup_stm32f103c8tx.o" "../Startup/startup_stm32f103c8tx.s"
arm-none-eabi-gcc "../Src/GPIO_program.c" -mcpu=cortex-m3 -std=gnu11 -g3 -DDEBUG -DSTM32 -DSTM32F1 -DSTM32F103C8Tx -c -I../Inc -O0 -ffunction-sections -fdata-sections -Wall -fstack-usage -fcyclomatic-complexity -MMD -MP -MF"Src/GPIO_program.d" -MT"Src/GPIO_program.o" --specs=nano.specs -mfloat-abi=soft -mthumb -o "Src/GPIO_program.o"
arm-none-eabi-gcc "../Src/KEYPAD_program.c" -mcpu=cortex-m3 -std=gnu11 -g3 -DDEBUG -DSTM32 -DSTM32F1 -DSTM32F103C8Tx -c -I../Inc -O0 -ffunction-sections -fdata-sections -Wall -fstack-usage -fcyclomatic-complexity -MMD -MP -MF"Src/KEYPAD_program.d" -MT"Src/KEYPAD_program.o" --specs=nano.specs -mfloat-abi=soft -mthumb -o "Src/KEYPAD_program.o"
arm-none-eabi-gcc "../Src/RCC_program.c" -mcpu=cortex-m3 -std=gnu11 -g3 -DDEBUG -DSTM32 -DSTM32F1 -DSTM32F103C8Tx -c -I../Inc -O0 -ffunction-sections -fdata-sections -Wall -fstack-usage -fcyclomatic-complexity -MMD -MP -MF"Src/RCC_program.d" -MT"Src/RCC_program.o" --specs=nano.specs -mfloat-abi=soft -mthumb -o "Src/RCC_program.o"
../Src/GPIO_program.c: In function 'GPIO_u8PinInit':
../Src/GPIO_program.c:34:15: warning: comparison between pointer and integer
   34 |  if(PinConfig != NULL)
      |               ^~
../Src/KEYPAD_program.c: In function 'KPD_KeyInit':
../Src/KEYPAD_program.c:47:19: warning: unused variable 'Key_Row3' [-Wunused-variable]
   47 |  GPIO_PinConfig_T Key_Row3 =
      |                   ^~~~~~~~
../Src/KEYPAD_program.c:38:19: warning: unused variable 'Key_Row2' [-Wunused-variable]
   38 |  GPIO_PinConfig_T Key_Row2 =
      |                   ^~~~~~~~
../Src/KEYPAD_program.c:29:19: warning: unused variable 'Key_Row1' [-Wunused-variable]
   29 |  GPIO_PinConfig_T Key_Row1 =
      |                   ^~~~~~~~
../Src/KEYPAD_program.c:20:19: warning: unused variable 'Key_Row0' [-Wunused-variable]
   20 |  GPIO_PinConfig_T Key_Row0 =
      |                   ^~~~~~~~
arm-none-eabi-gcc "../Src/main.c" -mcpu=cortex-m3 -std=gnu11 -g3 -DDEBUG -DSTM32 -DSTM32F1 -DSTM32F103C8Tx -c -I../Inc -O0 -ffunction-sections -fdata-sections -Wall -fstack-usage -fcyclomatic-complexity -MMD -MP -MF"Src/main.d" -MT"Src/main.o" --specs=nano.specs -mfloat-abi=soft -mthumb -o "Src/main.o"
arm-none-eabi-gcc "../Src/syscalls.c" -mcpu=cortex-m3 -std=gnu11 -g3 -DDEBUG -DSTM32 -DSTM32F1 -DSTM32F103C8Tx -c -I../Inc -O0 -ffunction-sections -fdata-sections -Wall -fstack-usage -fcyclomatic-complexity -MMD -MP -MF"Src/syscalls.d" -MT"Src/syscalls.o" --specs=nano.specs -mfloat-abi=soft -mthumb -o "Src/syscalls.o"
arm-none-eabi-gcc "../Src/sysmem.c" -mcpu=cortex-m3 -std=gnu11 -g3 -DDEBUG -DSTM32 -DSTM32F1 -DSTM32F103C8Tx -c -I../Inc -O0 -ffunction-sections -fdata-sections -Wall -fstack-usage -fcyclomatic-complexity -MMD -MP -MF"Src/sysmem.d" -MT"Src/sysmem.o" --specs=nano.specs -mfloat-abi=soft -mthumb -o "Src/sysmem.o"
arm-none-eabi-gcc -o "Assign1_CommBetwn2Board_f3.elf" @"objects.list"   -mcpu=cortex-m3 -T"F:\Embedded ARM\STM32 Projects\Assign1_CommBetwn2Board_f3\STM32F103C8TX_FLASH.ld" --specs=nosys.specs -Wl,-Map="Assign1_CommBetwn2Board_f3.map" -Wl,--gc-sections -static --specs=nano.specs -mfloat-abi=soft -mthumb -Wl,--start-group -lc -lm -Wl,--end-group
Finished building target: Assign1_CommBetwn2Board_f3.elf
 
arm-none-eabi-size   Assign1_CommBetwn2Board_f3.elf 
arm-none-eabi-objdump -h -S  Assign1_CommBetwn2Board_f3.elf  > "Assign1_CommBetwn2Board_f3.list"
   text	   data	    bss	    dec	    hex	filename
   1400	     44	   1564	   3008	    bc0	Assign1_CommBetwn2Board_f3.elf
Finished building: default.size.stdout
 
Finished building: Assign1_CommBetwn2Board_f3.list
 
17:35:59 **** Incremental Build of configuration Debug for project Assign1_CommBetwn2Board_f3 ****
make -j4 all 
arm-none-eabi-size   Assign1_CommBetwn2Board_f3.elf 
   text	   data	    bss	    dec	    hex	filename
   1400	     44	   1564	   3008	    bc0	Assign1_CommBetwn2Board_f3.elf
Finished building: default.size.stdout
 
17:37:30 **** Incremental Build of configuration Debug for project Assign1_CommBetwn2Board_f3 ****
make -j4 all 
arm-none-eabi-gcc "../Src/main.c" -mcpu=cortex-m3 -std=gnu11 -g3 -DDEBUG -DSTM32 -DSTM32F1 -DSTM32F103C8Tx -c -I../Inc -O0 -ffunction-sections -fdata-sections -Wall -fstack-usage -fcyclomatic-complexity -MMD -MP -MF"Src/main.d" -MT"Src/main.o" --specs=nano.specs -mfloat-abi=soft -mthumb -o "Src/main.o"
arm-none-eabi-gcc -o "Assign1_CommBetwn2Board_f3.elf" @"objects.list"   -mcpu=cortex-m3 -T"F:\Embedded ARM\STM32 Projects\Assign1_CommBetwn2Board_f3\STM32F103C8TX_FLASH.ld" --specs=nosys.specs -Wl,-Map="Assign1_CommBetwn2Board_f3.map" -Wl,--gc-sections -static --specs=nano.specs -mfloat-abi=soft -mthumb -Wl,--start-group -lc -lm -Wl,--end-group
Finished building target: Assign1_CommBetwn2Board_f3.elf
 
arm-none-eabi-size   Assign1_CommBetwn2Board_f3.elf 
arm-none-eabi-objdump -h -S  Assign1_CommBetwn2Board_f3.elf  > "Assign1_CommBetwn2Board_f3.list"
   text	   data	    bss	    dec	    hex	filename
   1408	     44	   1564	   3016	    bc8	Assign1_CommBetwn2Board_f3.elf
Finished building: default.size.stdout
 
Finished building: Assign1_CommBetwn2Board_f3.list
 
17:38:25 **** Incremental Build of configuration Debug for project Assign1_CommBetwn2Board_f3 ****
make -j4 all 
arm-none-eabi-size   Assign1_CommBetwn2Board_f3.elf 
   text	   data	    bss	    dec	    hex	filename
   1408	     44	   1564	   3016	    bc8	Assign1_CommBetwn2Board_f3.elf
Finished building: default.size.stdout
 
17:39:37 **** Incremental Build of configuration Debug for project Assign1_CommBetwn2Board_f3 ****
make -j4 all 
arm-none-eabi-gcc "../Src/main.c" -mcpu=cortex-m3 -std=gnu11 -g3 -DDEBUG -DSTM32 -DSTM32F1 -DSTM32F103C8Tx -c -I../Inc -O0 -ffunction-sections -fdata-sections -Wall -fstack-usage -fcyclomatic-complexity -MMD -MP -MF"Src/main.d" -MT"Src/main.o" --specs=nano.specs -mfloat-abi=soft -mthumb -o "Src/main.o"
arm-none-eabi-gcc -o "Assign1_CommBetwn2Board_f3.elf" @"objects.list"   -mcpu=cortex-m3 -T"F:\Embedded ARM\STM32 Projects\Assign1_CommBetwn2Board_f3\STM32F103C8TX_FLASH.ld" --specs=nosys.specs -Wl,-Map="Assign1_CommBetwn2Board_f3.map" -Wl,--gc-sections -static --specs=nano.specs -mfloat-abi=soft -mthumb -Wl,--start-group -lc -lm -Wl,--end-group
Finished building target: Assign1_CommBetwn2Board_f3.elf
 
arm-none-eabi-size   Assign1_CommBetwn2Board_f3.elf 
arm-none-eabi-objdump -h -S  Assign1_CommBetwn2Board_f3.elf  > "Assign1_CommBetwn2Board_f3.list"
   text	   data	    bss	    dec	    hex	filename
   1412	     44	   1564	   3020	    bcc	Assign1_CommBetwn2Board_f3.elf
Finished building: default.size.stdout
 
Finished building: Assign1_CommBetwn2Board_f3.list
 
17:42:16 **** Build of configuration Debug for project Assign1_CommBetwn2Board_f103 ****
make -j4 all 
arm-none-eabi-gcc -mcpu=cortex-m3 -g3 -DDEBUG -c -x assembler-with-cpp -MMD -MP -MF"Startup/startup_stm32f103c8tx.d" -MT"Startup/startup_stm32f103c8tx.o" --specs=nano.specs -mfloat-abi=soft -mthumb -o "Startup/startup_stm32f103c8tx.o" "../Startup/startup_stm32f103c8tx.s"
arm-none-eabi-gcc "../Src/GPIO_program.c" -mcpu=cortex-m3 -std=gnu11 -g3 -DDEBUG -DSTM32 -DSTM32F1 -DSTM32F103C8Tx -c -I../Inc -O0 -ffunction-sections -fdata-sections -Wall -fstack-usage -fcyclomatic-complexity -MMD -MP -MF"Src/GPIO_program.d" -MT"Src/GPIO_program.o" --specs=nano.specs -mfloat-abi=soft -mthumb -o "Src/GPIO_program.o"
arm-none-eabi-gcc "../Src/KEYPAD_program.c" -mcpu=cortex-m3 -std=gnu11 -g3 -DDEBUG -DSTM32 -DSTM32F1 -DSTM32F103C8Tx -c -I../Inc -O0 -ffunction-sections -fdata-sections -Wall -fstack-usage -fcyclomatic-complexity -MMD -MP -MF"Src/KEYPAD_program.d" -MT"Src/KEYPAD_program.o" --specs=nano.specs -mfloat-abi=soft -mthumb -o "Src/KEYPAD_program.o"
arm-none-eabi-gcc "../Src/RCC_program.c" -mcpu=cortex-m3 -std=gnu11 -g3 -DDEBUG -DSTM32 -DSTM32F1 -DSTM32F103C8Tx -c -I../Inc -O0 -ffunction-sections -fdata-sections -Wall -fstack-usage -fcyclomatic-complexity -MMD -MP -MF"Src/RCC_program.d" -MT"Src/RCC_program.o" --specs=nano.specs -mfloat-abi=soft -mthumb -o "Src/RCC_program.o"
../Src/GPIO_program.c: In function 'GPIO_u8PinInit':
../Src/GPIO_program.c:34:15: warning: comparison between pointer and integer
   34 |  if(PinConfig != NULL)
      |               ^~
../Src/KEYPAD_program.c: In function 'KPD_KeyInit':
../Src/KEYPAD_program.c:47:19: warning: unused variable 'Key_Row3' [-Wunused-variable]
   47 |  GPIO_PinConfig_T Key_Row3 =
      |                   ^~~~~~~~
../Src/KEYPAD_program.c:38:19: warning: unused variable 'Key_Row2' [-Wunused-variable]
   38 |  GPIO_PinConfig_T Key_Row2 =
      |                   ^~~~~~~~
../Src/KEYPAD_program.c:29:19: warning: unused variable 'Key_Row1' [-Wunused-variable]
   29 |  GPIO_PinConfig_T Key_Row1 =
      |                   ^~~~~~~~
../Src/KEYPAD_program.c:20:19: warning: unused variable 'Key_Row0' [-Wunused-variable]
   20 |  GPIO_PinConfig_T Key_Row0 =
      |                   ^~~~~~~~
arm-none-eabi-gcc "../Src/main.c" -mcpu=cortex-m3 -std=gnu11 -g3 -DDEBUG -DSTM32 -DSTM32F1 -DSTM32F103C8Tx -c -I../Inc -O0 -ffunction-sections -fdata-sections -Wall -fstack-usage -fcyclomatic-complexity -MMD -MP -MF"Src/main.d" -MT"Src/main.o" --specs=nano.specs -mfloat-abi=soft -mthumb -o "Src/main.o"
arm-none-eabi-gcc "../Src/syscalls.c" -mcpu=cortex-m3 -std=gnu11 -g3 -DDEBUG -DSTM32 -DSTM32F1 -DSTM32F103C8Tx -c -I../Inc -O0 -ffunction-sections -fdata-sections -Wall -fstack-usage -fcyclomatic-complexity -MMD -MP -MF"Src/syscalls.d" -MT"Src/syscalls.o" --specs=nano.specs -mfloat-abi=soft -mthumb -o "Src/syscalls.o"
arm-none-eabi-gcc "../Src/sysmem.c" -mcpu=cortex-m3 -std=gnu11 -g3 -DDEBUG -DSTM32 -DSTM32F1 -DSTM32F103C8Tx -c -I../Inc -O0 -ffunction-sections -fdata-sections -Wall -fstack-usage -fcyclomatic-complexity -MMD -MP -MF"Src/sysmem.d" -MT"Src/sysmem.o" --specs=nano.specs -mfloat-abi=soft -mthumb -o "Src/sysmem.o"
arm-none-eabi-gcc -o "Assign1_CommBetwn2Board_f103.elf" @"objects.list"   -mcpu=cortex-m3 -T"F:\Embedded ARM\STM32 Projects\Assign1_CommBetwn2Board_f103\STM32F103C8TX_FLASH.ld" --specs=nosys.specs -Wl,-Map="Assign1_CommBetwn2Board_f103.map" -Wl,--gc-sections -static --specs=nano.specs -mfloat-abi=soft -mthumb -Wl,--start-group -lc -lm -Wl,--end-group
Finished building target: Assign1_CommBetwn2Board_f103.elf
 
arm-none-eabi-size   Assign1_CommBetwn2Board_f103.elf 
arm-none-eabi-objdump -h -S  Assign1_CommBetwn2Board_f103.elf  > "Assign1_CommBetwn2Board_f103.list"
   text	   data	    bss	    dec	    hex	filename
   1412	     44	   1564	   3020	    bcc	Assign1_CommBetwn2Board_f103.elf
Finished building: default.size.stdout
 
Finished building: Assign1_CommBetwn2Board_f103.list
 
17:42:22 **** Incremental Build of configuration Debug for project Assign1_CommBetwn2Board_f103 ****
make -j4 all 
arm-none-eabi-size   Assign1_CommBetwn2Board_f103.elf 
   text	   data	    bss	    dec	    hex	filename
   1412	     44	   1564	   3020	    bcc	Assign1_CommBetwn2Board_f103.elf
Finished building: default.size.stdout
 
17:44:30 **** Incremental Build of configuration Debug for project Assign1_CommBetwn2Board_f103 ****
make -j4 all 
arm-none-eabi-gcc "../Src/KEYPAD_program.c" -mcpu=cortex-m3 -std=gnu11 -g3 -DDEBUG -DSTM32 -DSTM32F1 -DSTM32F103C8Tx -c -I../Inc -O0 -ffunction-sections -fdata-sections -Wall -fstack-usage -fcyclomatic-complexity -MMD -MP -MF"Src/KEYPAD_program.d" -MT"Src/KEYPAD_program.o" --specs=nano.specs -mfloat-abi=soft -mthumb -o "Src/KEYPAD_program.o"
arm-none-eabi-gcc "../Src/main.c" -mcpu=cortex-m3 -std=gnu11 -g3 -DDEBUG -DSTM32 -DSTM32F1 -DSTM32F103C8Tx -c -I../Inc -O0 -ffunction-sections -fdata-sections -Wall -fstack-usage -fcyclomatic-complexity -MMD -MP -MF"Src/main.d" -MT"Src/main.o" --specs=nano.specs -mfloat-abi=soft -mthumb -o "Src/main.o"
arm-none-eabi-gcc -o "Assign1_CommBetwn2Board_f103.elf" @"objects.list"   -mcpu=cortex-m3 -T"F:\Embedded ARM\STM32 Projects\Assign1_CommBetwn2Board_f103\STM32F103C8TX_FLASH.ld" --specs=nosys.specs -Wl,-Map="Assign1_CommBetwn2Board_f103.map" -Wl,--gc-sections -static --specs=nano.specs -mfloat-abi=soft -mthumb -Wl,--start-group -lc -lm -Wl,--end-group
Finished building target: Assign1_CommBetwn2Board_f103.elf
 
arm-none-eabi-size   Assign1_CommBetwn2Board_f103.elf 
arm-none-eabi-objdump -h -S  Assign1_CommBetwn2Board_f103.elf  > "Assign1_CommBetwn2Board_f103.list"
   text	   data	    bss	    dec	    hex	filename
   1884	     44	   1564	   3492	    da4	Assign1_CommBetwn2Board_f103.elf
Finished building: default.size.stdout
 
Finished building: Assign1_CommBetwn2Board_f103.list
 
17:44:40 **** Incremental Build of configuration Debug for project Assign1_CommBetwn2Board_f103 ****
make -j4 all 
arm-none-eabi-size   Assign1_CommBetwn2Board_f103.elf 
   text	   data	    bss	    dec	    hex	filename
   1884	     44	   1564	   3492	    da4	Assign1_CommBetwn2Board_f103.elf
Finished building: default.size.stdout
 
17:45:28 **** Incremental Build of configuration Debug for project Assign1_CommBetwn2Board_f103 ****
make -j4 all 
arm-none-eabi-gcc "../Src/main.c" -mcpu=cortex-m3 -std=gnu11 -g3 -DDEBUG -DSTM32 -DSTM32F1 -DSTM32F103C8Tx -c -I../Inc -O0 -ffunction-sections -fdata-sections -Wall -fstack-usage -fcyclomatic-complexity -MMD -MP -MF"Src/main.d" -MT"Src/main.o" --specs=nano.specs -mfloat-abi=soft -mthumb -o "Src/main.o"
arm-none-eabi-gcc -o "Assign1_CommBetwn2Board_f103.elf" @"objects.list"   -mcpu=cortex-m3 -T"F:\Embedded ARM\STM32 Projects\Assign1_CommBetwn2Board_f103\STM32F103C8TX_FLASH.ld" --specs=nosys.specs -Wl,-Map="Assign1_CommBetwn2Board_f103.map" -Wl,--gc-sections -static --specs=nano.specs -mfloat-abi=soft -mthumb -Wl,--start-group -lc -lm -Wl,--end-group
Finished building target: Assign1_CommBetwn2Board_f103.elf
 
arm-none-eabi-size   Assign1_CommBetwn2Board_f103.elf 
arm-none-eabi-objdump -h -S  Assign1_CommBetwn2Board_f103.elf  > "Assign1_CommBetwn2Board_f103.list"
   text	   data	    bss	    dec	    hex	filename
   1888	     44	   1564	   3496	    da8	Assign1_CommBetwn2Board_f103.elf
Finished building: default.size.stdout
 
Finished building: Assign1_CommBetwn2Board_f103.list
 
17:45:42 **** Incremental Build of configuration Debug for project Assign1_CommBetwn2Board_f103 ****
make -j4 all 
arm-none-eabi-size   Assign1_CommBetwn2Board_f103.elf 
   text	   data	    bss	    dec	    hex	filename
   1888	     44	   1564	   3496	    da8	Assign1_CommBetwn2Board_f103.elf
Finished building: default.size.stdout
 
17:47:48 **** Incremental Build of configuration Debug for project Assign1_CommBetwn2Board_f103 ****
make -j4 all 
arm-none-eabi-gcc "../Src/main.c" -mcpu=cortex-m3 -std=gnu11 -g3 -DDEBUG -DSTM32 -DSTM32F1 -DSTM32F103C8Tx -c -I../Inc -O0 -ffunction-sections -fdata-sections -Wall -fstack-usage -fcyclomatic-complexity -MMD -MP -MF"Src/main.d" -MT"Src/main.o" --specs=nano.specs -mfloat-abi=soft -mthumb -o "Src/main.o"
../Src/main.c: In function 'main':
../Src/main.c:50:16: error: 'KPD_NO_PRESSED_KEY' undeclared (first use in this function)
   50 |   while(val == KPD_NO_PRESSED_KEY);
      |                ^~~~~~~~~~~~~~~~~~
../Src/main.c:50:16: note: each undeclared identifier is reported only once for each function it appears in
make: *** [Src/subdir.mk:34: Src/main.o] Error 1
"make -j4 all" terminated with exit code 2. Build might be incomplete.
17:48:13 **** Incremental Build of configuration Debug for project Assign1_CommBetwn2Board_f103 ****
make -j4 all 
arm-none-eabi-gcc "../Src/main.c" -mcpu=cortex-m3 -std=gnu11 -g3 -DDEBUG -DSTM32 -DSTM32F1 -DSTM32F103C8Tx -c -I../Inc -O0 -ffunction-sections -fdata-sections -Wall -fstack-usage -fcyclomatic-complexity -MMD -MP -MF"Src/main.d" -MT"Src/main.o" --specs=nano.specs -mfloat-abi=soft -mthumb -o "Src/main.o"
arm-none-eabi-gcc -o "Assign1_CommBetwn2Board_f103.elf" @"objects.list"   -mcpu=cortex-m3 -T"F:\Embedded ARM\STM32 Projects\Assign1_CommBetwn2Board_f103\STM32F103C8TX_FLASH.ld" --specs=nosys.specs -Wl,-Map="Assign1_CommBetwn2Board_f103.map" -Wl,--gc-sections -static --specs=nano.specs -mfloat-abi=soft -mthumb -Wl,--start-group -lc -lm -Wl,--end-group
Finished building target: Assign1_CommBetwn2Board_f103.elf
 
arm-none-eabi-size   Assign1_CommBetwn2Board_f103.elf 
arm-none-eabi-objdump -h -S  Assign1_CommBetwn2Board_f103.elf  > "Assign1_CommBetwn2Board_f103.list"
   text	   data	    bss	    dec	    hex	filename
   1888	     44	   1564	   3496	    da8	Assign1_CommBetwn2Board_f103.elf
Finished building: default.size.stdout
 
Finished building: Assign1_CommBetwn2Board_f103.list
 
17:48:56 **** Incremental Build of configuration Debug for project Assign1_CommBetwn2Board_f103 ****
make -j4 all 
arm-none-eabi-size   Assign1_CommBetwn2Board_f103.elf 
   text	   data	    bss	    dec	    hex	filename
   1888	     44	   1564	   3496	    da8	Assign1_CommBetwn2Board_f103.elf
Finished building: default.size.stdout
 
17:50:56 **** Incremental Build of configuration Debug for project Assign1_CommBetwn2Board_f103 ****
make -j4 all 
arm-none-eabi-gcc "../Src/main.c" -mcpu=cortex-m3 -std=gnu11 -g3 -DDEBUG -DSTM32 -DSTM32F1 -DSTM32F103C8Tx -c -I../Inc -O0 -ffunction-sections -fdata-sections -Wall -fstack-usage -fcyclomatic-complexity -MMD -MP -MF"Src/main.d" -MT"Src/main.o" --specs=nano.specs -mfloat-abi=soft -mthumb -o "Src/main.o"
arm-none-eabi-gcc -o "Assign1_CommBetwn2Board_f103.elf" @"objects.list"   -mcpu=cortex-m3 -T"F:\Embedded ARM\STM32 Projects\Assign1_CommBetwn2Board_f103\STM32F103C8TX_FLASH.ld" --specs=nosys.specs -Wl,-Map="Assign1_CommBetwn2Board_f103.map" -Wl,--gc-sections -static --specs=nano.specs -mfloat-abi=soft -mthumb -Wl,--start-group -lc -lm -Wl,--end-group
Finished building target: Assign1_CommBetwn2Board_f103.elf
 
arm-none-eabi-size   Assign1_CommBetwn2Board_f103.elf 
arm-none-eabi-objdump -h -S  Assign1_CommBetwn2Board_f103.elf  > "Assign1_CommBetwn2Board_f103.list"
   text	   data	    bss	    dec	    hex	filename
   1880	     44	   1564	   3488	    da0	Assign1_CommBetwn2Board_f103.elf
Finished building: default.size.stdout
 
Finished building: Assign1_CommBetwn2Board_f103.list
 
17:51:45 **** Incremental Build of configuration Debug for project Assign1_CommBetwn2Board_f103 ****
make -j4 all 
arm-none-eabi-size   Assign1_CommBetwn2Board_f103.elf 
   text	   data	    bss	    dec	    hex	filename
   1880	     44	   1564	   3488	    da0	Assign1_CommBetwn2Board_f103.elf
Finished building: default.size.stdout
 
17:52:34 **** Incremental Build of configuration Debug for project Assign1_CommBetwn2Board_f103 ****
make -j4 all 
arm-none-eabi-gcc "../Src/main.c" -mcpu=cortex-m3 -std=gnu11 -g3 -DDEBUG -DSTM32 -DSTM32F1 -DSTM32F103C8Tx -c -I../Inc -O0 -ffunction-sections -fdata-sections -Wall -fstack-usage -fcyclomatic-complexity -MMD -MP -MF"Src/main.d" -MT"Src/main.o" --specs=nano.specs -mfloat-abi=soft -mthumb -o "Src/main.o"
arm-none-eabi-gcc -o "Assign1_CommBetwn2Board_f103.elf" @"objects.list"   -mcpu=cortex-m3 -T"F:\Embedded ARM\STM32 Projects\Assign1_CommBetwn2Board_f103\STM32F103C8TX_FLASH.ld" --specs=nosys.specs -Wl,-Map="Assign1_CommBetwn2Board_f103.map" -Wl,--gc-sections -static --specs=nano.specs -mfloat-abi=soft -mthumb -Wl,--start-group -lc -lm -Wl,--end-group
Finished building target: Assign1_CommBetwn2Board_f103.elf
 
arm-none-eabi-size   Assign1_CommBetwn2Board_f103.elf 
arm-none-eabi-objdump -h -S  Assign1_CommBetwn2Board_f103.elf  > "Assign1_CommBetwn2Board_f103.list"
   text	   data	    bss	    dec	    hex	filename
   1900	     44	   1564	   3508	    db4	Assign1_CommBetwn2Board_f103.elf
Finished building: default.size.stdout
 
Finished building: Assign1_CommBetwn2Board_f103.list
 
17:52:48 **** Incremental Build of configuration Debug for project Assign1_CommBetwn2Board_f103 ****
make -j4 all 
arm-none-eabi-gcc "../Src/main.c" -mcpu=cortex-m3 -std=gnu11 -g3 -DDEBUG -DSTM32 -DSTM32F1 -DSTM32F103C8Tx -c -I../Inc -O0 -ffunction-sections -fdata-sections -Wall -fstack-usage -fcyclomatic-complexity -MMD -MP -MF"Src/main.d" -MT"Src/main.o" --specs=nano.specs -mfloat-abi=soft -mthumb -o "Src/main.o"
arm-none-eabi-gcc -o "Assign1_CommBetwn2Board_f103.elf" @"objects.list"   -mcpu=cortex-m3 -T"F:\Embedded ARM\STM32 Projects\Assign1_CommBetwn2Board_f103\STM32F103C8TX_FLASH.ld" --specs=nosys.specs -Wl,-Map="Assign1_CommBetwn2Board_f103.map" -Wl,--gc-sections -static --specs=nano.specs -mfloat-abi=soft -mthumb -Wl,--start-group -lc -lm -Wl,--end-group
Finished building target: Assign1_CommBetwn2Board_f103.elf
 
arm-none-eabi-size   Assign1_CommBetwn2Board_f103.elf 
arm-none-eabi-objdump -h -S  Assign1_CommBetwn2Board_f103.elf  > "Assign1_CommBetwn2Board_f103.list"
   text	   data	    bss	    dec	    hex	filename
   1900	     44	   1564	   3508	    db4	Assign1_CommBetwn2Board_f103.elf
Finished building: default.size.stdout
 
Finished building: Assign1_CommBetwn2Board_f103.list
 
17:53:14 **** Incremental Build of configuration Debug for project Assign1_CommBetwn2Board_f103 ****
make -j4 all 
arm-none-eabi-gcc "../Src/main.c" -mcpu=cortex-m3 -std=gnu11 -g3 -DDEBUG -DSTM32 -DSTM32F1 -DSTM32F103C8Tx -c -I../Inc -O0 -ffunction-sections -fdata-sections -Wall -fstack-usage -fcyclomatic-complexity -MMD -MP -MF"Src/main.d" -MT"Src/main.o" --specs=nano.specs -mfloat-abi=soft -mthumb -o "Src/main.o"
arm-none-eabi-gcc -o "Assign1_CommBetwn2Board_f103.elf" @"objects.list"   -mcpu=cortex-m3 -T"F:\Embedded ARM\STM32 Projects\Assign1_CommBetwn2Board_f103\STM32F103C8TX_FLASH.ld" --specs=nosys.specs -Wl,-Map="Assign1_CommBetwn2Board_f103.map" -Wl,--gc-sections -static --specs=nano.specs -mfloat-abi=soft -mthumb -Wl,--start-group -lc -lm -Wl,--end-group
Finished building target: Assign1_CommBetwn2Board_f103.elf
 
arm-none-eabi-size   Assign1_CommBetwn2Board_f103.elf 
arm-none-eabi-objdump -h -S  Assign1_CommBetwn2Board_f103.elf  > "Assign1_CommBetwn2Board_f103.list"
   text	   data	    bss	    dec	    hex	filename
   1904	     44	   1564	   3512	    db8	Assign1_CommBetwn2Board_f103.elf
Finished building: default.size.stdout
 
Finished building: Assign1_CommBetwn2Board_f103.list
 
17:54:13 **** Incremental Build of configuration Debug for project Assign1_CommBetwn2Board_f103 ****
make -j4 all 
arm-none-eabi-gcc "../Src/main.c" -mcpu=cortex-m3 -std=gnu11 -g3 -DDEBUG -DSTM32 -DSTM32F1 -DSTM32F103C8Tx -c -I../Inc -O0 -ffunction-sections -fdata-sections -Wall -fstack-usage -fcyclomatic-complexity -MMD -MP -MF"Src/main.d" -MT"Src/main.o" --specs=nano.specs -mfloat-abi=soft -mthumb -o "Src/main.o"
arm-none-eabi-gcc -o "Assign1_CommBetwn2Board_f103.elf" @"objects.list"   -mcpu=cortex-m3 -T"F:\Embedded ARM\STM32 Projects\Assign1_CommBetwn2Board_f103\STM32F103C8TX_FLASH.ld" --specs=nosys.specs -Wl,-Map="Assign1_CommBetwn2Board_f103.map" -Wl,--gc-sections -static --specs=nano.specs -mfloat-abi=soft -mthumb -Wl,--start-group -lc -lm -Wl,--end-group
Finished building target: Assign1_CommBetwn2Board_f103.elf
 
arm-none-eabi-size   Assign1_CommBetwn2Board_f103.elf 
arm-none-eabi-objdump -h -S  Assign1_CommBetwn2Board_f103.elf  > "Assign1_CommBetwn2Board_f103.list"
   text	   data	    bss	    dec	    hex	filename
   1904	     44	   1564	   3512	    db8	Assign1_CommBetwn2Board_f103.elf
Finished building: default.size.stdout
 
Finished building: Assign1_CommBetwn2Board_f103.list
 
18:44:43 **** Incremental Build of configuration Debug for project Assign1_CommBetwn2Board_f103 ****
make -j4 all 
arm-none-eabi-size   Assign1_CommBetwn2Board_f103.elf 
   text	   data	    bss	    dec	    hex	filename
   1904	     44	   1564	   3512	    db8	Assign1_CommBetwn2Board_f103.elf
Finished building: default.size.stdout
 
18:44:43 **** Build of configuration Debug for project Assign1_CommBetwn2Board_f446 ****
make -j4 all 
arm-none-eabi-gcc -mcpu=cortex-m4 -g3 -DDEBUG -c -x assembler-with-cpp -MMD -MP -MF"Startup/startup_stm32f446retx.d" -MT"Startup/startup_stm32f446retx.o" --specs=nano.specs -mfpu=fpv4-sp-d16 -mfloat-abi=hard -mthumb -o "Startup/startup_stm32f446retx.o" "../Startup/startup_stm32f446retx.s"
arm-none-eabi-gcc "../Src/GPIO_program.c" -mcpu=cortex-m4 -std=gnu11 -g3 -DDEBUG -DSTM32 -DSTM32F4 -DSTM32F446RETx -DNUCLEO_F446RE -c -I../Inc -O0 -ffunction-sections -fdata-sections -Wall -fstack-usage -fcyclomatic-complexity -MMD -MP -MF"Src/GPIO_program.d" -MT"Src/GPIO_program.o" --specs=nano.specs -mfpu=fpv4-sp-d16 -mfloat-abi=hard -mthumb -o "Src/GPIO_program.o"
arm-none-eabi-gcc "../Src/RCC_program.c" -mcpu=cortex-m4 -std=gnu11 -g3 -DDEBUG -DSTM32 -DSTM32F4 -DSTM32F446RETx -DNUCLEO_F446RE -c -I../Inc -O0 -ffunction-sections -fdata-sections -Wall -fstack-usage -fcyclomatic-complexity -MMD -MP -MF"Src/RCC_program.d" -MT"Src/RCC_program.o" --specs=nano.specs -mfpu=fpv4-sp-d16 -mfloat-abi=hard -mthumb -o "Src/RCC_program.o"
arm-none-eabi-gcc "../Src/main.c" -mcpu=cortex-m4 -std=gnu11 -g3 -DDEBUG -DSTM32 -DSTM32F4 -DSTM32F446RETx -DNUCLEO_F446RE -c -I../Inc -O0 -ffunction-sections -fdata-sections -Wall -fstack-usage -fcyclomatic-complexity -MMD -MP -MF"Src/main.d" -MT"Src/main.o" --specs=nano.specs -mfpu=fpv4-sp-d16 -mfloat-abi=hard -mthumb -o "Src/main.o"
../Src/RCC_program.c:2:10: fatal error: ../Inc/BIT_MATH.h: No such file or directory
    2 | #include "../Inc/BIT_MATH.h"
      |          ^~~~~~~~~~~~~~~~~~~
compilation terminated.
make: *** [Src/subdir.mk:31: Src/RCC_program.o] Error 1
make: *** Waiting for unfinished jobs....
../Src/GPIO_program.c: In function 'GPIO_u8PinInit':
../Src/GPIO_program.c:33:18: error: 'NULL' undeclared (first use in this function)
   33 |  if(PinConfig != NULL)
      |                  ^~~~
../Src/main.c: In function 'main':
../Src/main.c:54:50: error: 'PinValue' undeclared (first use in this function); did you mean 'PinVal_T'?
   54 |      GPIO_u8ReadPinValue(KEY1.Port, KEY1.PinNum, PinValue)
      |                                                  ^~~~~~~~
      |                                                  PinVal_T
../Src/main.c:54:50: note: each undeclared identifier is reported only once for each function it appears in
../Src/main.c:54:59: error: expected ';' before 'if'
   54 |      GPIO_u8ReadPinValue(KEY1.Port, KEY1.PinNum, PinValue)
      |                                                           ^
      |                                                           ;
   55 |      if()
      |      ~~                                                    
../Src/main.c:26:10: warning: unused variable 'Local_u8GetVal' [-Wunused-variable]
   26 |  uint8_t Local_u8GetVal;
      |          ^~~~~~~~~~~~~~
make: *** [Src/subdir.mk:31: Src/main.o] Error 1
../Src/GPIO_program.c:16:1: note: 'NULL' is defined in header '<stddef.h>'; did you forget to '#include <stddef.h>'?
   15 | #include "../Inc/GPIO_interface.h"
  +++ |+#include <stddef.h>
   16 | 
../Src/GPIO_program.c:33:18: note: each undeclared identifier is reported only once for each function it appears in
   33 |  if(PinConfig != NULL)
      |                  ^~~~
make: *** [Src/subdir.mk:31: Src/GPIO_program.o] Error 1
"make -j4 all" terminated with exit code 2. Build might be incomplete.
18:46:01 **** Incremental Build of configuration Debug for project Assign1_CommBetwn2Board_f103 ****
make -j4 all 
arm-none-eabi-gcc "../Src/main.c" -mcpu=cortex-m3 -std=gnu11 -g3 -DDEBUG -DSTM32 -DSTM32F1 -DSTM32F103C8Tx -c -I../Inc -O0 -ffunction-sections -fdata-sections -Wall -fstack-usage -fcyclomatic-complexity -MMD -MP -MF"Src/main.d" -MT"Src/main.o" --specs=nano.specs -mfloat-abi=soft -mthumb -o "Src/main.o"
arm-none-eabi-gcc -o "Assign1_CommBetwn2Board_f103.elf" @"objects.list"   -mcpu=cortex-m3 -T"F:\Embedded ARM\STM32 Projects\Assign1_CommBetwn2Board_f103\STM32F103C8TX_FLASH.ld" --specs=nosys.specs -Wl,-Map="Assign1_CommBetwn2Board_f103.map" -Wl,--gc-sections -static --specs=nano.specs -mfloat-abi=soft -mthumb -Wl,--start-group -lc -lm -Wl,--end-group
Finished building target: Assign1_CommBetwn2Board_f103.elf
 
arm-none-eabi-size   Assign1_CommBetwn2Board_f103.elf 
arm-none-eabi-objdump -h -S  Assign1_CommBetwn2Board_f103.elf  > "Assign1_CommBetwn2Board_f103.list"
   text	   data	    bss	    dec	    hex	filename
   1904	     44	   1564	   3512	    db8	Assign1_CommBetwn2Board_f103.elf
Finished building: default.size.stdout
 
Finished building: Assign1_CommBetwn2Board_f103.list
 
18:46:02 **** Incremental Build of configuration Debug for project Assign1_CommBetwn2Board_f446 ****
make -j4 all 
arm-none-eabi-gcc "../Src/GPIO_program.c" -mcpu=cortex-m4 -std=gnu11 -g3 -DDEBUG -DSTM32 -DSTM32F4 -DSTM32F446RETx -DNUCLEO_F446RE -c -I../Inc -O0 -ffunction-sections -fdata-sections -Wall -fstack-usage -fcyclomatic-complexity -MMD -MP -MF"Src/GPIO_program.d" -MT"Src/GPIO_program.o" --specs=nano.specs -mfpu=fpv4-sp-d16 -mfloat-abi=hard -mthumb -o "Src/GPIO_program.o"
arm-none-eabi-gcc "../Src/RCC_program.c" -mcpu=cortex-m4 -std=gnu11 -g3 -DDEBUG -DSTM32 -DSTM32F4 -DSTM32F446RETx -DNUCLEO_F446RE -c -I../Inc -O0 -ffunction-sections -fdata-sections -Wall -fstack-usage -fcyclomatic-complexity -MMD -MP -MF"Src/RCC_program.d" -MT"Src/RCC_program.o" --specs=nano.specs -mfpu=fpv4-sp-d16 -mfloat-abi=hard -mthumb -o "Src/RCC_program.o"
arm-none-eabi-gcc "../Src/main.c" -mcpu=cortex-m4 -std=gnu11 -g3 -DDEBUG -DSTM32 -DSTM32F4 -DSTM32F446RETx -DNUCLEO_F446RE -c -I../Inc -O0 -ffunction-sections -fdata-sections -Wall -fstack-usage -fcyclomatic-complexity -MMD -MP -MF"Src/main.d" -MT"Src/main.o" --specs=nano.specs -mfpu=fpv4-sp-d16 -mfloat-abi=hard -mthumb -o "Src/main.o"
arm-none-eabi-gcc "../Src/syscalls.c" -mcpu=cortex-m4 -std=gnu11 -g3 -DDEBUG -DSTM32 -DSTM32F4 -DSTM32F446RETx -DNUCLEO_F446RE -c -I../Inc -O0 -ffunction-sections -fdata-sections -Wall -fstack-usage -fcyclomatic-complexity -MMD -MP -MF"Src/syscalls.d" -MT"Src/syscalls.o" --specs=nano.specs -mfpu=fpv4-sp-d16 -mfloat-abi=hard -mthumb -o "Src/syscalls.o"
../Src/GPIO_program.c: In function 'GPIO_u8PinInit':
../Src/GPIO_program.c:33:18: error: 'NULL' undeclared (first use in this function)
   33 |  if(PinConfig != NULL)
      |                  ^~~~
../Src/GPIO_program.c:16:1: note: 'NULL' is defined in header '<stddef.h>'; did you forget to '#include <stddef.h>'?
   15 | #include "../Inc/GPIO_interface.h"
  +++ |+#include <stddef.h>
   16 | 
../Src/GPIO_program.c:33:18: note: each undeclared identifier is reported only once for each function it appears in
   33 |  if(PinConfig != NULL)
      |                  ^~~~
make: *** [Src/subdir.mk:31: Src/GPIO_program.o] Error 1
make: *** Waiting for unfinished jobs....
../Src/RCC_program.c:2:10: fatal error: ../Inc/BIT_MATH.h: No such file or directory
    2 | #include "../Inc/BIT_MATH.h"
      |          ^~~~~~~~~~~~~~~~~~~
compilation terminated.
make: *** [Src/subdir.mk:31: Src/RCC_program.o] Error 1
"make -j4 all" terminated with exit code 2. Build might be incomplete.
18:46:23 **** Incremental Build of configuration Debug for project Assign1_CommBetwn2Board_f103 ****
make -j4 all 
arm-none-eabi-size   Assign1_CommBetwn2Board_f103.elf 
   text	   data	    bss	    dec	    hex	filename
   1904	     44	   1564	   3512	    db8	Assign1_CommBetwn2Board_f103.elf
Finished building: default.size.stdout
 
18:46:24 **** Incremental Build of configuration Debug for project Assign1_CommBetwn2Board_f446 ****
make -j4 all 
arm-none-eabi-gcc "../Src/GPIO_program.c" -mcpu=cortex-m4 -std=gnu11 -g3 -DDEBUG -DSTM32 -DSTM32F4 -DSTM32F446RETx -DNUCLEO_F446RE -c -I../Inc -O0 -ffunction-sections -fdata-sections -Wall -fstack-usage -fcyclomatic-complexity -MMD -MP -MF"Src/GPIO_program.d" -MT"Src/GPIO_program.o" --specs=nano.specs -mfpu=fpv4-sp-d16 -mfloat-abi=hard -mthumb -o "Src/GPIO_program.o"
arm-none-eabi-gcc "../Src/RCC_program.c" -mcpu=cortex-m4 -std=gnu11 -g3 -DDEBUG -DSTM32 -DSTM32F4 -DSTM32F446RETx -DNUCLEO_F446RE -c -I../Inc -O0 -ffunction-sections -fdata-sections -Wall -fstack-usage -fcyclomatic-complexity -MMD -MP -MF"Src/RCC_program.d" -MT"Src/RCC_program.o" --specs=nano.specs -mfpu=fpv4-sp-d16 -mfloat-abi=hard -mthumb -o "Src/RCC_program.o"
arm-none-eabi-gcc "../Src/sysmem.c" -mcpu=cortex-m4 -std=gnu11 -g3 -DDEBUG -DSTM32 -DSTM32F4 -DSTM32F446RETx -DNUCLEO_F446RE -c -I../Inc -O0 -ffunction-sections -fdata-sections -Wall -fstack-usage -fcyclomatic-complexity -MMD -MP -MF"Src/sysmem.d" -MT"Src/sysmem.o" --specs=nano.specs -mfpu=fpv4-sp-d16 -mfloat-abi=hard -mthumb -o "Src/sysmem.o"
../Src/GPIO_program.c: In function 'GPIO_u8PinInit':
../Src/GPIO_program.c:33:18: error: 'NULL' undeclared (first use in this function)
   33 |  if(PinConfig != NULL)
      |                  ^~~~
../Src/GPIO_program.c:16:1: note: 'NULL' is defined in header '<stddef.h>'; did you forget to '#include <stddef.h>'?
   15 | #include "../Inc/GPIO_interface.h"
  +++ |+#include <stddef.h>
   16 | 
../Src/GPIO_program.c:33:18: note: each undeclared identifier is reported only once for each function it appears in
   33 |  if(PinConfig != NULL)
      |                  ^~~~
make: *** [Src/subdir.mk:31: Src/GPIO_program.o] Error 1
make: *** Waiting for unfinished jobs....
"make -j4 all" terminated with exit code 2. Build might be incomplete.
18:46:52 **** Incremental Build of configuration Debug for project Assign1_CommBetwn2Board_f103 ****
make -j4 all 
arm-none-eabi-size   Assign1_CommBetwn2Board_f103.elf 
   text	   data	    bss	    dec	    hex	filename
   1904	     44	   1564	   3512	    db8	Assign1_CommBetwn2Board_f103.elf
Finished building: default.size.stdout
 
18:46:52 **** Incremental Build of configuration Debug for project Assign1_CommBetwn2Board_f446 ****
make -j4 all 
arm-none-eabi-gcc "../Src/GPIO_program.c" -mcpu=cortex-m4 -std=gnu11 -g3 -DDEBUG -DSTM32 -DSTM32F4 -DSTM32F446RETx -DNUCLEO_F446RE -c -I../Inc -O0 -ffunction-sections -fdata-sections -Wall -fstack-usage -fcyclomatic-complexity -MMD -MP -MF"Src/GPIO_program.d" -MT"Src/GPIO_program.o" --specs=nano.specs -mfpu=fpv4-sp-d16 -mfloat-abi=hard -mthumb -o "Src/GPIO_program.o"
arm-none-eabi-gcc "../Src/RCC_program.c" -mcpu=cortex-m4 -std=gnu11 -g3 -DDEBUG -DSTM32 -DSTM32F4 -DSTM32F446RETx -DNUCLEO_F446RE -c -I../Inc -O0 -ffunction-sections -fdata-sections -Wall -fstack-usage -fcyclomatic-complexity -MMD -MP -MF"Src/RCC_program.d" -MT"Src/RCC_program.o" --specs=nano.specs -mfpu=fpv4-sp-d16 -mfloat-abi=hard -mthumb -o "Src/RCC_program.o"
../Src/GPIO_program.c: In function 'GPIO_u8PinInit':
../Src/GPIO_program.c:33:15: warning: comparison between pointer and integer
   33 |  if(PinConfig != NULL)
      |               ^~
arm-none-eabi-gcc -o "Assign1_CommBetwn2Board_f446.elf" @"objects.list"   -mcpu=cortex-m4 -T"F:\Embedded ARM\STM32 Projects\Assign1_CommBetwn2Board_f446\STM32F446RETX_FLASH.ld" --specs=nosys.specs -Wl,-Map="Assign1_CommBetwn2Board_f446.map" -Wl,--gc-sections -static --specs=nano.specs -mfpu=fpv4-sp-d16 -mfloat-abi=hard -mthumb -Wl,--start-group -lc -lm -Wl,--end-group
Finished building target: Assign1_CommBetwn2Board_f446.elf
 
arm-none-eabi-size   Assign1_CommBetwn2Board_f446.elf 
arm-none-eabi-objdump -h -S  Assign1_CommBetwn2Board_f446.elf  > "Assign1_CommBetwn2Board_f446.list"
   text	   data	    bss	    dec	    hex	filename
   1904	     40	   1568	   3512	    db8	Assign1_CommBetwn2Board_f446.elf
Finished building: default.size.stdout
Finished building: Assign1_CommBetwn2Board_f446.list
 
 
18:48:43 **** Incremental Build of configuration Debug for project Assign1_CommBetwn2Board_f103 ****
make -j4 all 
arm-none-eabi-gcc "../Src/main.c" -mcpu=cortex-m3 -std=gnu11 -g3 -DDEBUG -DSTM32 -DSTM32F1 -DSTM32F103C8Tx -c -I../Inc -O0 -ffunction-sections -fdata-sections -Wall -fstack-usage -fcyclomatic-complexity -MMD -MP -MF"Src/main.d" -MT"Src/main.o" --specs=nano.specs -mfloat-abi=soft -mthumb -o "Src/main.o"
arm-none-eabi-gcc -o "Assign1_CommBetwn2Board_f103.elf" @"objects.list"   -mcpu=cortex-m3 -T"F:\Embedded ARM\STM32 Projects\Assign1_CommBetwn2Board_f103\STM32F103C8TX_FLASH.ld" --specs=nosys.specs -Wl,-Map="Assign1_CommBetwn2Board_f103.map" -Wl,--gc-sections -static --specs=nano.specs -mfloat-abi=soft -mthumb -Wl,--start-group -lc -lm -Wl,--end-group
Finished building target: Assign1_CommBetwn2Board_f103.elf
 
arm-none-eabi-size   Assign1_CommBetwn2Board_f103.elf 
arm-none-eabi-objdump -h -S  Assign1_CommBetwn2Board_f103.elf  > "Assign1_CommBetwn2Board_f103.list"
   text	   data	    bss	    dec	    hex	filename
   1904	     44	   1564	   3512	    db8	Assign1_CommBetwn2Board_f103.elf
Finished building: default.size.stdout
 
Finished building: Assign1_CommBetwn2Board_f103.list
 
18:48:44 **** Incremental Build of configuration Debug for project Assign1_CommBetwn2Board_f446 ****
make -j4 all 
arm-none-eabi-gcc "../Src/main.c" -mcpu=cortex-m4 -std=gnu11 -g3 -DDEBUG -DSTM32 -DSTM32F4 -DSTM32F446RETx -DNUCLEO_F446RE -c -I../Inc -O0 -ffunction-sections -fdata-sections -Wall -fstack-usage -fcyclomatic-complexity -MMD -MP -MF"Src/main.d" -MT"Src/main.o" --specs=nano.specs -mfpu=fpv4-sp-d16 -mfloat-abi=hard -mthumb -o "Src/main.o"
arm-none-eabi-gcc -o "Assign1_CommBetwn2Board_f446.elf" @"objects.list"   -mcpu=cortex-m4 -T"F:\Embedded ARM\STM32 Projects\Assign1_CommBetwn2Board_f446\STM32F446RETX_FLASH.ld" --specs=nosys.specs -Wl,-Map="Assign1_CommBetwn2Board_f446.map" -Wl,--gc-sections -static --specs=nano.specs -mfpu=fpv4-sp-d16 -mfloat-abi=hard -mthumb -Wl,--start-group -lc -lm -Wl,--end-group
Finished building target: Assign1_CommBetwn2Board_f446.elf
 
arm-none-eabi-size   Assign1_CommBetwn2Board_f446.elf 
arm-none-eabi-objdump -h -S  Assign1_CommBetwn2Board_f446.elf  > "Assign1_CommBetwn2Board_f446.list"
   text	   data	    bss	    dec	    hex	filename
   1904	     40	   1568	   3512	    db8	Assign1_CommBetwn2Board_f446.elf
Finished building: default.size.stdout
 
Finished building: Assign1_CommBetwn2Board_f446.list
 
18:49:00 **** Incremental Build of configuration Debug for project Assign1_CommBetwn2Board_f446 ****
make -j4 all 
arm-none-eabi-size   Assign1_CommBetwn2Board_f446.elf 
   text	   data	    bss	    dec	    hex	filename
   1904	     40	   1568	   3512	    db8	Assign1_CommBetwn2Board_f446.elf
Finished building: default.size.stdout
 
18:49:28 **** Incremental Build of configuration Debug for project Assign1_CommBetwn2Board_f103 ****
make -j4 all 
arm-none-eabi-size   Assign1_CommBetwn2Board_f103.elf 
   text	   data	    bss	    dec	    hex	filename
   1904	     44	   1564	   3512	    db8	Assign1_CommBetwn2Board_f103.elf
Finished building: default.size.stdout
 
18:50:07 **** Incremental Build of configuration Debug for project Assign1_CommBetwn2Board_f446 ****
make -j4 all 
arm-none-eabi-size   Assign1_CommBetwn2Board_f446.elf 
   text	   data	    bss	    dec	    hex	filename
   1904	     40	   1568	   3512	    db8	Assign1_CommBetwn2Board_f446.elf
Finished building: default.size.stdout
 
19:16:26 **** Incremental Build of configuration Debug for project Assign1_CommBetwn2Board_f103 ****
make -j4 all 
arm-none-eabi-gcc "../Src/main.c" -mcpu=cortex-m3 -std=gnu11 -g3 -DDEBUG -DSTM32 -DSTM32F1 -DSTM32F103C8Tx -c -I../Inc -O0 -ffunction-sections -fdata-sections -Wall -fstack-usage -fcyclomatic-complexity -MMD -MP -MF"Src/main.d" -MT"Src/main.o" --specs=nano.specs -mfloat-abi=soft -mthumb -o "Src/main.o"
arm-none-eabi-gcc -o "Assign1_CommBetwn2Board_f103.elf" @"objects.list"   -mcpu=cortex-m3 -T"F:\Embedded ARM\STM32 Projects\Assign1_CommBetwn2Board_f103\STM32F103C8TX_FLASH.ld" --specs=nosys.specs -Wl,-Map="Assign1_CommBetwn2Board_f103.map" -Wl,--gc-sections -static --specs=nano.specs -mfloat-abi=soft -mthumb -Wl,--start-group -lc -lm -Wl,--end-group
Finished building target: Assign1_CommBetwn2Board_f103.elf
 
arm-none-eabi-size   Assign1_CommBetwn2Board_f103.elf 
arm-none-eabi-objdump -h -S  Assign1_CommBetwn2Board_f103.elf  > "Assign1_CommBetwn2Board_f103.list"
   text	   data	    bss	    dec	    hex	filename
   1904	     44	   1564	   3512	    db8	Assign1_CommBetwn2Board_f103.elf
Finished building: default.size.stdout
 
Finished building: Assign1_CommBetwn2Board_f103.list
 
19:16:54 **** Incremental Build of configuration Debug for project Assign1_CommBetwn2Board_f103 ****
make -j4 all 
arm-none-eabi-size   Assign1_CommBetwn2Board_f103.elf 
   text	   data	    bss	    dec	    hex	filename
   1904	     44	   1564	   3512	    db8	Assign1_CommBetwn2Board_f103.elf
Finished building: default.size.stdout
 
19:20:45 **** Incremental Build of configuration Debug for project Assign1_CommBetwn2Board_f103 ****
make -j4 all 
arm-none-eabi-size   Assign1_CommBetwn2Board_f103.elf 
   text	   data	    bss	    dec	    hex	filename
   1904	     44	   1564	   3512	    db8	Assign1_CommBetwn2Board_f103.elf
Finished building: default.size.stdout
 
19:40:59 **** Incremental Build of configuration Debug for project Assign1_CommBetwn2Board_f103 ****
make -j4 all 
arm-none-eabi-gcc "../Src/GPIO_program.c" -mcpu=cortex-m3 -std=gnu11 -g3 -DDEBUG -DSTM32 -DSTM32F1 -DSTM32F103C8Tx -c -I../Inc -O0 -ffunction-sections -fdata-sections -Wall -fstack-usage -fcyclomatic-complexity -MMD -MP -MF"Src/GPIO_program.d" -MT"Src/GPIO_program.o" --specs=nano.specs -mfloat-abi=soft -mthumb -o "Src/GPIO_program.o"
arm-none-eabi-gcc "../Src/KEYPAD_program.c" -mcpu=cortex-m3 -std=gnu11 -g3 -DDEBUG -DSTM32 -DSTM32F1 -DSTM32F103C8Tx -c -I../Inc -O0 -ffunction-sections -fdata-sections -Wall -fstack-usage -fcyclomatic-complexity -MMD -MP -MF"Src/KEYPAD_program.d" -MT"Src/KEYPAD_program.o" --specs=nano.specs -mfloat-abi=soft -mthumb -o "Src/KEYPAD_program.o"
arm-none-eabi-gcc "../Src/RCC_program.c" -mcpu=cortex-m3 -std=gnu11 -g3 -DDEBUG -DSTM32 -DSTM32F1 -DSTM32F103C8Tx -c -I../Inc -O0 -ffunction-sections -fdata-sections -Wall -fstack-usage -fcyclomatic-complexity -MMD -MP -MF"Src/RCC_program.d" -MT"Src/RCC_program.o" --specs=nano.specs -mfloat-abi=soft -mthumb -o "Src/RCC_program.o"
arm-none-eabi-gcc "../Src/SysTick_Delay.c" -mcpu=cortex-m3 -std=gnu11 -g3 -DDEBUG -DSTM32 -DSTM32F1 -DSTM32F103C8Tx -c -I../Inc -O0 -ffunction-sections -fdata-sections -Wall -fstack-usage -fcyclomatic-complexity -MMD -MP -MF"Src/SysTick_Delay.d" -MT"Src/SysTick_Delay.o" --specs=nano.specs -mfloat-abi=soft -mthumb -o "Src/SysTick_Delay.o"
../Src/SysTick_Delay.c:4:10: fatal error: ../Inc/STM32F446xx.h: No such file or directory
    4 | #include "../Inc/STM32F446xx.h"
      |          ^~~~~~~~~~~~~~~~~~~~~~
compilation terminated.
make: *** [Src/subdir.mk:40: Src/SysTick_Delay.o] Error 1
make: *** Waiting for unfinished jobs....
../Src/GPIO_program.c: In function 'GPIO_u8PinInit':
../Src/GPIO_program.c:34:15: warning: comparison between pointer and integer
   34 |  if(PinConfig != NULL)
      |               ^~
"make -j4 all" terminated with exit code 2. Build might be incomplete.
19:41:13 **** Incremental Build of configuration Debug for project Assign1_CommBetwn2Board_f103 ****
make -j4 all 
arm-none-eabi-gcc "../Src/SysTick_Delay.c" -mcpu=cortex-m3 -std=gnu11 -g3 -DDEBUG -DSTM32 -DSTM32F1 -DSTM32F103C8Tx -c -I../Inc -O0 -ffunction-sections -fdata-sections -Wall -fstack-usage -fcyclomatic-complexity -MMD -MP -MF"Src/SysTick_Delay.d" -MT"Src/SysTick_Delay.o" --specs=nano.specs -mfloat-abi=soft -mthumb -o "Src/SysTick_Delay.o"
arm-none-eabi-gcc "../Src/SysTick_program.c" -mcpu=cortex-m3 -std=gnu11 -g3 -DDEBUG -DSTM32 -DSTM32F1 -DSTM32F103C8Tx -c -I../Inc -O0 -ffunction-sections -fdata-sections -Wall -fstack-usage -fcyclomatic-complexity -MMD -MP -MF"Src/SysTick_program.d" -MT"Src/SysTick_program.o" --specs=nano.specs -mfloat-abi=soft -mthumb -o "Src/SysTick_program.o"
arm-none-eabi-gcc "../Src/main.c" -mcpu=cortex-m3 -std=gnu11 -g3 -DDEBUG -DSTM32 -DSTM32F1 -DSTM32F103C8Tx -c -I../Inc -O0 -ffunction-sections -fdata-sections -Wall -fstack-usage -fcyclomatic-complexity -MMD -MP -MF"Src/main.d" -MT"Src/main.o" --specs=nano.specs -mfloat-abi=soft -mthumb -o "Src/main.o"
arm-none-eabi-gcc "../Src/syscalls.c" -mcpu=cortex-m3 -std=gnu11 -g3 -DDEBUG -DSTM32 -DSTM32F1 -DSTM32F103C8Tx -c -I../Inc -O0 -ffunction-sections -fdata-sections -Wall -fstack-usage -fcyclomatic-complexity -MMD -MP -MF"Src/syscalls.d" -MT"Src/syscalls.o" --specs=nano.specs -mfloat-abi=soft -mthumb -o "Src/syscalls.o"
../Src/SysTick_Delay.c:6:10: fatal error: ../Inc/SysTick_private.h: No such file or directory
    6 | #include "../Inc/SysTick_private.h"
      |          ^~~~~~~~~~~~~~~~~~~~~~~~~~
compilation terminated.
../Src/SysTick_program.c:13:10: fatal error: ../Inc/SysTick_private.h: No such file or directory
   13 | #include "../Inc/SysTick_private.h"
      |          ^~~~~~~~~~~~~~~~~~~~~~~~~~
compilation terminated.
make: *** [Src/subdir.mk:40: Src/SysTick_Delay.o] Error 1
make: *** Waiting for unfinished jobs....
make: *** [Src/subdir.mk:40: Src/SysTick_program.o] Error 1
"make -j4 all" terminated with exit code 2. Build might be incomplete.
19:41:35 **** Incremental Build of configuration Debug for project Assign1_CommBetwn2Board_f103 ****
make -j4 all 
arm-none-eabi-gcc "../Src/SysTick_Delay.c" -mcpu=cortex-m3 -std=gnu11 -g3 -DDEBUG -DSTM32 -DSTM32F1 -DSTM32F103C8Tx -c -I../Inc -O0 -ffunction-sections -fdata-sections -Wall -fstack-usage -fcyclomatic-complexity -MMD -MP -MF"Src/SysTick_Delay.d" -MT"Src/SysTick_Delay.o" --specs=nano.specs -mfloat-abi=soft -mthumb -o "Src/SysTick_Delay.o"
arm-none-eabi-gcc "../Src/SysTick_program.c" -mcpu=cortex-m3 -std=gnu11 -g3 -DDEBUG -DSTM32 -DSTM32F1 -DSTM32F103C8Tx -c -I../Inc -O0 -ffunction-sections -fdata-sections -Wall -fstack-usage -fcyclomatic-complexity -MMD -MP -MF"Src/SysTick_program.d" -MT"Src/SysTick_program.o" --specs=nano.specs -mfloat-abi=soft -mthumb -o "Src/SysTick_program.o"
arm-none-eabi-gcc "../Src/sysmem.c" -mcpu=cortex-m3 -std=gnu11 -g3 -DDEBUG -DSTM32 -DSTM32F1 -DSTM32F103C8Tx -c -I../Inc -O0 -ffunction-sections -fdata-sections -Wall -fstack-usage -fcyclomatic-complexity -MMD -MP -MF"Src/sysmem.d" -MT"Src/sysmem.o" --specs=nano.specs -mfloat-abi=soft -mthumb -o "Src/sysmem.o"
arm-none-eabi-gcc -o "Assign1_CommBetwn2Board_f103.elf" @"objects.list"   -mcpu=cortex-m3 -T"F:\Embedded ARM\STM32 Projects\Assign1_CommBetwn2Board_f103\STM32F103C8TX_FLASH.ld" --specs=nosys.specs -Wl,-Map="Assign1_CommBetwn2Board_f103.map" -Wl,--gc-sections -static --specs=nano.specs -mfloat-abi=soft -mthumb -Wl,--start-group -lc -lm -Wl,--end-group
Finished building target: Assign1_CommBetwn2Board_f103.elf
 
arm-none-eabi-size   Assign1_CommBetwn2Board_f103.elf 
arm-none-eabi-objdump -h -S  Assign1_CommBetwn2Board_f103.elf  > "Assign1_CommBetwn2Board_f103.list"
   text	   data	    bss	    dec	    hex	filename
   2332	     44	   1572	   3948	    f6c	Assign1_CommBetwn2Board_f103.elf
Finished building: default.size.stdout
Finished building: Assign1_CommBetwn2Board_f103.list
 
 
19:41:43 **** Incremental Build of configuration Debug for project Assign1_CommBetwn2Board_f103 ****
make -j4 all 
arm-none-eabi-size   Assign1_CommBetwn2Board_f103.elf 
   text	   data	    bss	    dec	    hex	filename
   2332	     44	   1572	   3948	    f6c	Assign1_CommBetwn2Board_f103.elf
Finished building: default.size.stdout
 
19:49:47 **** Incremental Build of configuration Debug for project Assign1_CommBetwn2Board_f446 ****
make -j4 all 
arm-none-eabi-gcc "../Src/GPIO_program.c" -mcpu=cortex-m4 -std=gnu11 -g3 -DDEBUG -DSTM32 -DSTM32F4 -DSTM32F446RETx -DNUCLEO_F446RE -c -I../Inc -O0 -ffunction-sections -fdata-sections -Wall -fstack-usage -fcyclomatic-complexity -MMD -MP -MF"Src/GPIO_program.d" -MT"Src/GPIO_program.o" --specs=nano.specs -mfpu=fpv4-sp-d16 -mfloat-abi=hard -mthumb -o "Src/GPIO_program.o"
arm-none-eabi-gcc "../Src/RCC_program.c" -mcpu=cortex-m4 -std=gnu11 -g3 -DDEBUG -DSTM32 -DSTM32F4 -DSTM32F446RETx -DNUCLEO_F446RE -c -I../Inc -O0 -ffunction-sections -fdata-sections -Wall -fstack-usage -fcyclomatic-complexity -MMD -MP -MF"Src/RCC_program.d" -MT"Src/RCC_program.o" --specs=nano.specs -mfpu=fpv4-sp-d16 -mfloat-abi=hard -mthumb -o "Src/RCC_program.o"
arm-none-eabi-gcc "../Src/SysTick_Delay.c" -mcpu=cortex-m4 -std=gnu11 -g3 -DDEBUG -DSTM32 -DSTM32F4 -DSTM32F446RETx -DNUCLEO_F446RE -c -I../Inc -O0 -ffunction-sections -fdata-sections -Wall -fstack-usage -fcyclomatic-complexity -MMD -MP -MF"Src/SysTick_Delay.d" -MT"Src/SysTick_Delay.o" --specs=nano.specs -mfpu=fpv4-sp-d16 -mfloat-abi=hard -mthumb -o "Src/SysTick_Delay.o"
arm-none-eabi-gcc "../Src/SysTick_program.c" -mcpu=cortex-m4 -std=gnu11 -g3 -DDEBUG -DSTM32 -DSTM32F4 -DSTM32F446RETx -DNUCLEO_F446RE -c -I../Inc -O0 -ffunction-sections -fdata-sections -Wall -fstack-usage -fcyclomatic-complexity -MMD -MP -MF"Src/SysTick_program.d" -MT"Src/SysTick_program.o" --specs=nano.specs -mfpu=fpv4-sp-d16 -mfloat-abi=hard -mthumb -o "Src/SysTick_program.o"
../Src/GPIO_program.c: In function 'GPIO_u8PinInit':
../Src/GPIO_program.c:33:15: warning: comparison between pointer and integer
   33 |  if(PinConfig != NULL)
      |               ^~
../Src/SysTick_program.c: In function 'SysTick_u8SetClkSrc':
../Src/SysTick_program.c:28:2: error: 'SYSTICK' undeclared (first use in this function)
   28 |  SYSTICK->CSR &= ~(SYST_CLKSRC_MASK << SYST_CLKSRC_SHIFT);
      |  ^~~~~~~
../Src/SysTick_program.c:28:2: note: each undeclared identifier is reported only once for each function it appears in
../Src/SysTick_program.c: In function 'SysTick_u8ClkControl':
../Src/SysTick_program.c:44:2: error: 'SYSTICK' undeclared (first use in this function)
   44 |  SYSTICK->CSR &= ~(SYST_ENABLE_MASK);
      |  ^~~~~~~
../Src/SysTick_program.c: In function 'SysTick_u8ReadClkValue':
../Src/SysTick_program.c:60:17: error: 'SYSTICK' undeclared (first use in this function)
   60 |  *Copy_u32Val = SYSTICK->CVR;
      |                 ^~~~~~~
../Src/SysTick_program.c: In function 'SysTick_u8GetCounterFlag':
../Src/SysTick_program.c:68:19: error: 'SYSTICK' undeclared (first use in this function)
   68 |  Local_u8Flag = ((SYSTICK->CSR >> SYST_COUNT_FLAG_SHIFT)& SYST_COUNT_FLAG_ANDIG);
      |                   ^~~~~~~
../Src/SysTick_program.c: In function 'SysTick_u8SetPreloadVal':
../Src/SysTick_program.c:77:2: error: 'SYSTICK' undeclared (first use in this function)
   77 |  SYSTICK->RVR = Copy_u32PreloadVal;
      |  ^~~~~~~
make: *** [Src/subdir.mk:37: Src/SysTick_program.o] Error 1
make: *** Waiting for unfinished jobs....
"make -j4 all" terminated with exit code 2. Build might be incomplete.
19:50:59 **** Incremental Build of configuration Debug for project Assign1_CommBetwn2Board_f446 ****
make -j4 all 
arm-none-eabi-gcc "../Src/GPIO_program.c" -mcpu=cortex-m4 -std=gnu11 -g3 -DDEBUG -DSTM32 -DSTM32F4 -DSTM32F446RETx -DNUCLEO_F446RE -c -I../Inc -O0 -ffunction-sections -fdata-sections -Wall -fstack-usage -fcyclomatic-complexity -MMD -MP -MF"Src/GPIO_program.d" -MT"Src/GPIO_program.o" --specs=nano.specs -mfpu=fpv4-sp-d16 -mfloat-abi=hard -mthumb -o "Src/GPIO_program.o"
arm-none-eabi-gcc "../Src/RCC_program.c" -mcpu=cortex-m4 -std=gnu11 -g3 -DDEBUG -DSTM32 -DSTM32F4 -DSTM32F446RETx -DNUCLEO_F446RE -c -I../Inc -O0 -ffunction-sections -fdata-sections -Wall -fstack-usage -fcyclomatic-complexity -MMD -MP -MF"Src/RCC_program.d" -MT"Src/RCC_program.o" --specs=nano.specs -mfpu=fpv4-sp-d16 -mfloat-abi=hard -mthumb -o "Src/RCC_program.o"
arm-none-eabi-gcc "../Src/SysTick_Delay.c" -mcpu=cortex-m4 -std=gnu11 -g3 -DDEBUG -DSTM32 -DSTM32F4 -DSTM32F446RETx -DNUCLEO_F446RE -c -I../Inc -O0 -ffunction-sections -fdata-sections -Wall -fstack-usage -fcyclomatic-complexity -MMD -MP -MF"Src/SysTick_Delay.d" -MT"Src/SysTick_Delay.o" --specs=nano.specs -mfpu=fpv4-sp-d16 -mfloat-abi=hard -mthumb -o "Src/SysTick_Delay.o"
arm-none-eabi-gcc "../Src/SysTick_program.c" -mcpu=cortex-m4 -std=gnu11 -g3 -DDEBUG -DSTM32 -DSTM32F4 -DSTM32F446RETx -DNUCLEO_F446RE -c -I../Inc -O0 -ffunction-sections -fdata-sections -Wall -fstack-usage -fcyclomatic-complexity -MMD -MP -MF"Src/SysTick_program.d" -MT"Src/SysTick_program.o" --specs=nano.specs -mfpu=fpv4-sp-d16 -mfloat-abi=hard -mthumb -o "Src/SysTick_program.o"
../Src/GPIO_program.c: In function 'GPIO_u8PinInit':
../Src/GPIO_program.c:33:15: warning: comparison between pointer and integer
   33 |  if(PinConfig != NULL)
      |               ^~
arm-none-eabi-gcc "../Src/main.c" -mcpu=cortex-m4 -std=gnu11 -g3 -DDEBUG -DSTM32 -DSTM32F4 -DSTM32F446RETx -DNUCLEO_F446RE -c -I../Inc -O0 -ffunction-sections -fdata-sections -Wall -fstack-usage -fcyclomatic-complexity -MMD -MP -MF"Src/main.d" -MT"Src/main.o" --specs=nano.specs -mfpu=fpv4-sp-d16 -mfloat-abi=hard -mthumb -o "Src/main.o"
arm-none-eabi-gcc "../Src/syscalls.c" -mcpu=cortex-m4 -std=gnu11 -g3 -DDEBUG -DSTM32 -DSTM32F4 -DSTM32F446RETx -DNUCLEO_F446RE -c -I../Inc -O0 -ffunction-sections -fdata-sections -Wall -fstack-usage -fcyclomatic-complexity -MMD -MP -MF"Src/syscalls.d" -MT"Src/syscalls.o" --specs=nano.specs -mfpu=fpv4-sp-d16 -mfloat-abi=hard -mthumb -o "Src/syscalls.o"
arm-none-eabi-gcc "../Src/sysmem.c" -mcpu=cortex-m4 -std=gnu11 -g3 -DDEBUG -DSTM32 -DSTM32F4 -DSTM32F446RETx -DNUCLEO_F446RE -c -I../Inc -O0 -ffunction-sections -fdata-sections -Wall -fstack-usage -fcyclomatic-complexity -MMD -MP -MF"Src/sysmem.d" -MT"Src/sysmem.o" --specs=nano.specs -mfpu=fpv4-sp-d16 -mfloat-abi=hard -mthumb -o "Src/sysmem.o"
arm-none-eabi-gcc -o "Assign1_CommBetwn2Board_f446.elf" @"objects.list"   -mcpu=cortex-m4 -T"F:\Embedded ARM\STM32 Projects\Assign1_CommBetwn2Board_f446\STM32F446RETX_FLASH.ld" --specs=nosys.specs -Wl,-Map="Assign1_CommBetwn2Board_f446.map" -Wl,--gc-sections -static --specs=nano.specs -mfpu=fpv4-sp-d16 -mfloat-abi=hard -mthumb -Wl,--start-group -lc -lm -Wl,--end-group
Finished building target: Assign1_CommBetwn2Board_f446.elf
 
arm-none-eabi-size   Assign1_CommBetwn2Board_f446.elf 
arm-none-eabi-objdump -h -S  Assign1_CommBetwn2Board_f446.elf  > "Assign1_CommBetwn2Board_f446.list"
   text	   data	    bss	    dec	    hex	filename
   2416	     40	   1568	   4024	    fb8	Assign1_CommBetwn2Board_f446.elf
Finished building: default.size.stdout
 
Finished building: Assign1_CommBetwn2Board_f446.list
 
19:51:01 **** Incremental Build of configuration Debug for project SysTick_Driver_f4 ****
make -j4 all 
arm-none-eabi-size   SysTick_Driver_f4.elf 
   text	   data	    bss	    dec	    hex	filename
   2092	     40	   1568	   3700	    e74	SysTick_Driver_f4.elf
Finished building: default.size.stdout
 
19:51:20 **** Incremental Build of configuration Debug for project Assign1_CommBetwn2Board_f446 ****
make -j4 all 
arm-none-eabi-size   Assign1_CommBetwn2Board_f446.elf 
   text	   data	    bss	    dec	    hex	filename
   2416	     40	   1568	   4024	    fb8	Assign1_CommBetwn2Board_f446.elf
Finished building: default.size.stdout
 
19:52:17 **** Incremental Build of configuration Debug for project Assign1_CommBetwn2Board_f446 ****
make -j4 all 
arm-none-eabi-gcc "../Src/main.c" -mcpu=cortex-m4 -std=gnu11 -g3 -DDEBUG -DSTM32 -DSTM32F4 -DSTM32F446RETx -DNUCLEO_F446RE -c -I../Inc -O0 -ffunction-sections -fdata-sections -Wall -fstack-usage -fcyclomatic-complexity -MMD -MP -MF"Src/main.d" -MT"Src/main.o" --specs=nano.specs -mfpu=fpv4-sp-d16 -mfloat-abi=hard -mthumb -o "Src/main.o"
arm-none-eabi-gcc -o "Assign1_CommBetwn2Board_f446.elf" @"objects.list"   -mcpu=cortex-m4 -T"F:\Embedded ARM\STM32 Projects\Assign1_CommBetwn2Board_f446\STM32F446RETX_FLASH.ld" --specs=nosys.specs -Wl,-Map="Assign1_CommBetwn2Board_f446.map" -Wl,--gc-sections -static --specs=nano.specs -mfpu=fpv4-sp-d16 -mfloat-abi=hard -mthumb -Wl,--start-group -lc -lm -Wl,--end-group
Finished building target: Assign1_CommBetwn2Board_f446.elf
 
arm-none-eabi-size   Assign1_CommBetwn2Board_f446.elf 
arm-none-eabi-objdump -h -S  Assign1_CommBetwn2Board_f446.elf  > "Assign1_CommBetwn2Board_f446.list"
   text	   data	    bss	    dec	    hex	filename
   2416	     40	   1568	   4024	    fb8	Assign1_CommBetwn2Board_f446.elf
Finished building: default.size.stdout
 
Finished building: Assign1_CommBetwn2Board_f446.list
 
19:53:05 **** Incremental Build of configuration Debug for project Assign1_CommBetwn2Board_f446 ****
make -j4 all 
arm-none-eabi-size   Assign1_CommBetwn2Board_f446.elf 
   text	   data	    bss	    dec	    hex	filename
   2416	     40	   1568	   4024	    fb8	Assign1_CommBetwn2Board_f446.elf
Finished building: default.size.stdout
 
19:53:23 **** Incremental Build of configuration Debug for project Assign1_CommBetwn2Board_f446 ****
make -j4 all 
arm-none-eabi-size   Assign1_CommBetwn2Board_f446.elf 
   text	   data	    bss	    dec	    hex	filename
   2416	     40	   1568	   4024	    fb8	Assign1_CommBetwn2Board_f446.elf
Finished building: default.size.stdout
 
19:56:05 **** Build of configuration Debug for project Assign1_CommBetwn2Board_f103 ****
make -j4 all 
arm-none-eabi-gcc "../Src/main.c" -mcpu=cortex-m3 -std=gnu11 -g3 -DDEBUG -DSTM32 -DSTM32F1 -DSTM32F103C8Tx -c -I../Inc -O0 -ffunction-sections -fdata-sections -Wall -fstack-usage -fcyclomatic-complexity -MMD -MP -MF"Src/main.d" -MT"Src/main.o" --specs=nano.specs -mfloat-abi=soft -mthumb -o "Src/main.o"
arm-none-eabi-gcc -o "Assign1_CommBetwn2Board_f103.elf" @"objects.list"   -mcpu=cortex-m3 -T"F:\Embedded ARM\STM32 Projects\Assign1_CommBetwn2Board_f103\STM32F103C8TX_FLASH.ld" --specs=nosys.specs -Wl,-Map="Assign1_CommBetwn2Board_f103.map" -Wl,--gc-sections -static --specs=nano.specs -mfloat-abi=soft -mthumb -Wl,--start-group -lc -lm -Wl,--end-group
Finished building target: Assign1_CommBetwn2Board_f103.elf
 
arm-none-eabi-size   Assign1_CommBetwn2Board_f103.elf 
arm-none-eabi-objdump -h -S  Assign1_CommBetwn2Board_f103.elf  > "Assign1_CommBetwn2Board_f103.list"
   text	   data	    bss	    dec	    hex	filename
   2344	     44	   1572	   3960	    f78	Assign1_CommBetwn2Board_f103.elf
Finished building: default.size.stdout
 
Finished building: Assign1_CommBetwn2Board_f103.list
 
19:57:11 **** Incremental Build of configuration Debug for project Assign1_CommBetwn2Board_f446 ****
make -j4 all 
arm-none-eabi-gcc "../Src/main.c" -mcpu=cortex-m4 -std=gnu11 -g3 -DDEBUG -DSTM32 -DSTM32F4 -DSTM32F446RETx -DNUCLEO_F446RE -c -I../Inc -O0 -ffunction-sections -fdata-sections -Wall -fstack-usage -fcyclomatic-complexity -MMD -MP -MF"Src/main.d" -MT"Src/main.o" --specs=nano.specs -mfpu=fpv4-sp-d16 -mfloat-abi=hard -mthumb -o "Src/main.o"
arm-none-eabi-gcc -o "Assign1_CommBetwn2Board_f446.elf" @"objects.list"   -mcpu=cortex-m4 -T"F:\Embedded ARM\STM32 Projects\Assign1_CommBetwn2Board_f446\STM32F446RETX_FLASH.ld" --specs=nosys.specs -Wl,-Map="Assign1_CommBetwn2Board_f446.map" -Wl,--gc-sections -static --specs=nano.specs -mfpu=fpv4-sp-d16 -mfloat-abi=hard -mthumb -Wl,--start-group -lc -lm -Wl,--end-group
Finished building target: Assign1_CommBetwn2Board_f446.elf
 
arm-none-eabi-size   Assign1_CommBetwn2Board_f446.elf 
arm-none-eabi-objdump -h -S  Assign1_CommBetwn2Board_f446.elf  > "Assign1_CommBetwn2Board_f446.list"
   text	   data	    bss	    dec	    hex	filename
   2416	     40	   1568	   4024	    fb8	Assign1_CommBetwn2Board_f446.elf
Finished building: default.size.stdout
 
Finished building: Assign1_CommBetwn2Board_f446.list
 
19:58:04 **** Incremental Build of configuration Debug for project Assign1_CommBetwn2Board_f446 ****
make -j4 all 
arm-none-eabi-gcc "../Src/main.c" -mcpu=cortex-m4 -std=gnu11 -g3 -DDEBUG -DSTM32 -DSTM32F4 -DSTM32F446RETx -DNUCLEO_F446RE -c -I../Inc -O0 -ffunction-sections -fdata-sections -Wall -fstack-usage -fcyclomatic-complexity -MMD -MP -MF"Src/main.d" -MT"Src/main.o" --specs=nano.specs -mfpu=fpv4-sp-d16 -mfloat-abi=hard -mthumb -o "Src/main.o"
arm-none-eabi-gcc -o "Assign1_CommBetwn2Board_f446.elf" @"objects.list"   -mcpu=cortex-m4 -T"F:\Embedded ARM\STM32 Projects\Assign1_CommBetwn2Board_f446\STM32F446RETX_FLASH.ld" --specs=nosys.specs -Wl,-Map="Assign1_CommBetwn2Board_f446.map" -Wl,--gc-sections -static --specs=nano.specs -mfpu=fpv4-sp-d16 -mfloat-abi=hard -mthumb -Wl,--start-group -lc -lm -Wl,--end-group
Finished building target: Assign1_CommBetwn2Board_f446.elf
 
arm-none-eabi-size   Assign1_CommBetwn2Board_f446.elf 
arm-none-eabi-objdump -h -S  Assign1_CommBetwn2Board_f446.elf  > "Assign1_CommBetwn2Board_f446.list"
   text	   data	    bss	    dec	    hex	filename
   2424	     40	   1568	   4032	    fc0	Assign1_CommBetwn2Board_f446.elf
Finished building: default.size.stdout
 
Finished building: Assign1_CommBetwn2Board_f446.list
 
20:11:07 **** Incremental Build of configuration Debug for project Assign1_CommBetwn2Board_f103 ****
make -j4 all 
arm-none-eabi-gcc "../Src/main.c" -mcpu=cortex-m3 -std=gnu11 -g3 -DDEBUG -DSTM32 -DSTM32F1 -DSTM32F103C8Tx -c -I../Inc -O0 -ffunction-sections -fdata-sections -Wall -fstack-usage -fcyclomatic-complexity -MMD -MP -MF"Src/main.d" -MT"Src/main.o" --specs=nano.specs -mfloat-abi=soft -mthumb -o "Src/main.o"
arm-none-eabi-gcc -o "Assign1_CommBetwn2Board_f103.elf" @"objects.list"   -mcpu=cortex-m3 -T"F:\Embedded ARM\STM32 Projects\Assign1_CommBetwn2Board_f103\STM32F103C8TX_FLASH.ld" --specs=nosys.specs -Wl,-Map="Assign1_CommBetwn2Board_f103.map" -Wl,--gc-sections -static --specs=nano.specs -mfloat-abi=soft -mthumb -Wl,--start-group -lc -lm -Wl,--end-group
Finished building target: Assign1_CommBetwn2Board_f103.elf
 
arm-none-eabi-size   Assign1_CommBetwn2Board_f103.elf 
arm-none-eabi-objdump -h -S  Assign1_CommBetwn2Board_f103.elf  > "Assign1_CommBetwn2Board_f103.list"
   text	   data	    bss	    dec	    hex	filename
   2344	     44	   1572	   3960	    f78	Assign1_CommBetwn2Board_f103.elf
Finished building: default.size.stdout
Finished building: Assign1_CommBetwn2Board_f103.list
 
 
20:11:08 **** Incremental Build of configuration Debug for project Assign1_CommBetwn2Board_f446 ****
make -j4 all 
arm-none-eabi-gcc "../Src/main.c" -mcpu=cortex-m4 -std=gnu11 -g3 -DDEBUG -DSTM32 -DSTM32F4 -DSTM32F446RETx -DNUCLEO_F446RE -c -I../Inc -O0 -ffunction-sections -fdata-sections -Wall -fstack-usage -fcyclomatic-complexity -MMD -MP -MF"Src/main.d" -MT"Src/main.o" --specs=nano.specs -mfpu=fpv4-sp-d16 -mfloat-abi=hard -mthumb -o "Src/main.o"
arm-none-eabi-gcc -o "Assign1_CommBetwn2Board_f446.elf" @"objects.list"   -mcpu=cortex-m4 -T"F:\Embedded ARM\STM32 Projects\Assign1_CommBetwn2Board_f446\STM32F446RETX_FLASH.ld" --specs=nosys.specs -Wl,-Map="Assign1_CommBetwn2Board_f446.map" -Wl,--gc-sections -static --specs=nano.specs -mfpu=fpv4-sp-d16 -mfloat-abi=hard -mthumb -Wl,--start-group -lc -lm -Wl,--end-group
Finished building target: Assign1_CommBetwn2Board_f446.elf
 
arm-none-eabi-size   Assign1_CommBetwn2Board_f446.elf 
arm-none-eabi-objdump -h -S  Assign1_CommBetwn2Board_f446.elf  > "Assign1_CommBetwn2Board_f446.list"
   text	   data	    bss	    dec	    hex	filename
   2424	     40	   1568	   4032	    fc0	Assign1_CommBetwn2Board_f446.elf
Finished building: default.size.stdout
 
Finished building: Assign1_CommBetwn2Board_f446.list
 
20:11:12 **** Incremental Build of configuration Debug for project Assign1_CommBetwn2Board_f103 ****
make -j4 all 
arm-none-eabi-size   Assign1_CommBetwn2Board_f103.elf 
   text	   data	    bss	    dec	    hex	filename
   2344	     44	   1572	   3960	    f78	Assign1_CommBetwn2Board_f103.elf
Finished building: default.size.stdout
 
20:11:43 **** Incremental Build of configuration Debug for project Assign1_CommBetwn2Board_f446 ****
make -j4 all 
arm-none-eabi-size   Assign1_CommBetwn2Board_f446.elf 
   text	   data	    bss	    dec	    hex	filename
   2424	     40	   1568	   4032	    fc0	Assign1_CommBetwn2Board_f446.elf
Finished building: default.size.stdout
 
20:14:26 **** Incremental Build of configuration Debug for project Assign1_CommBetwn2Board_f446 ****
make -j4 all 
arm-none-eabi-gcc "../Src/main.c" -mcpu=cortex-m4 -std=gnu11 -g3 -DDEBUG -DSTM32 -DSTM32F4 -DSTM32F446RETx -DNUCLEO_F446RE -c -I../Inc -O0 -ffunction-sections -fdata-sections -Wall -fstack-usage -fcyclomatic-complexity -MMD -MP -MF"Src/main.d" -MT"Src/main.o" --specs=nano.specs -mfpu=fpv4-sp-d16 -mfloat-abi=hard -mthumb -o "Src/main.o"
arm-none-eabi-gcc -o "Assign1_CommBetwn2Board_f446.elf" @"objects.list"   -mcpu=cortex-m4 -T"F:\Embedded ARM\STM32 Projects\Assign1_CommBetwn2Board_f446\STM32F446RETX_FLASH.ld" --specs=nosys.specs -Wl,-Map="Assign1_CommBetwn2Board_f446.map" -Wl,--gc-sections -static --specs=nano.specs -mfpu=fpv4-sp-d16 -mfloat-abi=hard -mthumb -Wl,--start-group -lc -lm -Wl,--end-group
Finished building target: Assign1_CommBetwn2Board_f446.elf
 
arm-none-eabi-size   Assign1_CommBetwn2Board_f446.elf 
arm-none-eabi-objdump -h -S  Assign1_CommBetwn2Board_f446.elf  > "Assign1_CommBetwn2Board_f446.list"
   text	   data	    bss	    dec	    hex	filename
   2424	     40	   1568	   4032	    fc0	Assign1_CommBetwn2Board_f446.elf
Finished building: default.size.stdout
 
Finished building: Assign1_CommBetwn2Board_f446.list
 
20:17:02 **** Incremental Build of configuration Debug for project Assign1_CommBetwn2Board_f103 ****
make -j4 all 
arm-none-eabi-gcc "../Src/main.c" -mcpu=cortex-m3 -std=gnu11 -g3 -DDEBUG -DSTM32 -DSTM32F1 -DSTM32F103C8Tx -c -I../Inc -O0 -ffunction-sections -fdata-sections -Wall -fstack-usage -fcyclomatic-complexity -MMD -MP -MF"Src/main.d" -MT"Src/main.o" --specs=nano.specs -mfloat-abi=soft -mthumb -o "Src/main.o"
arm-none-eabi-gcc -o "Assign1_CommBetwn2Board_f103.elf" @"objects.list"   -mcpu=cortex-m3 -T"F:\Embedded ARM\STM32 Projects\Assign1_CommBetwn2Board_f103\STM32F103C8TX_FLASH.ld" --specs=nosys.specs -Wl,-Map="Assign1_CommBetwn2Board_f103.map" -Wl,--gc-sections -static --specs=nano.specs -mfloat-abi=soft -mthumb -Wl,--start-group -lc -lm -Wl,--end-group
Finished building target: Assign1_CommBetwn2Board_f103.elf
 
arm-none-eabi-size   Assign1_CommBetwn2Board_f103.elf 
arm-none-eabi-objdump -h -S  Assign1_CommBetwn2Board_f103.elf  > "Assign1_CommBetwn2Board_f103.list"
   text	   data	    bss	    dec	    hex	filename
   2352	     44	   1572	   3968	    f80	Assign1_CommBetwn2Board_f103.elf
Finished building: default.size.stdout
 
Finished building: Assign1_CommBetwn2Board_f103.list
 
20:18:37 **** Incremental Build of configuration Debug for project Assign1_CommBetwn2Board_f446 ****
make -j4 all 
arm-none-eabi-gcc "../Src/main.c" -mcpu=cortex-m4 -std=gnu11 -g3 -DDEBUG -DSTM32 -DSTM32F4 -DSTM32F446RETx -DNUCLEO_F446RE -c -I../Inc -O0 -ffunction-sections -fdata-sections -Wall -fstack-usage -fcyclomatic-complexity -MMD -MP -MF"Src/main.d" -MT"Src/main.o" --specs=nano.specs -mfpu=fpv4-sp-d16 -mfloat-abi=hard -mthumb -o "Src/main.o"
arm-none-eabi-gcc -o "Assign1_CommBetwn2Board_f446.elf" @"objects.list"   -mcpu=cortex-m4 -T"F:\Embedded ARM\STM32 Projects\Assign1_CommBetwn2Board_f446\STM32F446RETX_FLASH.ld" --specs=nosys.specs -Wl,-Map="Assign1_CommBetwn2Board_f446.map" -Wl,--gc-sections -static --specs=nano.specs -mfpu=fpv4-sp-d16 -mfloat-abi=hard -mthumb -Wl,--start-group -lc -lm -Wl,--end-group
Finished building target: Assign1_CommBetwn2Board_f446.elf
 
arm-none-eabi-size   Assign1_CommBetwn2Board_f446.elf 
arm-none-eabi-objdump -h -S  Assign1_CommBetwn2Board_f446.elf  > "Assign1_CommBetwn2Board_f446.list"
   text	   data	    bss	    dec	    hex	filename
   2424	     40	   1568	   4032	    fc0	Assign1_CommBetwn2Board_f446.elf
Finished building: default.size.stdout
 
Finished building: Assign1_CommBetwn2Board_f446.list
 
20:22:23 **** Incremental Build of configuration Debug for project Assign1_CommBetwn2Board_f103 ****
make -j4 all 
arm-none-eabi-gcc "../Src/main.c" -mcpu=cortex-m3 -std=gnu11 -g3 -DDEBUG -DSTM32 -DSTM32F1 -DSTM32F103C8Tx -c -I../Inc -O0 -ffunction-sections -fdata-sections -Wall -fstack-usage -fcyclomatic-complexity -MMD -MP -MF"Src/main.d" -MT"Src/main.o" --specs=nano.specs -mfloat-abi=soft -mthumb -o "Src/main.o"
arm-none-eabi-gcc -o "Assign1_CommBetwn2Board_f103.elf" @"objects.list"   -mcpu=cortex-m3 -T"F:\Embedded ARM\STM32 Projects\Assign1_CommBetwn2Board_f103\STM32F103C8TX_FLASH.ld" --specs=nosys.specs -Wl,-Map="Assign1_CommBetwn2Board_f103.map" -Wl,--gc-sections -static --specs=nano.specs -mfloat-abi=soft -mthumb -Wl,--start-group -lc -lm -Wl,--end-group
Finished building target: Assign1_CommBetwn2Board_f103.elf
 
arm-none-eabi-size   Assign1_CommBetwn2Board_f103.elf 
arm-none-eabi-objdump -h -S  Assign1_CommBetwn2Board_f103.elf  > "Assign1_CommBetwn2Board_f103.list"
   text	   data	    bss	    dec	    hex	filename
   2380	     44	   1572	   3996	    f9c	Assign1_CommBetwn2Board_f103.elf
Finished building: default.size.stdout
Finished building: Assign1_CommBetwn2Board_f103.list
 
 
20:22:24 **** Incremental Build of configuration Debug for project Assign1_CommBetwn2Board_f446 ****
make -j4 all 
arm-none-eabi-size   Assign1_CommBetwn2Board_f446.elf 
   text	   data	    bss	    dec	    hex	filename
   2424	     40	   1568	   4032	    fc0	Assign1_CommBetwn2Board_f446.elf
Finished building: default.size.stdout
 
20:22:28 **** Incremental Build of configuration Debug for project Assign1_CommBetwn2Board_f103 ****
make -j4 all 
arm-none-eabi-size   Assign1_CommBetwn2Board_f103.elf 
   text	   data	    bss	    dec	    hex	filename
   2380	     44	   1572	   3996	    f9c	Assign1_CommBetwn2Board_f103.elf
Finished building: default.size.stdout
 
20:26:16 **** Incremental Build of configuration Debug for project Assign1_CommBetwn2Board_f103 ****
make -j4 all 
arm-none-eabi-gcc "../Src/main.c" -mcpu=cortex-m3 -std=gnu11 -g3 -DDEBUG -DSTM32 -DSTM32F1 -DSTM32F103C8Tx -c -I../Inc -O0 -ffunction-sections -fdata-sections -Wall -fstack-usage -fcyclomatic-complexity -MMD -MP -MF"Src/main.d" -MT"Src/main.o" --specs=nano.specs -mfloat-abi=soft -mthumb -o "Src/main.o"
arm-none-eabi-gcc -o "Assign1_CommBetwn2Board_f103.elf" @"objects.list"   -mcpu=cortex-m3 -T"F:\Embedded ARM\STM32 Projects\Assign1_CommBetwn2Board_f103\STM32F103C8TX_FLASH.ld" --specs=nosys.specs -Wl,-Map="Assign1_CommBetwn2Board_f103.map" -Wl,--gc-sections -static --specs=nano.specs -mfloat-abi=soft -mthumb -Wl,--start-group -lc -lm -Wl,--end-group
Finished building target: Assign1_CommBetwn2Board_f103.elf
 
arm-none-eabi-size   Assign1_CommBetwn2Board_f103.elf 
arm-none-eabi-objdump -h -S  Assign1_CommBetwn2Board_f103.elf  > "Assign1_CommBetwn2Board_f103.list"
   text	   data	    bss	    dec	    hex	filename
   2392	     44	   1572	   4008	    fa8	Assign1_CommBetwn2Board_f103.elf
Finished building: default.size.stdout
 
Finished building: Assign1_CommBetwn2Board_f103.list
 
20:45:44 **** Incremental Build of configuration Debug for project Assign1_CommBetwn2Board_f446 ****
make -j4 all 
arm-none-eabi-gcc "../Src/main.c" -mcpu=cortex-m4 -std=gnu11 -g3 -DDEBUG -DSTM32 -DSTM32F4 -DSTM32F446RETx -DNUCLEO_F446RE -c -I../Inc -O0 -ffunction-sections -fdata-sections -Wall -fstack-usage -fcyclomatic-complexity -MMD -MP -MF"Src/main.d" -MT"Src/main.o" --specs=nano.specs -mfpu=fpv4-sp-d16 -mfloat-abi=hard -mthumb -o "Src/main.o"
arm-none-eabi-gcc -o "Assign1_CommBetwn2Board_f446.elf" @"objects.list"   -mcpu=cortex-m4 -T"F:\Embedded ARM\STM32 Projects\Assign1_CommBetwn2Board_f446\STM32F446RETX_FLASH.ld" --specs=nosys.specs -Wl,-Map="Assign1_CommBetwn2Board_f446.map" -Wl,--gc-sections -static --specs=nano.specs -mfpu=fpv4-sp-d16 -mfloat-abi=hard -mthumb -Wl,--start-group -lc -lm -Wl,--end-group
Finished building target: Assign1_CommBetwn2Board_f446.elf
 
arm-none-eabi-size   Assign1_CommBetwn2Board_f446.elf 
arm-none-eabi-objdump -h -S  Assign1_CommBetwn2Board_f446.elf  > "Assign1_CommBetwn2Board_f446.list"
   text	   data	    bss	    dec	    hex	filename
   2416	     40	   1568	   4024	    fb8	Assign1_CommBetwn2Board_f446.elf
Finished building: default.size.stdout
Finished building: Assign1_CommBetwn2Board_f446.list
 
 
20:46:04 **** Incremental Build of configuration Debug for project Assign1_CommBetwn2Board_f103 ****
make -j4 all 
arm-none-eabi-gcc "../Src/main.c" -mcpu=cortex-m3 -std=gnu11 -g3 -DDEBUG -DSTM32 -DSTM32F1 -DSTM32F103C8Tx -c -I../Inc -O0 -ffunction-sections -fdata-sections -Wall -fstack-usage -fcyclomatic-complexity -MMD -MP -MF"Src/main.d" -MT"Src/main.o" --specs=nano.specs -mfloat-abi=soft -mthumb -o "Src/main.o"
arm-none-eabi-gcc -o "Assign1_CommBetwn2Board_f103.elf" @"objects.list"   -mcpu=cortex-m3 -T"F:\Embedded ARM\STM32 Projects\Assign1_CommBetwn2Board_f103\STM32F103C8TX_FLASH.ld" --specs=nosys.specs -Wl,-Map="Assign1_CommBetwn2Board_f103.map" -Wl,--gc-sections -static --specs=nano.specs -mfloat-abi=soft -mthumb -Wl,--start-group -lc -lm -Wl,--end-group
Finished building target: Assign1_CommBetwn2Board_f103.elf
 
arm-none-eabi-size   Assign1_CommBetwn2Board_f103.elf 
arm-none-eabi-objdump -h -S  Assign1_CommBetwn2Board_f103.elf  > "Assign1_CommBetwn2Board_f103.list"
   text	   data	    bss	    dec	    hex	filename
   2448	     44	   1572	   4064	    fe0	Assign1_CommBetwn2Board_f103.elf
Finished building: default.size.stdout
 
Finished building: Assign1_CommBetwn2Board_f103.list
 
20:47:36 **** Incremental Build of configuration Debug for project Assign1_CommBetwn2Board_f103 ****
make -j4 all 
arm-none-eabi-gcc "../Src/main.c" -mcpu=cortex-m3 -std=gnu11 -g3 -DDEBUG -DSTM32 -DSTM32F1 -DSTM32F103C8Tx -c -I../Inc -O0 -ffunction-sections -fdata-sections -Wall -fstack-usage -fcyclomatic-complexity -MMD -MP -MF"Src/main.d" -MT"Src/main.o" --specs=nano.specs -mfloat-abi=soft -mthumb -o "Src/main.o"
arm-none-eabi-gcc -o "Assign1_CommBetwn2Board_f103.elf" @"objects.list"   -mcpu=cortex-m3 -T"F:\Embedded ARM\STM32 Projects\Assign1_CommBetwn2Board_f103\STM32F103C8TX_FLASH.ld" --specs=nosys.specs -Wl,-Map="Assign1_CommBetwn2Board_f103.map" -Wl,--gc-sections -static --specs=nano.specs -mfloat-abi=soft -mthumb -Wl,--start-group -lc -lm -Wl,--end-group
Finished building target: Assign1_CommBetwn2Board_f103.elf
 
arm-none-eabi-size   Assign1_CommBetwn2Board_f103.elf 
arm-none-eabi-objdump -h -S  Assign1_CommBetwn2Board_f103.elf  > "Assign1_CommBetwn2Board_f103.list"
   text	   data	    bss	    dec	    hex	filename
   2396	     44	   1572	   4012	    fac	Assign1_CommBetwn2Board_f103.elf
Finished building: default.size.stdout
Finished building: Assign1_CommBetwn2Board_f103.list
 
 
20:51:35 **** Incremental Build of configuration Debug for project Assign1_CommBetwn2Board_f446 ****
make -j4 all 
arm-none-eabi-gcc "../Src/main.c" -mcpu=cortex-m4 -std=gnu11 -g3 -DDEBUG -DSTM32 -DSTM32F4 -DSTM32F446RETx -DNUCLEO_F446RE -c -I../Inc -O0 -ffunction-sections -fdata-sections -Wall -fstack-usage -fcyclomatic-complexity -MMD -MP -MF"Src/main.d" -MT"Src/main.o" --specs=nano.specs -mfpu=fpv4-sp-d16 -mfloat-abi=hard -mthumb -o "Src/main.o"
arm-none-eabi-gcc -o "Assign1_CommBetwn2Board_f446.elf" @"objects.list"   -mcpu=cortex-m4 -T"F:\Embedded ARM\STM32 Projects\Assign1_CommBetwn2Board_f446\STM32F446RETX_FLASH.ld" --specs=nosys.specs -Wl,-Map="Assign1_CommBetwn2Board_f446.map" -Wl,--gc-sections -static --specs=nano.specs -mfpu=fpv4-sp-d16 -mfloat-abi=hard -mthumb -Wl,--start-group -lc -lm -Wl,--end-group
Finished building target: Assign1_CommBetwn2Board_f446.elf
 
arm-none-eabi-size   Assign1_CommBetwn2Board_f446.elf 
arm-none-eabi-objdump -h -S  Assign1_CommBetwn2Board_f446.elf  > "Assign1_CommBetwn2Board_f446.list"
   text	   data	    bss	    dec	    hex	filename
   2464	     40	   1568	   4072	    fe8	Assign1_CommBetwn2Board_f446.elf
Finished building: default.size.stdout
 
Finished building: Assign1_CommBetwn2Board_f446.list
 
20:56:21 **** Incremental Build of configuration Debug for project Assign1_CommBetwn2Board_f446 ****
make -j4 all 
arm-none-eabi-gcc "../Src/main.c" -mcpu=cortex-m4 -std=gnu11 -g3 -DDEBUG -DSTM32 -DSTM32F4 -DSTM32F446RETx -DNUCLEO_F446RE -c -I../Inc -O0 -ffunction-sections -fdata-sections -Wall -fstack-usage -fcyclomatic-complexity -MMD -MP -MF"Src/main.d" -MT"Src/main.o" --specs=nano.specs -mfpu=fpv4-sp-d16 -mfloat-abi=hard -mthumb -o "Src/main.o"
arm-none-eabi-gcc -o "Assign1_CommBetwn2Board_f446.elf" @"objects.list"   -mcpu=cortex-m4 -T"F:\Embedded ARM\STM32 Projects\Assign1_CommBetwn2Board_f446\STM32F446RETX_FLASH.ld" --specs=nosys.specs -Wl,-Map="Assign1_CommBetwn2Board_f446.map" -Wl,--gc-sections -static --specs=nano.specs -mfpu=fpv4-sp-d16 -mfloat-abi=hard -mthumb -Wl,--start-group -lc -lm -Wl,--end-group
Finished building target: Assign1_CommBetwn2Board_f446.elf
 
arm-none-eabi-size   Assign1_CommBetwn2Board_f446.elf 
arm-none-eabi-objdump -h -S  Assign1_CommBetwn2Board_f446.elf  > "Assign1_CommBetwn2Board_f446.list"
   text	   data	    bss	    dec	    hex	filename
   2472	     40	   1568	   4080	    ff0	Assign1_CommBetwn2Board_f446.elf
Finished building: default.size.stdout
 
Finished building: Assign1_CommBetwn2Board_f446.list
 
20:57:51 **** Incremental Build of configuration Debug for project Assign1_CommBetwn2Board_f446 ****
make -j4 all 
arm-none-eabi-gcc "../Src/main.c" -mcpu=cortex-m4 -std=gnu11 -g3 -DDEBUG -DSTM32 -DSTM32F4 -DSTM32F446RETx -DNUCLEO_F446RE -c -I../Inc -O0 -ffunction-sections -fdata-sections -Wall -fstack-usage -fcyclomatic-complexity -MMD -MP -MF"Src/main.d" -MT"Src/main.o" --specs=nano.specs -mfpu=fpv4-sp-d16 -mfloat-abi=hard -mthumb -o "Src/main.o"
arm-none-eabi-gcc -o "Assign1_CommBetwn2Board_f446.elf" @"objects.list"   -mcpu=cortex-m4 -T"F:\Embedded ARM\STM32 Projects\Assign1_CommBetwn2Board_f446\STM32F446RETX_FLASH.ld" --specs=nosys.specs -Wl,-Map="Assign1_CommBetwn2Board_f446.map" -Wl,--gc-sections -static --specs=nano.specs -mfpu=fpv4-sp-d16 -mfloat-abi=hard -mthumb -Wl,--start-group -lc -lm -Wl,--end-group
Finished building target: Assign1_CommBetwn2Board_f446.elf
 
arm-none-eabi-size   Assign1_CommBetwn2Board_f446.elf 
arm-none-eabi-objdump -h -S  Assign1_CommBetwn2Board_f446.elf  > "Assign1_CommBetwn2Board_f446.list"
   text	   data	    bss	    dec	    hex	filename
   2464	     40	   1568	   4072	    fe8	Assign1_CommBetwn2Board_f446.elf
Finished building: default.size.stdout
 
Finished building: Assign1_CommBetwn2Board_f446.list
 
20:59:54 **** Incremental Build of configuration Debug for project Assign1_CommBetwn2Board_f103 ****
make -j4 all 
arm-none-eabi-gcc "../Src/main.c" -mcpu=cortex-m3 -std=gnu11 -g3 -DDEBUG -DSTM32 -DSTM32F1 -DSTM32F103C8Tx -c -I../Inc -O0 -ffunction-sections -fdata-sections -Wall -fstack-usage -fcyclomatic-complexity -MMD -MP -MF"Src/main.d" -MT"Src/main.o" --specs=nano.specs -mfloat-abi=soft -mthumb -o "Src/main.o"
arm-none-eabi-gcc -o "Assign1_CommBetwn2Board_f103.elf" @"objects.list"   -mcpu=cortex-m3 -T"F:\Embedded ARM\STM32 Projects\Assign1_CommBetwn2Board_f103\STM32F103C8TX_FLASH.ld" --specs=nosys.specs -Wl,-Map="Assign1_CommBetwn2Board_f103.map" -Wl,--gc-sections -static --specs=nano.specs -mfloat-abi=soft -mthumb -Wl,--start-group -lc -lm -Wl,--end-group
Finished building target: Assign1_CommBetwn2Board_f103.elf
 
arm-none-eabi-size   Assign1_CommBetwn2Board_f103.elf 
arm-none-eabi-objdump -h -S  Assign1_CommBetwn2Board_f103.elf  > "Assign1_CommBetwn2Board_f103.list"
   text	   data	    bss	    dec	    hex	filename
   2396	     44	   1572	   4012	    fac	Assign1_CommBetwn2Board_f103.elf
Finished building: default.size.stdout
 
Finished building: Assign1_CommBetwn2Board_f103.list
 
21:00:29 **** Incremental Build of configuration Debug for project Assign1_CommBetwn2Board_f446 ****
make -j4 all 
[...]
"make -j4 all" terminated with exit code 2. Build might be incomplete.
01:02:08 **** Incremental Build of configuration Debug for project Deployment_test4 ****
make -j4 all 
arm-none-eabi-size   Deployment_test4.elf 
   text	   data	    bss	    dec	    hex	filename
  25140	   1472	   6048	  32660	   7f94	Deployment_test4.elf
Finished building: default.size.stdout
 
01:02:09 **** Incremental Build of configuration Debug for project Feature_Extraction ****
make -j4 all 
arm-none-eabi-gcc "../Src/main.c" -mcpu=cortex-m4 -std=gnu11 -g3 -DDEBUG -DSTM32 -DSTM32F4 -DSTM32F446RETx -DNUCLEO_F446RE -c -I../Inc -O0 -ffunction-sections -fdata-sections -Wall -fstack-usage -fcyclomatic-complexity -MMD -MP -MF"Src/main.d" -MT"Src/main.o" --specs=nano.specs -mfpu=fpv4-sp-d16 -mfloat-abi=soft -mthumb -o "Src/main.o"
../Src/main.c: In function 'main':
../Src/main.c:85:4: warning: variable 'Local_f32NormMean' set but not used [-Wunused-but-set-variable]
   85 |    Local_f32NormMean;
      |    ^~~~~~~~~~~~~~~~~
../Src/main.c:84:4: warning: variable 'Local_f32NormVar' set but not used [-Wunused-but-set-variable]
   84 |    Local_f32NormVar,
      |    ^~~~~~~~~~~~~~~~
../Src/main.c:83:4: warning: variable 'Local_f32NormRMS' set but not used [-Wunused-but-set-variable]
   83 |    Local_f32NormRMS,
      |    ^~~~~~~~~~~~~~~~
../Src/main.c:82:4: warning: variable 'Local_f32NormWVL' set but not used [-Wunused-but-set-variable]
   82 |    Local_f32NormWVL,
      |    ^~~~~~~~~~~~~~~~
../Src/main.c:81:4: warning: variable 'Local_f32NormZC' set but not used [-Wunused-but-set-variable]
   81 |    Local_f32NormZC,
      |    ^~~~~~~~~~~~~~~
../Src/main.c:80:9: warning: variable 'Local_f32NormSSC' set but not used [-Wunused-but-set-variable]
   80 |  float  Local_f32NormSSC,
      |         ^~~~~~~~~~~~~~~~
../Src/main.c:71:11: warning: unused variable 'test' [-Wunused-variable]
   71 |  uint32_t test[10] =  {1, 2, 4, 3, 1 ,-2, -4, -3, 1, 2};
      |           ^~~~
../Src/main.c:53:11: warning: unused variable 'Data1' [-Wunused-variable]
   53 |  uint32_t Data1[250] = { 0 ,   0,    0 ,   1  ,  0,    0,    2 ,   0 , 138   , 9,    0,    0,    0,    0,
      |           ^~~~~
arm-none-eabi-gcc -o "Feature_Extraction.elf" @"objects.list"   -mcpu=cortex-m4 -T"F:\Embedded ARM\STM32 Projects\Feature_Extraction\STM32F446RETX_FLASH.ld" --specs=nosys.specs -Wl,-Map="Feature_Extraction.map" -Wl,--gc-sections -static --specs=nano.specs -mfpu=fpv4-sp-d16 -mfloat-abi=soft -mthumb -Wl,--start-group -lc -lm -Wl,--end-group
Finished building target: Feature_Extraction.elf
 
arm-none-eabi-size   Feature_Extraction.elf 
arm-none-eabi-objdump -h -S  Feature_Extraction.elf  > "Feature_Extraction.list"
   text	   data	    bss	    dec	    hex	filename
  13272	    108	   1564	  14944	   3a60	Feature_Extraction.elf
Finished building: default.size.stdout
 
Finished building: Feature_Extraction.list
 
01:05:14 **** Incremental Build of configuration Debug for project Feature_Extraction ****
make -j4 all 
arm-none-eabi-gcc "../Src/main.c" -mcpu=cortex-m4 -std=gnu11 -g3 -DDEBUG -DSTM32 -DSTM32F4 -DSTM32F446RETx -DNUCLEO_F446RE -c -I../Inc -O0 -ffunction-sections -fdata-sections -Wall -fstack-usage -fcyclomatic-complexity -MMD -MP -MF"Src/main.d" -MT"Src/main.o" --specs=nano.specs -mfpu=fpv4-sp-d16 -mfloat-abi=soft -mthumb -o "Src/main.o"
../Src/main.c: In function 'main':
../Src/main.c:87:4: warning: variable 'Local_f32NormMean' set but not used [-Wunused-but-set-variable]
   87 |    Local_f32NormMean;
      |    ^~~~~~~~~~~~~~~~~
../Src/main.c:86:4: warning: variable 'Local_f32NormVar' set but not used [-Wunused-but-set-variable]
   86 |    Local_f32NormVar,
      |    ^~~~~~~~~~~~~~~~
../Src/main.c:85:4: warning: variable 'Local_f32NormRMS' set but not used [-Wunused-but-set-variable]
   85 |    Local_f32NormRMS,
      |    ^~~~~~~~~~~~~~~~
../Src/main.c:84:4: warning: variable 'Local_f32NormWVL' set but not used [-Wunused-but-set-variable]
   84 |    Local_f32NormWVL,
      |    ^~~~~~~~~~~~~~~~
../Src/main.c:83:4: warning: variable 'Local_f32NormZC' set but not used [-Wunused-but-set-variable]
   83 |    Local_f32NormZC,
      |    ^~~~~~~~~~~~~~~
../Src/main.c:82:9: warning: variable 'Local_f32NormSSC' set but not used [-Wunused-but-set-variable]
   82 |  float  Local_f32NormSSC,
      |         ^~~~~~~~~~~~~~~~
../Src/main.c:54:11: warning: unused variable 'Data1' [-Wunused-variable]
   54 |  uint32_t Data1[250] = { 0 ,   0,    0 ,   1  ,  0,    0,    2 ,   0 , 138   , 9,    0,    0,    0,    0,
      |           ^~~~~
arm-none-eabi-gcc -o "Feature_Extraction.elf" @"objects.list"   -mcpu=cortex-m4 -T"F:\Embedded ARM\STM32 Projects\Feature_Extraction\STM32F446RETX_FLASH.ld" --specs=nosys.specs -Wl,-Map="Feature_Extraction.map" -Wl,--gc-sections -static --specs=nano.specs -mfpu=fpv4-sp-d16 -mfloat-abi=soft -mthumb -Wl,--start-group -lc -lm -Wl,--end-group
Finished building target: Feature_Extraction.elf
 
arm-none-eabi-size   Feature_Extraction.elf 
arm-none-eabi-objdump -h -S  Feature_Extraction.elf  > "Feature_Extraction.list"
   text	   data	    bss	    dec	    hex	filename
  13200	    108	   1564	  14872	   3a18	Feature_Extraction.elf
Finished building: default.size.stdout
 
Finished building: Feature_Extraction.list
 
01:07:41 **** Incremental Build of configuration Debug for project Feature_Extraction ****
make -j4 all 
arm-none-eabi-gcc "../Src/main.c" -mcpu=cortex-m4 -std=gnu11 -g3 -DDEBUG -DSTM32 -DSTM32F4 -DSTM32F446RETx -DNUCLEO_F446RE -c -I../Inc -O0 -ffunction-sections -fdata-sections -Wall -fstack-usage -fcyclomatic-complexity -MMD -MP -MF"Src/main.d" -MT"Src/main.o" --specs=nano.specs -mfpu=fpv4-sp-d16 -mfloat-abi=soft -mthumb -o "Src/main.o"
../Src/main.c: In function 'main':
../Src/main.c:87:4: warning: variable 'Local_f32NormWVL' set but not used [-Wunused-but-set-variable]
   87 |    Local_f32NormWVL;
      |    ^~~~~~~~~~~~~~~~
../Src/main.c:86:4: warning: variable 'Local_f32NormZC' set but not used [-Wunused-but-set-variable]
   86 |    Local_f32NormZC,
      |    ^~~~~~~~~~~~~~~
../Src/main.c:85:4: warning: variable 'Local_f32NormSSC' set but not used [-Wunused-but-set-variable]
   85 |    Local_f32NormSSC,
      |    ^~~~~~~~~~~~~~~~
../Src/main.c:84:4: warning: variable 'Local_f32NormMean' set but not used [-Wunused-but-set-variable]
   84 |    Local_f32NormMean,
      |    ^~~~~~~~~~~~~~~~~
../Src/main.c:83:4: warning: variable 'Local_f32NormVar' set but not used [-Wunused-but-set-variable]
   83 |    Local_f32NormVar,
      |    ^~~~~~~~~~~~~~~~
../Src/main.c:82:9: warning: variable 'Local_f32NormRMS' set but not used [-Wunused-but-set-variable]
   82 |  float  Local_f32NormRMS,
      |         ^~~~~~~~~~~~~~~~
../Src/main.c:54:11: warning: unused variable 'Data1' [-Wunused-variable]
   54 |  uint32_t Data1[250] = { 0 ,   0,    0 ,   1  ,  0,    0,    2 ,   0 , 138   , 9,    0,    0,    0,    0,
      |           ^~~~~
arm-none-eabi-gcc -o "Feature_Extraction.elf" @"objects.list"   -mcpu=cortex-m4 -T"F:\Embedded ARM\STM32 Projects\Feature_Extraction\STM32F446RETX_FLASH.ld" --specs=nosys.specs -Wl,-Map="Feature_Extraction.map" -Wl,--gc-sections -static --specs=nano.specs -mfpu=fpv4-sp-d16 -mfloat-abi=soft -mthumb -Wl,--start-group -lc -lm -Wl,--end-group
Finished building target: Feature_Extraction.elf
 
arm-none-eabi-size   Feature_Extraction.elf 
arm-none-eabi-objdump -h -S  Feature_Extraction.elf  > "Feature_Extraction.list"
   text	   data	    bss	    dec	    hex	filename
  13200	    108	   1564	  14872	   3a18	Feature_Extraction.elf
Finished building: default.size.stdout
 
Finished building: Feature_Extraction.list
 
01:15:46 **** Incremental Build of configuration Debug for project Feature_Extraction ****
make -j4 all 
arm-none-eabi-gcc "../Src/main.c" -mcpu=cortex-m4 -std=gnu11 -g3 -DDEBUG -DSTM32 -DSTM32F4 -DSTM32F446RETx -DNUCLEO_F446RE -c -I../Inc -O0 -ffunction-sections -fdata-sections -Wall -fstack-usage -fcyclomatic-complexity -MMD -MP -MF"Src/main.d" -MT"Src/main.o" --specs=nano.specs -mfpu=fpv4-sp-d16 -mfloat-abi=soft -mthumb -o "Src/main.o"
../Src/main.c: In function 'main':
../Src/main.c:111:4: warning: variable 'Local_f32NormWVL' set but not used [-Wunused-but-set-variable]
  111 |    Local_f32NormWVL;
      |    ^~~~~~~~~~~~~~~~
../Src/main.c:110:4: warning: variable 'Local_f32NormZC' set but not used [-Wunused-but-set-variable]
  110 |    Local_f32NormZC,
      |    ^~~~~~~~~~~~~~~
../Src/main.c:109:4: warning: variable 'Local_f32NormSSC' set but not used [-Wunused-but-set-variable]
  109 |    Local_f32NormSSC,
      |    ^~~~~~~~~~~~~~~~
../Src/main.c:108:4: warning: variable 'Local_f32NormMean' set but not used [-Wunused-but-set-variable]
  108 |    Local_f32NormMean,
      |    ^~~~~~~~~~~~~~~~~
../Src/main.c:107:4: warning: variable 'Local_f32NormVar' set but not used [-Wunused-but-set-variable]
  107 |    Local_f32NormVar,
      |    ^~~~~~~~~~~~~~~~
../Src/main.c:106:9: warning: variable 'Local_f32NormRMS' set but not used [-Wunused-but-set-variable]
  106 |  float  Local_f32NormRMS,
      |         ^~~~~~~~~~~~~~~~
arm-none-eabi-gcc -o "Feature_Extraction.elf" @"objects.list"   -mcpu=cortex-m4 -T"F:\Embedded ARM\STM32 Projects\Feature_Extraction\STM32F446RETX_FLASH.ld" --specs=nosys.specs -Wl,-Map="Feature_Extraction.map" -Wl,--gc-sections -static --specs=nano.specs -mfpu=fpv4-sp-d16 -mfloat-abi=soft -mthumb -Wl,--start-group -lc -lm -Wl,--end-group
Finished building target: Feature_Extraction.elf
 
arm-none-eabi-size   Feature_Extraction.elf 
arm-none-eabi-objdump -h -S  Feature_Extraction.elf  > "Feature_Extraction.list"
   text	   data	    bss	    dec	    hex	filename
  12160	    108	   1564	  13832	   3608	Feature_Extraction.elf
Finished building: default.size.stdout
 
Finished building: Feature_Extraction.list
 
01:30:57 **** Incremental Build of configuration Debug for project Feature_Extraction ****
make -j4 all 
arm-none-eabi-gcc "../Src/NORM_program.c" -mcpu=cortex-m4 -std=gnu11 -g3 -DDEBUG -DSTM32 -DSTM32F4 -DSTM32F446RETx -DNUCLEO_F446RE -c -I../Inc -O0 -ffunction-sections -fdata-sections -Wall -fstack-usage -fcyclomatic-complexity -MMD -MP -MF"Src/NORM_program.d" -MT"Src/NORM_program.o" --specs=nano.specs -mfpu=fpv4-sp-d16 -mfloat-abi=soft -mthumb -o "Src/NORM_program.o"
arm-none-eabi-gcc -o "Feature_Extraction.elf" @"objects.list"   -mcpu=cortex-m4 -T"F:\Embedded ARM\STM32 Projects\Feature_Extraction\STM32F446RETX_FLASH.ld" --specs=nosys.specs -Wl,-Map="Feature_Extraction.map" -Wl,--gc-sections -static --specs=nano.specs -mfpu=fpv4-sp-d16 -mfloat-abi=soft -mthumb -Wl,--start-group -lc -lm -Wl,--end-group
Finished building target: Feature_Extraction.elf
 
arm-none-eabi-size   Feature_Extraction.elf 
arm-none-eabi-objdump -h -S  Feature_Extraction.elf  > "Feature_Extraction.list"
   text	   data	    bss	    dec	    hex	filename
  12216	    108	   1564	  13888	   3640	Feature_Extraction.elf
Finished building: default.size.stdout
 
Finished building: Feature_Extraction.list
 
01:34:45 **** Incremental Build of configuration Debug for project Feature_Extraction ****
make -j4 all 
arm-none-eabi-gcc "../Src/NORM_program.c" -mcpu=cortex-m4 -std=gnu11 -g3 -DDEBUG -DSTM32 -DSTM32F4 -DSTM32F446RETx -DNUCLEO_F446RE -c -I../Inc -O0 -ffunction-sections -fdata-sections -Wall -fstack-usage -fcyclomatic-complexity -MMD -MP -MF"Src/NORM_program.d" -MT"Src/NORM_program.o" --specs=nano.specs -mfpu=fpv4-sp-d16 -mfloat-abi=soft -mthumb -o "Src/NORM_program.o"
arm-none-eabi-gcc "../Src/main.c" -mcpu=cortex-m4 -std=gnu11 -g3 -DDEBUG -DSTM32 -DSTM32F4 -DSTM32F446RETx -DNUCLEO_F446RE -c -I../Inc -O0 -ffunction-sections -fdata-sections -Wall -fstack-usage -fcyclomatic-complexity -MMD -MP -MF"Src/main.d" -MT"Src/main.o" --specs=nano.specs -mfpu=fpv4-sp-d16 -mfloat-abi=soft -mthumb -o "Src/main.o"
../Src/main.c: In function 'main':
../Src/main.c:111:4: warning: variable 'Local_f32NormWVL' set but not used [-Wunused-but-set-variable]
  111 |    Local_f32NormWVL;
      |    ^~~~~~~~~~~~~~~~
../Src/main.c:110:4: warning: variable 'Local_f32NormZC' set but not used [-Wunused-but-set-variable]
  110 |    Local_f32NormZC,
      |    ^~~~~~~~~~~~~~~
../Src/main.c:109:4: warning: variable 'Local_f32NormSSC' set but not used [-Wunused-but-set-variable]
  109 |    Local_f32NormSSC,
      |    ^~~~~~~~~~~~~~~~
../Src/main.c:108:4: warning: variable 'Local_f32NormMean' set but not used [-Wunused-but-set-variable]
  108 |    Local_f32NormMean,
      |    ^~~~~~~~~~~~~~~~~
../Src/main.c:107:4: warning: variable 'Local_f32NormVar' set but not used [-Wunused-but-set-variable]
  107 |    Local_f32NormVar,
      |    ^~~~~~~~~~~~~~~~
../Src/main.c:106:9: warning: variable 'Local_f32NormRMS' set but not used [-Wunused-but-set-variable]
  106 |  float  Local_f32NormRMS,
      |         ^~~~~~~~~~~~~~~~
arm-none-eabi-gcc -o "Feature_Extraction.elf" @"objects.list"   -mcpu=cortex-m4 -T"F:\Embedded ARM\STM32 Projects\Feature_Extraction\STM32F446RETX_FLASH.ld" --specs=nosys.specs -Wl,-Map="Feature_Extraction.map" -Wl,--gc-sections -static --specs=nano.specs -mfpu=fpv4-sp-d16 -mfloat-abi=soft -mthumb -Wl,--start-group -lc -lm -Wl,--end-group
Finished building target: Feature_Extraction.elf
 
arm-none-eabi-size   Feature_Extraction.elf 
arm-none-eabi-objdump -h -S  Feature_Extraction.elf  > "Feature_Extraction.list"
   text	   data	    bss	    dec	    hex	filename
  12160	    108	   1564	  13832	   3608	Feature_Extraction.elf
Finished building: default.size.stdout
 
Finished building: Feature_Extraction.list
 
17:18:23 **** Incremental Build of configuration Debug for project Feature_Extraction ****
make -j4 all 
arm-none-eabi-gcc "../Src/main.c" -mcpu=cortex-m4 -std=gnu11 -g3 -DDEBUG -DSTM32 -DSTM32F4 -DSTM32F446RETx -DNUCLEO_F446RE -c -I../Inc -O0 -ffunction-sections -fdata-sections -Wall -fstack-usage -fcyclomatic-complexity -MMD -MP -MF"Src/main.d" -MT"Src/main.o" --specs=nano.specs -mfpu=fpv4-sp-d16 -mfloat-abi=soft -mthumb -o "Src/main.o"
../Src/main.c: In function 'main':
../Src/main.c:111:4: warning: variable 'Local_f32NormWVL' set but not used [-Wunused-but-set-variable]
  111 |    Local_f32NormWVL;
      |    ^~~~~~~~~~~~~~~~
../Src/main.c:110:4: warning: variable 'Local_f32NormZC' set but not used [-Wunused-but-set-variable]
  110 |    Local_f32NormZC,
      |    ^~~~~~~~~~~~~~~
../Src/main.c:109:4: warning: variable 'Local_f32NormSSC' set but not used [-Wunused-but-set-variable]
  109 |    Local_f32NormSSC,
      |    ^~~~~~~~~~~~~~~~
../Src/main.c:108:4: warning: variable 'Local_f32NormMean' set but not used [-Wunused-but-set-variable]
  108 |    Local_f32NormMean,
      |    ^~~~~~~~~~~~~~~~~
../Src/main.c:107:4: warning: variable 'Local_f32NormVar' set but not used [-Wunused-but-set-variable]
  107 |    Local_f32NormVar,
      |    ^~~~~~~~~~~~~~~~
../Src/main.c:106:9: warning: variable 'Local_f32NormRMS' set but not used [-Wunused-but-set-variable]
  106 |  float  Local_f32NormRMS,
      |         ^~~~~~~~~~~~~~~~
../Src/main.c:28:11: warning: unused variable 'Data0' [-Wunused-variable]
   28 |  uint32_t Data0[250] = {0   , 0  , 0  , 0  , 96 , 94 , 0  , 3  , 5   , 20  ,
      |           ^~~~~
arm-none-eabi-gcc -o "Feature_Extraction.elf" @"objects.list"   -mcpu=cortex-m4 -T"F:\Embedded ARM\STM32 Projects\Feature_Extraction\STM32F446RETX_FLASH.ld" --specs=nosys.specs -Wl,-Map="Feature_Extraction.map" -Wl,--gc-sections -static --specs=nano.specs -mfpu=fpv4-sp-d16 -mfloat-abi=soft -mthumb -Wl,--start-group -lc -lm -Wl,--end-group
Finished building target: Feature_Extraction.elf
 
arm-none-eabi-size   Feature_Extraction.elf 
arm-none-eabi-objdump -h -S  Feature_Extraction.elf  > "Feature_Extraction.list"
   text	   data	    bss	    dec	    hex	filename
  13184	    108	   1564	  14856	   3a08	Feature_Extraction.elf
Finished building: default.size.stdout
Finished building: Feature_Extraction.list
 
 
17:22:37 **** Incremental Build of configuration Debug for project Deployment_test4 ****
make -j4 all 
arm-none-eabi-gcc "../Core/Src/main.c" -mcpu=cortex-m4 -std=gnu11 -g3 -DDEBUG -DUSE_HAL_DRIVER -DSTM32F446xx -c -I../Core/Inc -I../Middlewares/ST/AI/Inc -I../X-CUBE-AI/App -I"C:/Users/Hanin Anwar/STM32Cube/Repository/STM32Cube_FW_F4_V1.27.1/Drivers/STM32F4xx_HAL_Driver/Inc" -I"C:/Users/Hanin Anwar/STM32Cube/Repository/STM32Cube_FW_F4_V1.27.1/Drivers/STM32F4xx_HAL_Driver/Inc/Legacy" -I"C:/Users/Hanin Anwar/STM32Cube/Repository/STM32Cube_FW_F4_V1.27.1/Drivers/CMSIS/Device/ST/STM32F4xx/Include" -I"C:/Users/Hanin Anwar/STM32Cube/Repository/STM32Cube_FW_F4_V1.27.1/Drivers/CMSIS/Include" -I../X-CUBE-AI -O0 -ffunction-sections -fdata-sections -Wall -fstack-usage -fcyclomatic-complexity -MMD -MP -MF"Core/Src/main.d" -MT"Core/Src/main.o" --specs=nano.specs -mfpu=fpv4-sp-d16 -mfloat-abi=hard -mthumb -o "Core/Src/main.o"
../Core/Src/main.c: In function 'Model_Init':
../Core/Src/main.c:53:11: warning: variable 'err' set but not used [-Wunused-but-set-variable]
   53 |  ai_error err;
      |           ^~~
../Core/Src/main.c: In function 'Model_Run':
../Core/Src/main.c:66:11: warning: variable 'err' set but not used [-Wunused-but-set-variable]
   66 |  ai_error err;
      |           ^~~
arm-none-eabi-gcc -o "Deployment_test4.elf" @"objects.list"  -l:NetworkRuntime800_CM4_GCC.a -mcpu=cortex-m4 -T"F:\Embedded ARM\STM32 Projects\Deployment_test4\STM32F446RETX_FLASH.ld" --specs=nosys.specs -Wl,-Map="Deployment_test4.map" -Wl,--gc-sections -static -L../Middlewares/ST/AI/Lib --specs=nano.specs -mfpu=fpv4-sp-d16 -mfloat-abi=hard -mthumb -Wl,--start-group -lc -lm -Wl,--end-group
Finished building target: Deployment_test4.elf
 
arm-none-eabi-size   Deployment_test4.elf 
arm-none-eabi-objdump -h -S  Deployment_test4.elf  > "Deployment_test4.list"
   text	   data	    bss	    dec	    hex	filename
  25200	   1472	   6048	  32720	   7fd0	Deployment_test4.elf
Finished building: default.size.stdout
 
Finished building: Deployment_test4.list
 
17:25:56 **** Incremental Build of configuration Debug for project Deployment_test4 ****
make -j4 all 
arm-none-eabi-gcc "../Core/Src/main.c" -mcpu=cortex-m4 -std=gnu11 -g3 -DDEBUG -DUSE_HAL_DRIVER -DSTM32F446xx -c -I../Core/Inc -I../Middlewares/ST/AI/Inc -I../X-CUBE-AI/App -I"C:/Users/Hanin Anwar/STM32Cube/Repository/STM32Cube_FW_F4_V1.27.1/Drivers/STM32F4xx_HAL_Driver/Inc" -I"C:/Users/Hanin Anwar/STM32Cube/Repository/STM32Cube_FW_F4_V1.27.1/Drivers/STM32F4xx_HAL_Driver/Inc/Legacy" -I"C:/Users/Hanin Anwar/STM32Cube/Repository/STM32Cube_FW_F4_V1.27.1/Drivers/CMSIS/Device/ST/STM32F4xx/Include" -I"C:/Users/Hanin Anwar/STM32Cube/Repository/STM32Cube_FW_F4_V1.27.1/Drivers/CMSIS/Include" -I../X-CUBE-AI -O0 -ffunction-sections -fdata-sections -Wall -fstack-usage -fcyclomatic-complexity -MMD -MP -MF"Core/Src/main.d" -MT"Core/Src/main.o" --specs=nano.specs -mfpu=fpv4-sp-d16 -mfloat-abi=hard -mthumb -o "Core/Src/main.o"
../Core/Src/main.c: In function 'Model_Init':
../Core/Src/main.c:53:11: warning: variable 'err' set but not used [-Wunused-but-set-variable]
   53 |  ai_error err;
      |           ^~~
../Core/Src/main.c: In function 'Model_Run':
../Core/Src/main.c:66:11: warning: variable 'err' set but not used [-Wunused-but-set-variable]
   66 |  ai_error err;
      |           ^~~
arm-none-eabi-gcc -o "Deployment_test4.elf" @"objects.list"  -l:NetworkRuntime800_CM4_GCC.a -mcpu=cortex-m4 -T"F:\Embedded ARM\STM32 Projects\Deployment_test4\STM32F446RETX_FLASH.ld" --specs=nosys.specs -Wl,-Map="Deployment_test4.map" -Wl,--gc-sections -static -L../Middlewares/ST/AI/Lib --specs=nano.specs -mfpu=fpv4-sp-d16 -mfloat-abi=hard -mthumb -Wl,--start-group -lc -lm -Wl,--end-group
Finished building target: Deployment_test4.elf
 
arm-none-eabi-size   Deployment_test4.elf 
arm-none-eabi-objdump -h -S  Deployment_test4.elf  > "Deployment_test4.list"
   text	   data	    bss	    dec	    hex	filename
  25140	   1472	   6048	  32660	   7f94	Deployment_test4.elf
Finished building: default.size.stdout
 
Finished building: Deployment_test4.list
 
