20:51:29 **** Incremental Build of configuration Debug for project Session11_AccessLevels_T_bit ****
make -j4 all 
arm-none-eabi-gcc "../Src/main.c" -mcpu=cortex-m4 -std=gnu11 -g3 -DDEBUG -DSTM32 -DSTM32F4 -DSTM32F446RETx -DNUCLEO_F446RE -c -I../Inc -O0 -ffunction-sections -fdata-sections -Wall -fstack-usage -fcyclomatic-complexity -MMD -MP -MF"Src/main.d" -MT"Src/main.o" --specs=nano.specs -mfpu=fpv4-sp-d16 -mfloat-abi=hard -mthumb -o "Src/main.o"
arm-none-eabi-gcc -o "Session11_AccessLevels_T_bit.elf" @"objects.list"   -mcpu=cortex-m4 -T"F:\Embedded ARM\STM32 Projects\Session11_AccessLevels_T_bit\STM32F446RETX_FLASH.ld" --specs=nosys.specs -Wl,-Map="Session11_AccessLevels_T_bit.map" -Wl,--gc-sections -static --specs=nano.specs -mfpu=fpv4-sp-d16 -mfloat-abi=hard -mthumb -Wl,--start-group -lc -lm -Wl,--end-group
Finished building target: Session11_AccessLevels_T_bit.elf
 
arm-none-eabi-size   Session11_AccessLevels_T_bit.elf 
arm-none-eabi-objdump -h -S  Session11_AccessLevels_T_bit.elf  > "Session11_AccessLevels_T_bit.list"
   text	   data	    bss	    dec	    hex	filename
   3940	    108	   1588	   5636	   1604	Session11_AccessLevels_T_bit.elf
Finished building: default.size.stdout
 
Finished building: Session11_AccessLevels_T_bit.list
 

20:51:30 Build Finished. 0 errors, 0 warnings. (took 643ms)

